Archive member included to satisfy reference by file (symbol)

c:/st/stm32cubeide_1.10.1/stm32cubeide/plugins/com.st.stm32cube.ide.mcu.externaltools.gnu-tools-for-stm32.10.3-2021.10.win32_1.0.0.202111181127/tools/bin/../lib/gcc/arm-none-eabi/10.3.1/../../../../arm-none-eabi/lib/thumb/v7e-m+dp/hard\libstdc++_nano.a(pure.o)
                              ./Core/Src/ros_main.o (__cxa_pure_virtual)
c:/st/stm32cubeide_1.10.1/stm32cubeide/plugins/com.st.stm32cube.ide.mcu.externaltools.gnu-tools-for-stm32.10.3-2021.10.win32_1.0.0.202111181127/tools/bin/../lib/gcc/arm-none-eabi/10.3.1/../../../../arm-none-eabi/lib/thumb/v7e-m+dp/hard\libstdc++_nano.a(eh_terminate.o)
                              c:/st/stm32cubeide_1.10.1/stm32cubeide/plugins/com.st.stm32cube.ide.mcu.externaltools.gnu-tools-for-stm32.10.3-2021.10.win32_1.0.0.202111181127/tools/bin/../lib/gcc/arm-none-eabi/10.3.1/../../../../arm-none-eabi/lib/thumb/v7e-m+dp/hard\libstdc++_nano.a(pure.o) (std::terminate())
c:/st/stm32cubeide_1.10.1/stm32cubeide/plugins/com.st.stm32cube.ide.mcu.externaltools.gnu-tools-for-stm32.10.3-2021.10.win32_1.0.0.202111181127/tools/bin/../lib/gcc/arm-none-eabi/10.3.1/../../../../arm-none-eabi/lib/thumb/v7e-m+dp/hard\libstdc++_nano.a(eh_unex_handler.o)
                              c:/st/stm32cubeide_1.10.1/stm32cubeide/plugins/com.st.stm32cube.ide.mcu.externaltools.gnu-tools-for-stm32.10.3-2021.10.win32_1.0.0.202111181127/tools/bin/../lib/gcc/arm-none-eabi/10.3.1/../../../../arm-none-eabi/lib/thumb/v7e-m+dp/hard\libstdc++_nano.a(eh_terminate.o) (__cxxabiv1::__unexpected_handler)
c:/st/stm32cubeide_1.10.1/stm32cubeide/plugins/com.st.stm32cube.ide.mcu.externaltools.gnu-tools-for-stm32.10.3-2021.10.win32_1.0.0.202111181127/tools/bin/../lib/gcc/arm-none-eabi/10.3.1/../../../../arm-none-eabi/lib/thumb/v7e-m+dp/hard\libstdc++_nano.a(eh_term_handler.o)
                              c:/st/stm32cubeide_1.10.1/stm32cubeide/plugins/com.st.stm32cube.ide.mcu.externaltools.gnu-tools-for-stm32.10.3-2021.10.win32_1.0.0.202111181127/tools/bin/../lib/gcc/arm-none-eabi/10.3.1/../../../../arm-none-eabi/lib/thumb/v7e-m+dp/hard\libstdc++_nano.a(eh_terminate.o) (__cxxabiv1::__terminate_handler)
c:/st/stm32cubeide_1.10.1/stm32cubeide/plugins/com.st.stm32cube.ide.mcu.externaltools.gnu-tools-for-stm32.10.3-2021.10.win32_1.0.0.202111181127/tools/bin/../lib/gcc/arm-none-eabi/10.3.1/../../../../arm-none-eabi/lib/thumb/v7e-m+dp/hard\libc_nano.a(lib_a-abort.o)
                              c:/st/stm32cubeide_1.10.1/stm32cubeide/plugins/com.st.stm32cube.ide.mcu.externaltools.gnu-tools-for-stm32.10.3-2021.10.win32_1.0.0.202111181127/tools/bin/../lib/gcc/arm-none-eabi/10.3.1/../../../../arm-none-eabi/lib/thumb/v7e-m+dp/hard\libstdc++_nano.a(eh_terminate.o) (abort)
c:/st/stm32cubeide_1.10.1/stm32cubeide/plugins/com.st.stm32cube.ide.mcu.externaltools.gnu-tools-for-stm32.10.3-2021.10.win32_1.0.0.202111181127/tools/bin/../lib/gcc/arm-none-eabi/10.3.1/../../../../arm-none-eabi/lib/thumb/v7e-m+dp/hard\libc_nano.a(lib_a-errno.o)
                              ./Core/Src/syscalls.o (__errno)
c:/st/stm32cubeide_1.10.1/stm32cubeide/plugins/com.st.stm32cube.ide.mcu.externaltools.gnu-tools-for-stm32.10.3-2021.10.win32_1.0.0.202111181127/tools/bin/../lib/gcc/arm-none-eabi/10.3.1/../../../../arm-none-eabi/lib/thumb/v7e-m+dp/hard\libc_nano.a(lib_a-exit.o)
                              c:/st/stm32cubeide_1.10.1/stm32cubeide/plugins/com.st.stm32cube.ide.mcu.externaltools.gnu-tools-for-stm32.10.3-2021.10.win32_1.0.0.202111181127/tools/bin/../lib/gcc/arm-none-eabi/10.3.1/../../../../arm-none-eabi/lib/thumb/v7e-m+dp/hard/crt0.o (exit)
c:/st/stm32cubeide_1.10.1/stm32cubeide/plugins/com.st.stm32cube.ide.mcu.externaltools.gnu-tools-for-stm32.10.3-2021.10.win32_1.0.0.202111181127/tools/bin/../lib/gcc/arm-none-eabi/10.3.1/../../../../arm-none-eabi/lib/thumb/v7e-m+dp/hard\libc_nano.a(lib_a-impure.o)
                              c:/st/stm32cubeide_1.10.1/stm32cubeide/plugins/com.st.stm32cube.ide.mcu.externaltools.gnu-tools-for-stm32.10.3-2021.10.win32_1.0.0.202111181127/tools/bin/../lib/gcc/arm-none-eabi/10.3.1/../../../../arm-none-eabi/lib/thumb/v7e-m+dp/hard\libc_nano.a(lib_a-exit.o) (_global_impure_ptr)
c:/st/stm32cubeide_1.10.1/stm32cubeide/plugins/com.st.stm32cube.ide.mcu.externaltools.gnu-tools-for-stm32.10.3-2021.10.win32_1.0.0.202111181127/tools/bin/../lib/gcc/arm-none-eabi/10.3.1/../../../../arm-none-eabi/lib/thumb/v7e-m+dp/hard\libc_nano.a(lib_a-init.o)
                              c:/st/stm32cubeide_1.10.1/stm32cubeide/plugins/com.st.stm32cube.ide.mcu.externaltools.gnu-tools-for-stm32.10.3-2021.10.win32_1.0.0.202111181127/tools/bin/../lib/gcc/arm-none-eabi/10.3.1/../../../../arm-none-eabi/lib/thumb/v7e-m+dp/hard/crt0.o (__libc_init_array)
[...]
Memory Configuration

Name             Origin             Length             Attributes
ITCMRAM          0x0000000000000000 0x0000000000010000 xrw
DTCMRAM          0x0000000020000000 0x0000000000020000 xrw
FLASH            0x0000000008000000 0x0000000000100000 xr
RAM_D1           0x0000000024000000 0x0000000000050000 xrw
RAM_D2           0x0000000030000000 0x0000000000008000 xrw
RAM_D3           0x0000000038000000 0x0000000000004000 xrw
*default*        0x0000000000000000 0xffffffffffffffff

Linker script and memory map

LOAD c:/st/stm32cubeide_1.10.1/stm32cubeide/plugins/com.st.stm32cube.ide.mcu.externaltools.gnu-tools-for-stm32.10.3-2021.10.win32_1.0.0.202111181127/tools/bin/../lib/gcc/arm-none-eabi/10.3.1/thumb/v7e-m+dp/hard/crti.o
LOAD c:/st/stm32cubeide_1.10.1/stm32cubeide/plugins/com.st.stm32cube.ide.mcu.externaltools.gnu-tools-for-stm32.10.3-2021.10.win32_1.0.0.202111181127/tools/bin/../lib/gcc/arm-none-eabi/10.3.1/thumb/v7e-m+dp/hard/crtbegin.o
LOAD c:/st/stm32cubeide_1.10.1/stm32cubeide/plugins/com.st.stm32cube.ide.mcu.externaltools.gnu-tools-for-stm32.10.3-2021.10.win32_1.0.0.202111181127/tools/bin/../lib/gcc/arm-none-eabi/10.3.1/../../../../arm-none-eabi/lib/thumb/v7e-m+dp/hard/crt0.o
LOAD ./Core/Inc/duration.o
LOAD ./Core/Inc/time.o
LOAD ./Core/Src/dc_motor.o
LOAD ./Core/Src/debug.o
LOAD ./Core/Src/main.o
LOAD ./Core/Src/mainpp.o
LOAD ./Core/Src/mecanum.o
LOAD ./Core/Src/ros_main.o
LOAD ./Core/Src/scara.o
LOAD ./Core/Src/stepper.o
LOAD ./Core/Src/stm32h7xx_hal_msp.o
LOAD ./Core/Src/stm32h7xx_it.o
LOAD ./Core/Src/syscalls.o
LOAD ./Core/Src/sysmem.o
LOAD ./Core/Src/system_stm32h7xx.o
LOAD ./Core/Src/timer_elapse.o
LOAD ./Core/Startup/startup_stm32h723zgtx.o
LOAD ./Drivers/STM32H7xx_HAL_Driver/Src/stm32h7xx_hal.o
LOAD ./Drivers/STM32H7xx_HAL_Driver/Src/stm32h7xx_hal_cortex.o
LOAD ./Drivers/STM32H7xx_HAL_Driver/Src/stm32h7xx_hal_dma.o
LOAD ./Drivers/STM32H7xx_HAL_Driver/Src/stm32h7xx_hal_dma_ex.o
LOAD ./Drivers/STM32H7xx_HAL_Driver/Src/stm32h7xx_hal_exti.o
LOAD ./Drivers/STM32H7xx_HAL_Driver/Src/stm32h7xx_hal_flash.o
LOAD ./Drivers/STM32H7xx_HAL_Driver/Src/stm32h7xx_hal_flash_ex.o
LOAD ./Drivers/STM32H7xx_HAL_Driver/Src/stm32h7xx_hal_gpio.o
LOAD ./Drivers/STM32H7xx_HAL_Driver/Src/stm32h7xx_hal_hsem.o
LOAD ./Drivers/STM32H7xx_HAL_Driver/Src/stm32h7xx_hal_i2c.o
LOAD ./Drivers/STM32H7xx_HAL_Driver/Src/stm32h7xx_hal_i2c_ex.o
LOAD ./Drivers/STM32H7xx_HAL_Driver/Src/stm32h7xx_hal_mdma.o
LOAD ./Drivers/STM32H7xx_HAL_Driver/Src/stm32h7xx_hal_pwr.o
LOAD ./Drivers/STM32H7xx_HAL_Driver/Src/stm32h7xx_hal_pwr_ex.o
LOAD ./Drivers/STM32H7xx_HAL_Driver/Src/stm32h7xx_hal_rcc.o
LOAD ./Drivers/STM32H7xx_HAL_Driver/Src/stm32h7xx_hal_rcc_ex.o
LOAD ./Drivers/STM32H7xx_HAL_Driver/Src/stm32h7xx_hal_tim.o
LOAD ./Drivers/STM32H7xx_HAL_Driver/Src/stm32h7xx_hal_tim_ex.o
LOAD ./Drivers/STM32H7xx_HAL_Driver/Src/stm32h7xx_hal_uart.o
LOAD ./Drivers/STM32H7xx_HAL_Driver/Src/stm32h7xx_hal_uart_ex.o
START GROUP
LOAD c:/st/stm32cubeide_1.10.1/stm32cubeide/plugins/com.st.stm32cube.ide.mcu.externaltools.gnu-tools-for-stm32.10.3-2021.10.win32_1.0.0.202111181127/tools/bin/../lib/gcc/arm-none-eabi/10.3.1/../../../../arm-none-eabi/lib/thumb/v7e-m+dp/hard\libstdc++_nano.a
LOAD c:/st/stm32cubeide_1.10.1/stm32cubeide/plugins/com.st.stm32cube.ide.mcu.externaltools.gnu-tools-for-stm32.10.3-2021.10.win32_1.0.0.202111181127/tools/bin/../lib/gcc/arm-none-eabi/10.3.1/../../../../arm-none-eabi/lib/thumb/v7e-m+dp/hard\libsupc++_nano.a
END GROUP
LOAD c:/st/stm32cubeide_1.10.1/stm32cubeide/plugins/com.st.stm32cube.ide.mcu.externaltools.gnu-tools-for-stm32.10.3-2021.10.win32_1.0.0.202111181127/tools/bin/../lib/gcc/arm-none-eabi/10.3.1/../../../../arm-none-eabi/lib/thumb/v7e-m+dp/hard\libstdc++_nano.a
LOAD c:/st/stm32cubeide_1.10.1/stm32cubeide/plugins/com.st.stm32cube.ide.mcu.externaltools.gnu-tools-for-stm32.10.3-2021.10.win32_1.0.0.202111181127/tools/bin/../lib/gcc/arm-none-eabi/10.3.1/../../../../arm-none-eabi/lib/thumb/v7e-m+dp/hard\libm.a
LOAD c:/st/stm32cubeide_1.10.1/stm32cubeide/plugins/com.st.stm32cube.ide.mcu.externaltools.gnu-tools-for-stm32.10.3-2021.10.win32_1.0.0.202111181127/tools/bin/../lib/gcc/arm-none-eabi/10.3.1/../../../../arm-none-eabi/lib/thumb/v7e-m+dp/hard\libc_nano.a
START GROUP
LOAD c:/st/stm32cubeide_1.10.1/stm32cubeide/plugins/com.st.stm32cube.ide.mcu.externaltools.gnu-tools-for-stm32.10.3-2021.10.win32_1.0.0.202111181127/tools/bin/../lib/gcc/arm-none-eabi/10.3.1/thumb/v7e-m+dp/hard\libgcc.a
LOAD c:/st/stm32cubeide_1.10.1/stm32cubeide/plugins/com.st.stm32cube.ide.mcu.externaltools.gnu-tools-for-stm32.10.3-2021.10.win32_1.0.0.202111181127/tools/bin/../lib/gcc/arm-none-eabi/10.3.1/../../../../arm-none-eabi/lib/thumb/v7e-m+dp/hard\libc_nano.a
END GROUP
START GROUP
LOAD c:/st/stm32cubeide_1.10.1/stm32cubeide/plugins/com.st.stm32cube.ide.mcu.externaltools.gnu-tools-for-stm32.10.3-2021.10.win32_1.0.0.202111181127/tools/bin/../lib/gcc/arm-none-eabi/10.3.1/thumb/v7e-m+dp/hard\libgcc.a
LOAD c:/st/stm32cubeide_1.10.1/stm32cubeide/plugins/com.st.stm32cube.ide.mcu.externaltools.gnu-tools-for-stm32.10.3-2021.10.win32_1.0.0.202111181127/tools/bin/../lib/gcc/arm-none-eabi/10.3.1/../../../../arm-none-eabi/lib/thumb/v7e-m+dp/hard\libc_nano.a
LOAD c:/st/stm32cubeide_1.10.1/stm32cubeide/plugins/com.st.stm32cube.ide.mcu.externaltools.gnu-tools-for-stm32.10.3-2021.10.win32_1.0.0.202111181127/tools/bin/../lib/gcc/arm-none-eabi/10.3.1/../../../../arm-none-eabi/lib/thumb/v7e-m+dp/hard\libnosys.a
END GROUP
START GROUP
LOAD c:/st/stm32cubeide_1.10.1/stm32cubeide/plugins/com.st.stm32cube.ide.mcu.externaltools.gnu-tools-for-stm32.10.3-2021.10.win32_1.0.0.202111181127/tools/bin/../lib/gcc/arm-none-eabi/10.3.1/thumb/v7e-m+dp/hard\libgcc.a
LOAD c:/st/stm32cubeide_1.10.1/stm32cubeide/plugins/com.st.stm32cube.ide.mcu.externaltools.gnu-tools-for-stm32.10.3-2021.10.win32_1.0.0.202111181127/tools/bin/../lib/gcc/arm-none-eabi/10.3.1/../../../../arm-none-eabi/lib/thumb/v7e-m+dp/hard\libc_nano.a
LOAD c:/st/stm32cubeide_1.10.1/stm32cubeide/plugins/com.st.stm32cube.ide.mcu.externaltools.gnu-tools-for-stm32.10.3-2021.10.win32_1.0.0.202111181127/tools/bin/../lib/gcc/arm-none-eabi/10.3.1/../../../../arm-none-eabi/lib/thumb/v7e-m+dp/hard\libnosys.a
END GROUP
LOAD c:/st/stm32cubeide_1.10.1/stm32cubeide/plugins/com.st.stm32cube.ide.mcu.externaltools.gnu-tools-for-stm32.10.3-2021.10.win32_1.0.0.202111181127/tools/bin/../lib/gcc/arm-none-eabi/10.3.1/thumb/v7e-m+dp/hard/crtend.o
LOAD c:/st/stm32cubeide_1.10.1/stm32cubeide/plugins/com.st.stm32cube.ide.mcu.externaltools.gnu-tools-for-stm32.10.3-2021.10.win32_1.0.0.202111181127/tools/bin/../lib/gcc/arm-none-eabi/10.3.1/thumb/v7e-m+dp/hard/crtn.o
                0x0000000024050000                _estack = (ORIGIN (RAM_D1) + LENGTH (RAM_D1))
                0x0000000000000200                _Min_Heap_Size = 0x200
                0x0000000000000400                _Min_Stack_Size = 0x400

.isr_vector     0x0000000008000000      0x2cc
                0x0000000008000000                . = ALIGN (0x4)
 *(.isr_vector)
 .isr_vector    0x0000000008000000      0x2cc ./Core/Startup/startup_stm32h723zgtx.o
                0x0000000008000000                g_pfnVectors
                0x00000000080002cc                . = ALIGN (0x4)

.text           0x00000000080002d0     0xdb98
                0x00000000080002d0                . = ALIGN (0x4)
 *(.text)
 .text          0x00000000080002d0       0x40 c:/st/stm32cubeide_1.10.1/stm32cubeide/plugins/com.st.stm32cube.ide.mcu.externaltools.gnu-tools-for-stm32.10.3-2021.10.win32_1.0.0.202111181127/tools/bin/../lib/gcc/arm-none-eabi/10.3.1/thumb/v7e-m+dp/hard/crtbegin.o
 .text          0x0000000008000310       0x10 c:/st/stm32cubeide_1.10.1/stm32cubeide/plugins/com.st.stm32cube.ide.mcu.externaltools.gnu-tools-for-stm32.10.3-2021.10.win32_1.0.0.202111181127/tools/bin/../lib/gcc/arm-none-eabi/10.3.1/../../../../arm-none-eabi/lib/thumb/v7e-m+dp/hard\libc_nano.a(lib_a-strlen.o)
                0x0000000008000310                strlen
 .text          0x0000000008000320       0x30 c:/st/stm32cubeide_1.10.1/stm32cubeide/plugins/com.st.stm32cube.ide.mcu.externaltools.gnu-tools-for-stm32.10.3-2021.10.win32_1.0.0.202111181127/tools/bin/../lib/gcc/arm-none-eabi/10.3.1/thumb/v7e-m+dp/hard\libgcc.a(_aeabi_uldivmod.o)
                0x0000000008000320                __aeabi_uldivmod
 .text          0x0000000008000350      0x2d0 c:/st/stm32cubeide_1.10.1/stm32cubeide/plugins/com.st.stm32cube.ide.mcu.externaltools.gnu-tools-for-stm32.10.3-2021.10.win32_1.0.0.202111181127/tools/bin/../lib/gcc/arm-none-eabi/10.3.1/thumb/v7e-m+dp/hard\libgcc.a(_udivmoddi4.o)
                0x0000000008000350                __udivmoddi4
 .text          0x0000000008000620        0x4 c:/st/stm32cubeide_1.10.1/stm32cubeide/plugins/com.st.stm32cube.ide.mcu.externaltools.gnu-tools-for-stm32.10.3-2021.10.win32_1.0.0.202111181127/tools/bin/../lib/gcc/arm-none-eabi/10.3.1/thumb/v7e-m+dp/hard\libgcc.a(_dvmd_tls.o)
                0x0000000008000620                __aeabi_idiv0
                0x0000000008000620                __aeabi_ldiv0
 *(.text*)
 .text._ZN3ros16normalizeSecNSecERmS0_
                0x0000000008000624       0x58 ./Core/Inc/time.o
                0x0000000008000624                ros::normalizeSecNSec(unsigned long&, unsigned long&)
 .text._Z13DC_motor_initv
                0x000000000800067c       0x8c ./Core/Src/dc_motor.o
                0x000000000800067c                DC_motor_init()
 .text._ZN8DC_motorC2Eddddddd
                0x0000000008000708       0x78 ./Core/Src/dc_motor.o
                0x0000000008000708                DC_motor::DC_motor(double, double, double, double, double, double, double)
                0x0000000008000708                DC_motor::DC_motor(double, double, double, double, double, double, double)
 .text._ZN8DC_motor10PIDControlEv
                0x0000000008000780      0x170 ./Core/Src/dc_motor.o
                0x0000000008000780                DC_motor::PIDControl()
 .text._Z41__static_initialization_and_destruction_0ii
                0x00000000080008f0       0xbc ./Core/Src/dc_motor.o
 .text._GLOBAL__sub_I_fr
                0x00000000080009ac       0x10 ./Core/Src/dc_motor.o
 .text._Z10debug_loopv
                0x00000000080009bc        0xe ./Core/Src/debug.o
                0x00000000080009bc                debug_loop()
 .text.main     0x00000000080009ca       0x3a ./Core/Src/main.o
                0x00000000080009ca                main
 .text.SystemClock_Config
                0x0000000008000a04       0xe4 ./Core/Src/main.o
                0x0000000008000a04                SystemClock_Config
 .text.MX_TIM2_Init
                0x0000000008000ae8       0xa8 ./Core/Src/main.o
 .text.MX_TIM3_Init
                0x0000000008000b90       0xac ./Core/Src/main.o
 .text.MX_TIM4_Init
                0x0000000008000c3c       0xac ./Core/Src/main.o
 .text.MX_TIM5_Init
                0x0000000008000ce8       0xac ./Core/Src/main.o
 .text.MX_TIM12_Init
                0x0000000008000d94       0xa0 ./Core/Src/main.o
 .text.MX_TIM13_Init
                0x0000000008000e34       0x48 ./Core/Src/main.o
 .text.MX_TIM15_Init
                0x0000000008000e7c      0x124 ./Core/Src/main.o
 .text.MX_USART3_UART_Init
                0x0000000008000fa0       0x98 ./Core/Src/main.o
 .text.MX_DMA_Init
                0x0000000008001038       0x50 ./Core/Src/main.o
 .text.MX_GPIO_Init
                0x0000000008001088      0x1dc ./Core/Src/main.o
 .text.Error_Handler
                0x0000000008001264        0xa ./Core/Src/main.o
                0x0000000008001264                Error_Handler
 *fill*         0x000000000800126e        0x2 
 .text.main_function
                0x0000000008001270       0x20 ./Core/Src/mainpp.o
                0x0000000008001270                main_function
 .text._ZN8CAR_INFOC2Ev
                0x0000000008001290       0x40 ./Core/Src/mecanum.o
                0x0000000008001290                CAR_INFO::CAR_INFO()
                0x0000000008001290                CAR_INFO::CAR_INFO()
 .text._ZN7MecanumC2Ev
                0x00000000080012d0       0x64 ./Core/Src/mecanum.o
                0x00000000080012d0                Mecanum::Mecanum()
                0x00000000080012d0                Mecanum::Mecanum()
 .text._ZN7Mecanum3runEv
                0x0000000008001334       0x1c ./Core/Src/mecanum.o
                0x0000000008001334                Mecanum::run()
 .text._ZN7Mecanum15tf2_wheel_speedEv
                0x0000000008001350      0x11c ./Core/Src/mecanum.o
                0x0000000008001350                Mecanum::tf2_wheel_speed()
 *fill*         0x000000000800146c        0x4 
 .text._ZN7Mecanum13tf2_car_speedEv
                0x0000000008001470       0xe0 ./Core/Src/mecanum.o
                0x0000000008001470                Mecanum::tf2_car_speed()
 .text._Z41__static_initialization_and_destruction_0ii
                0x0000000008001550       0x2c ./Core/Src/mecanum.o
 .text._GLOBAL__sub_I_mecanum
                0x000000000800157c       0x10 ./Core/Src/mecanum.o
 .text._ZN3ros4TimeC2Ev
                0x000000000800158c       0x22 ./Core/Src/ros_main.o
                0x000000000800158c                ros::Time::Time()
                0x000000000800158c                ros::Time::Time()
 *fill*         0x00000000080015ae        0x2 
 .text._ZN3ros3MsgC2Ev
                0x00000000080015b0       0x20 ./Core/Src/ros_main.o
                0x00000000080015b0                ros::Msg::Msg()
                0x00000000080015b0                ros::Msg::Msg()
 .text._ZN8std_msgs4TimeC2Ev
                0x00000000080015d0       0x30 ./Core/Src/ros_main.o
                0x00000000080015d0                std_msgs::Time::Time()
                0x00000000080015d0                std_msgs::Time::Time()
 .text._ZNK8std_msgs4Time9serializeEPh
                0x0000000008001600       0xb0 ./Core/Src/ros_main.o
                0x0000000008001600                std_msgs::Time::serialize(unsigned char*) const
 .text._ZN8std_msgs4Time11deserializeEPh
                0x00000000080016b0       0xc8 ./Core/Src/ros_main.o
                0x00000000080016b0                std_msgs::Time::deserialize(unsigned char*)
 .text._ZN8std_msgs4Time7getTypeEv
                0x0000000008001778       0x1c ./Core/Src/ros_main.o
                0x0000000008001778                std_msgs::Time::getType()
 .text._ZN8std_msgs4Time6getMD5Ev
                0x0000000008001794       0x1c ./Core/Src/ros_main.o
                0x0000000008001794                std_msgs::Time::getMD5()
 .text._ZN14rosserial_msgs9TopicInfoC2Ev
                0x00000000080017b0       0x48 ./Core/Src/ros_main.o
                0x00000000080017b0                rosserial_msgs::TopicInfo::TopicInfo()
                0x00000000080017b0                rosserial_msgs::TopicInfo::TopicInfo()
 .text._ZNK14rosserial_msgs9TopicInfo9serializeEPh
                0x00000000080017f8      0x136 ./Core/Src/ros_main.o
                0x00000000080017f8                rosserial_msgs::TopicInfo::serialize(unsigned char*) const
 .text._ZN14rosserial_msgs9TopicInfo11deserializeEPh
                0x000000000800192e      0x1d0 ./Core/Src/ros_main.o
                0x000000000800192e                rosserial_msgs::TopicInfo::deserialize(unsigned char*)
 *fill*         0x0000000008001afe        0x2 
 .text._ZN14rosserial_msgs9TopicInfo7getTypeEv
                0x0000000008001b00       0x1c ./Core/Src/ros_main.o
                0x0000000008001b00                rosserial_msgs::TopicInfo::getType()
 .text._ZN14rosserial_msgs9TopicInfo6getMD5Ev
                0x0000000008001b1c       0x1c ./Core/Src/ros_main.o
                0x0000000008001b1c                rosserial_msgs::TopicInfo::getMD5()
 .text._ZN14rosserial_msgs3LogC2Ev
                0x0000000008001b38       0x34 ./Core/Src/ros_main.o
                0x0000000008001b38                rosserial_msgs::Log::Log()
                0x0000000008001b38                rosserial_msgs::Log::Log()
 .text._ZNK14rosserial_msgs3Log9serializeEPh
                0x0000000008001b6c       0x64 ./Core/Src/ros_main.o
                0x0000000008001b6c                rosserial_msgs::Log::serialize(unsigned char*) const
 .text._ZN14rosserial_msgs3Log11deserializeEPh
                0x0000000008001bd0       0x90 ./Core/Src/ros_main.o
                0x0000000008001bd0                rosserial_msgs::Log::deserialize(unsigned char*)
 .text._ZN14rosserial_msgs3Log7getTypeEv
                0x0000000008001c60       0x1c ./Core/Src/ros_main.o
                0x0000000008001c60                rosserial_msgs::Log::getType()
 .text._ZN14rosserial_msgs3Log6getMD5Ev
                0x0000000008001c7c       0x1c ./Core/Src/ros_main.o
                0x0000000008001c7c                rosserial_msgs::Log::getMD5()
 .text._ZN14rosserial_msgs20RequestParamResponseC2Ev
                0x0000000008001c98       0x48 ./Core/Src/ros_main.o
                0x0000000008001c98                rosserial_msgs::RequestParamResponse::RequestParamResponse()
                0x0000000008001c98                rosserial_msgs::RequestParamResponse::RequestParamResponse()
 .text._ZNK14rosserial_msgs20RequestParamResponse9serializeEPh
                0x0000000008001ce0      0x222 ./Core/Src/ros_main.o
                0x0000000008001ce0                rosserial_msgs::RequestParamResponse::serialize(unsigned char*) const
 .text._ZN14rosserial_msgs20RequestParamResponse11deserializeEPh
                0x0000000008001f02      0x2e2 ./Core/Src/ros_main.o
                0x0000000008001f02                rosserial_msgs::RequestParamResponse::deserialize(unsigned char*)
 .text._ZN14rosserial_msgs20RequestParamResponse7getTypeEv
                0x00000000080021e4       0x1c ./Core/Src/ros_main.o
                0x00000000080021e4                rosserial_msgs::RequestParamResponse::getType()
 .text._ZN14rosserial_msgs20RequestParamResponse6getMD5Ev
                0x0000000008002200       0x1c ./Core/Src/ros_main.o
                0x0000000008002200                rosserial_msgs::RequestParamResponse::getMD5()
 .text._ZN3ros9PublisherC2EPKcPNS_3MsgEi
                0x000000000800221c       0x2e ./Core/Src/ros_main.o
                0x000000000800221c                ros::Publisher::Publisher(char const*, ros::Msg*, int)
                0x000000000800221c                ros::Publisher::Publisher(char const*, ros::Msg*, int)
 .text._ZN3ros9Publisher15getEndpointTypeEv
                0x000000000800224a       0x18 ./Core/Src/ros_main.o
                0x000000000800224a                ros::Publisher::getEndpointType()
 *fill*         0x0000000008002262        0x2 
 .text._ZN13STM32Hardware10getRdmaIndEv
                0x0000000008002264      0x15c ./Core/Src/ros_main.o
                0x0000000008002264                STM32Hardware::getRdmaInd()
 .text._ZN13STM32HardwareC2Ev
                0x00000000080023c0       0x38 ./Core/Src/ros_main.o
                0x00000000080023c0                STM32Hardware::STM32Hardware()
                0x00000000080023c0                STM32Hardware::STM32Hardware()
 .text._ZN13STM32Hardware4initEv
                0x00000000080023f8       0x16 ./Core/Src/ros_main.o
                0x00000000080023f8                STM32Hardware::init()
 .text._ZN13STM32Hardware10reset_rbufEv
                0x000000000800240e       0x22 ./Core/Src/ros_main.o
                0x000000000800240e                STM32Hardware::reset_rbuf()
 .text._ZN13STM32Hardware4readEv
                0x0000000008002430       0x5a ./Core/Src/ros_main.o
                0x0000000008002430                STM32Hardware::read()
 *fill*         0x000000000800248a        0x2 
 .text._ZN13STM32Hardware5flushEv
                0x000000000800248c       0xb8 ./Core/Src/ros_main.o
                0x000000000800248c                STM32Hardware::flush()
 .text._ZN13STM32Hardware5writeEPhi
                0x0000000008002544       0x8c ./Core/Src/ros_main.o
                0x0000000008002544                STM32Hardware::write(unsigned char*, int)
 .text._ZN13STM32Hardware4timeEv
                0x00000000080025d0       0x16 ./Core/Src/ros_main.o
                0x00000000080025d0                STM32Hardware::time()
 *fill*         0x00000000080025e6        0x2 
 .text._ZN13geometry_msgs5PointC2Ev
                0x00000000080025e8       0x50 ./Core/Src/ros_main.o
                0x00000000080025e8                geometry_msgs::Point::Point()
                0x00000000080025e8                geometry_msgs::Point::Point()
 .text._ZNK13geometry_msgs5Point9serializeEPh
                0x0000000008002638      0x2e6 ./Core/Src/ros_main.o
                0x0000000008002638                geometry_msgs::Point::serialize(unsigned char*) const
 .text._ZN13geometry_msgs5Point11deserializeEPh
                0x000000000800291e      0x6be ./Core/Src/ros_main.o
                0x000000000800291e                geometry_msgs::Point::deserialize(unsigned char*)
 .text._ZN13geometry_msgs5Point7getTypeEv
                0x0000000008002fdc       0x1c ./Core/Src/ros_main.o
                0x0000000008002fdc                geometry_msgs::Point::getType()
 .text._ZN13geometry_msgs5Point6getMD5Ev
                0x0000000008002ff8       0x1c ./Core/Src/ros_main.o
                0x0000000008002ff8                geometry_msgs::Point::getMD5()
 .text._ZN8std_msgs4BoolC2Ev
                0x0000000008003014       0x2c ./Core/Src/ros_main.o
                0x0000000008003014                std_msgs::Bool::Bool()
                0x0000000008003014                std_msgs::Bool::Bool()
 .text._ZNK8std_msgs4Bool9serializeEPh
                0x0000000008003040       0x32 ./Core/Src/ros_main.o
                0x0000000008003040                std_msgs::Bool::serialize(unsigned char*) const
 .text._ZN8std_msgs4Bool11deserializeEPh
                0x0000000008003072       0x3c ./Core/Src/ros_main.o
                0x0000000008003072                std_msgs::Bool::deserialize(unsigned char*)
 *fill*         0x00000000080030ae        0x2 
 .text._ZN8std_msgs4Bool7getTypeEv
                0x00000000080030b0       0x1c ./Core/Src/ros_main.o
                0x00000000080030b0                std_msgs::Bool::getType()
 .text._ZN8std_msgs4Bool6getMD5Ev
                0x00000000080030cc       0x1c ./Core/Src/ros_main.o
                0x00000000080030cc                std_msgs::Bool::getMD5()
 .text._ZN3ROS14scara_callbackERKN13geometry_msgs5PointE
                0x00000000080030e8       0x40 ./Core/Src/ros_main.o
                0x00000000080030e8                ROS::scara_callback(geometry_msgs::Point const&)
 .text._ZN3ROS16mecanum_callbackERKN13geometry_msgs5PointE
                0x0000000008003128       0x40 ./Core/Src/ros_main.o
                0x0000000008003128                ROS::mecanum_callback(geometry_msgs::Point const&)
 .text._ZN3ROS5setupEv
                0x0000000008003168       0x20 ./Core/Src/ros_main.o
                0x0000000008003168                ROS::setup()
 .text._ZN3ROS4loopEv
                0x0000000008003188       0x14 ./Core/Src/ros_main.o
                0x0000000008003188                ROS::loop()
 .text.HAL_UART_TxCpltCallback
                0x000000000800319c       0x24 ./Core/Src/ros_main.o
                0x000000000800319c                HAL_UART_TxCpltCallback
 .text.HAL_UART_RxCpltCallback
                0x00000000080031c0       0x24 ./Core/Src/ros_main.o
                0x00000000080031c0                HAL_UART_RxCpltCallback
 .text._ZN3ros3Msg8varToArrIPhmEEvT_T0_
                0x00000000080031e4       0x3c ./Core/Src/ros_main.o
                0x00000000080031e4                void ros::Msg::varToArr<unsigned char*, unsigned long>(unsigned char*, unsigned long)
 .text._ZN3ros3Msg8arrToVarImPhEEvRT_T0_
                0x0000000008003220       0x4a ./Core/Src/ros_main.o
                0x0000000008003220                void ros::Msg::arrToVar<unsigned long, unsigned char*>(unsigned long&, unsigned char*)
 *fill*         0x000000000800326a        0x2 
 .text._ZN3ros15NodeHandleBase_C2Ev
                0x000000000800326c       0x20 ./Core/Src/ros_main.o
                0x000000000800326c                ros::NodeHandleBase_::NodeHandleBase_()
                0x000000000800326c                ros::NodeHandleBase_::NodeHandleBase_()
 .text._ZN3ros11NodeHandle_I13STM32HardwareLi25ELi25ELi512ELi512EEC2Ev
                0x000000000800328c      0x100 ./Core/Src/ros_main.o
                0x000000000800328c                ros::NodeHandle_<STM32Hardware, 25, 25, 512, 512>::NodeHandle_()
                0x000000000800328c                ros::NodeHandle_<STM32Hardware, 25, 25, 512, 512>::NodeHandle_()
 .text._ZN3ros11Subscriber_C2Ev
                0x000000000800338c       0x20 ./Core/Src/ros_main.o
                0x000000000800338c                ros::Subscriber_::Subscriber_()
                0x000000000800338c                ros::Subscriber_::Subscriber_()
 .text._ZN3ros10SubscriberIN13geometry_msgs5PointEvEC2EPKcPFvRKS2_Ei
                0x00000000080033ac       0x48 ./Core/Src/ros_main.o
                0x00000000080033ac                ros::Subscriber<geometry_msgs::Point, void>::Subscriber(char const*, void (*)(geometry_msgs::Point const&), int)
                0x00000000080033ac                ros::Subscriber<geometry_msgs::Point, void>::Subscriber(char const*, void (*)(geometry_msgs::Point const&), int)
 .text._ZN3ros11NodeHandle_I13STM32HardwareLi25ELi25ELi512ELi512EE8initNodeEv
                0x00000000080033f4       0x3a ./Core/Src/ros_main.o
                0x00000000080033f4                ros::NodeHandle_<STM32Hardware, 25, 25, 512, 512>::initNode()
 .text._ZN3ros11NodeHandle_I13STM32HardwareLi25ELi25ELi512ELi512EE9subscribeINS_10SubscriberIN13geometry_msgs5PointEvEEEEbRT_
                0x000000000800342e       0x56 ./Core/Src/ros_main.o
                0x000000000800342e                bool ros::NodeHandle_<STM32Hardware, 25, 25, 512, 512>::subscribe<ros::Subscriber<geometry_msgs::Point, void> >(ros::Subscriber<geometry_msgs::Point, void>&)
 .text._ZN3ros11NodeHandle_I13STM32HardwareLi25ELi25ELi512ELi512EE8spinOnceEv
                0x0000000008003484      0x3b2 ./Core/Src/ros_main.o
                0x0000000008003484                ros::NodeHandle_<STM32Hardware, 25, 25, 512, 512>::spinOnce()
 .text._ZN3ros11NodeHandle_I13STM32HardwareLi25ELi25ELi512ELi512EE11getHardwareEv
                0x0000000008003836       0x18 ./Core/Src/ros_main.o
                0x0000000008003836                ros::NodeHandle_<STM32Hardware, 25, 25, 512, 512>::getHardware()
 .text._ZN3ros11NodeHandle_I13STM32HardwareLi25ELi25ELi512ELi512EE15requestSyncTimeEv
                0x000000000800384e       0x3c ./Core/Src/ros_main.o
                0x000000000800384e                ros::NodeHandle_<STM32Hardware, 25, 25, 512, 512>::requestSyncTime()
 .text._ZN3ros11NodeHandle_I13STM32HardwareLi25ELi25ELi512ELi512EE15negotiateTopicsEv
                0x000000000800388a      0x1be ./Core/Src/ros_main.o
                0x000000000800388a                ros::NodeHandle_<STM32Hardware, 25, 25, 512, 512>::negotiateTopics()
 .text._ZN3ros11NodeHandle_I13STM32HardwareLi25ELi25ELi512ELi512EE8syncTimeEPh
                0x0000000008003a48       0x98 ./Core/Src/ros_main.o
                0x0000000008003a48                ros::NodeHandle_<STM32Hardware, 25, 25, 512, 512>::syncTime(unsigned char*)
 .text._ZN3ros11NodeHandle_I13STM32HardwareLi25ELi25ELi512ELi512EE7publishEiPKNS_3MsgE
                0x0000000008003ae0      0x128 ./Core/Src/ros_main.o
                0x0000000008003ae0                ros::NodeHandle_<STM32Hardware, 25, 25, 512, 512>::publish(int, ros::Msg const*)
 .text._ZN3ros11NodeHandle_I13STM32HardwareLi25ELi25ELi512ELi512EE6setNowERNS_4TimeE
                0x0000000008003c08       0x80 ./Core/Src/ros_main.o
                0x0000000008003c08                ros::NodeHandle_<STM32Hardware, 25, 25, 512, 512>::setNow(ros::Time&)
 .text._ZN3ros11NodeHandle_I13STM32HardwareLi25ELi25ELi512ELi512EE8logerrorEPKc
                0x0000000008003c88       0x1c ./Core/Src/ros_main.o
                0x0000000008003c88                ros::NodeHandle_<STM32Hardware, 25, 25, 512, 512>::logerror(char const*)
 .text._ZN3ros11NodeHandle_I13STM32HardwareLi25ELi25ELi512ELi512EE3logEcPKc
                0x0000000008003ca4       0x38 ./Core/Src/ros_main.o
                0x0000000008003ca4                ros::NodeHandle_<STM32Hardware, 25, 25, 512, 512>::log(char, char const*)
 .text._Z41__static_initialization_and_destruction_0ii
                0x0000000008003cdc       0x84 ./Core/Src/ros_main.o
 .text._ZN3ros10SubscriberIN13geometry_msgs5PointEvE8callbackEPh
                0x0000000008003d60       0x2a ./Core/Src/ros_main.o
                0x0000000008003d60                ros::Subscriber<geometry_msgs::Point, void>::callback(unsigned char*)
 .text._ZN3ros10SubscriberIN13geometry_msgs5PointEvE15getEndpointTypeEv
                0x0000000008003d8a       0x18 ./Core/Src/ros_main.o
                0x0000000008003d8a                ros::Subscriber<geometry_msgs::Point, void>::getEndpointType()
 .text._ZN3ros10SubscriberIN13geometry_msgs5PointEvE10getMsgTypeEv
                0x0000000008003da2       0x1c ./Core/Src/ros_main.o
                0x0000000008003da2                ros::Subscriber<geometry_msgs::Point, void>::getMsgType()
 .text._ZN3ros10SubscriberIN13geometry_msgs5PointEvE9getMsgMD5Ev
                0x0000000008003dbe       0x1c ./Core/Src/ros_main.o
                0x0000000008003dbe                ros::Subscriber<geometry_msgs::Point, void>::getMsgMD5()
 .text._ZN3ros11NodeHandle_I13STM32HardwareLi25ELi25ELi512ELi512EE9connectedEv
                0x0000000008003dda       0x1a ./Core/Src/ros_main.o
                0x0000000008003dda                ros::NodeHandle_<STM32Hardware, 25, 25, 512, 512>::connected()
 .text._GLOBAL__sub_I_nh
                0x0000000008003df4       0x10 ./Core/Src/ros_main.o
 .text._ZN8ARM_INFOC2Ev
                0x0000000008003e04       0x1c ./Core/Src/scara.o
                0x0000000008003e04                ARM_INFO::ARM_INFO()
                0x0000000008003e04                ARM_INFO::ARM_INFO()
 .text._ZN5SCARAC2Ev
                0x0000000008003e20       0x24 ./Core/Src/scara.o
                0x0000000008003e20                SCARA::SCARA()
                0x0000000008003e20                SCARA::SCARA()
 .text._ZN5SCARA3runEv
                0x0000000008003e44       0x16 ./Core/Src/scara.o
                0x0000000008003e44                SCARA::run()
 .text._ZN5SCARA13tf2_arm_angleEv
                0x0000000008003e5a       0x14 ./Core/Src/scara.o
                0x0000000008003e5a                SCARA::tf2_arm_angle()
 *fill*         0x0000000008003e6e        0x2 
 .text._Z41__static_initialization_and_destruction_0ii
                0x0000000008003e70       0x2c ./Core/Src/scara.o
 .text._GLOBAL__sub_I_scara
                0x0000000008003e9c       0x10 ./Core/Src/scara.o
 .text.HAL_MspInit
                0x0000000008003eac       0x40 ./Core/Src/stm32h7xx_hal_msp.o
                0x0000000008003eac                HAL_MspInit
 .text.HAL_TIM_Encoder_MspInit
                0x0000000008003eec      0x21c ./Core/Src/stm32h7xx_hal_msp.o
                0x0000000008003eec                HAL_TIM_Encoder_MspInit
 .text.HAL_TIM_PWM_MspInit
                0x0000000008004108       0x90 ./Core/Src/stm32h7xx_hal_msp.o
                0x0000000008004108                HAL_TIM_PWM_MspInit
 .text.HAL_TIM_Base_MspInit
                0x0000000008004198       0x50 ./Core/Src/stm32h7xx_hal_msp.o
                0x0000000008004198                HAL_TIM_Base_MspInit
 .text.HAL_TIM_MspPostInit
                0x00000000080041e8       0xc8 ./Core/Src/stm32h7xx_hal_msp.o
                0x00000000080041e8                HAL_TIM_MspPostInit
 .text.HAL_UART_MspInit
                0x00000000080042b0      0x1a4 ./Core/Src/stm32h7xx_hal_msp.o
                0x00000000080042b0                HAL_UART_MspInit
 .text.NMI_Handler
                0x0000000008004454        0x6 ./Core/Src/stm32h7xx_it.o
                0x0000000008004454                NMI_Handler
 .text.HardFault_Handler
                0x000000000800445a        0x6 ./Core/Src/stm32h7xx_it.o
                0x000000000800445a                HardFault_Handler
 .text.MemManage_Handler
                0x0000000008004460        0x6 ./Core/Src/stm32h7xx_it.o
                0x0000000008004460                MemManage_Handler
 .text.BusFault_Handler
                0x0000000008004466        0x6 ./Core/Src/stm32h7xx_it.o
                0x0000000008004466                BusFault_Handler
 .text.UsageFault_Handler
                0x000000000800446c        0x6 ./Core/Src/stm32h7xx_it.o
                0x000000000800446c                UsageFault_Handler
 .text.SVC_Handler
                0x0000000008004472        0xe ./Core/Src/stm32h7xx_it.o
                0x0000000008004472                SVC_Handler
 .text.DebugMon_Handler
                0x0000000008004480        0xe ./Core/Src/stm32h7xx_it.o
                0x0000000008004480                DebugMon_Handler
 .text.PendSV_Handler
                0x000000000800448e        0xe ./Core/Src/stm32h7xx_it.o
                0x000000000800448e                PendSV_Handler
 .text.SysTick_Handler
                0x000000000800449c        0xc ./Core/Src/stm32h7xx_it.o
                0x000000000800449c                SysTick_Handler
 .text.RCC_IRQHandler
                0x00000000080044a8        0xe ./Core/Src/stm32h7xx_it.o
                0x00000000080044a8                RCC_IRQHandler
 *fill*         0x00000000080044b6        0x2 
 .text.DMA1_Stream0_IRQHandler
                0x00000000080044b8       0x14 ./Core/Src/stm32h7xx_it.o
                0x00000000080044b8                DMA1_Stream0_IRQHandler
 .text.DMA1_Stream1_IRQHandler
                0x00000000080044cc       0x14 ./Core/Src/stm32h7xx_it.o
                0x00000000080044cc                DMA1_Stream1_IRQHandler
 .text.USART3_IRQHandler
                0x00000000080044e0       0x14 ./Core/Src/stm32h7xx_it.o
                0x00000000080044e0                USART3_IRQHandler
 .text.TIM8_BRK_TIM12_IRQHandler
                0x00000000080044f4       0x14 ./Core/Src/stm32h7xx_it.o
                0x00000000080044f4                TIM8_BRK_TIM12_IRQHandler
 .text.TIM8_UP_TIM13_IRQHandler
                0x0000000008004508       0x14 ./Core/Src/stm32h7xx_it.o
                0x0000000008004508                TIM8_UP_TIM13_IRQHandler
 .text.TIM15_IRQHandler
                0x000000000800451c       0x14 ./Core/Src/stm32h7xx_it.o
                0x000000000800451c                TIM15_IRQHandler
 .text._getpid  0x0000000008004530       0x10 ./Core/Src/syscalls.o
                0x0000000008004530                _getpid
 .text._kill    0x0000000008004540       0x20 ./Core/Src/syscalls.o
                0x0000000008004540                _kill
 .text._exit    0x0000000008004560       0x14 ./Core/Src/syscalls.o
                0x0000000008004560                _exit
 .text._sbrk    0x0000000008004574       0x6c ./Core/Src/sysmem.o
                0x0000000008004574                _sbrk
 .text.SystemInit
                0x00000000080045e0       0xf0 ./Core/Src/system_stm32h7xx.o
                0x00000000080045e0                SystemInit
 .text.HAL_TIM_PeriodElapsedCallback
                0x00000000080046d0      0x28c ./Core/Src/timer_elapse.o
                0x00000000080046d0                HAL_TIM_PeriodElapsedCallback
 .text.Reset_Handler
                0x000000000800495c       0x50 ./Core/Startup/startup_stm32h723zgtx.o
                0x000000000800495c                Reset_Handler
 .text.Default_Handler
                0x00000000080049ac        0x2 ./Core/Startup/startup_stm32h723zgtx.o
                0x00000000080049ac                RTC_Alarm_IRQHandler
                0x00000000080049ac                EXTI2_IRQHandler
                0x00000000080049ac                TIM8_CC_IRQHandler
                0x00000000080049ac                UART8_IRQHandler
                0x00000000080049ac                SPI4_IRQHandler
                0x00000000080049ac                FDCAN3_IT0_IRQHandler
                0x00000000080049ac                TIM1_CC_IRQHandler
                0x00000000080049ac                BDMA_Channel6_IRQHandler
                0x00000000080049ac                DMA2_Stream5_IRQHandler
                0x00000000080049ac                DMA1_Stream5_IRQHandler
                0x00000000080049ac                CORDIC_IRQHandler
                0x00000000080049ac                BDMA_Channel1_IRQHandler
                0x00000000080049ac                TAMP_STAMP_IRQHandler
                0x00000000080049ac                EXTI3_IRQHandler
                0x00000000080049ac                LPTIM4_IRQHandler
                0x00000000080049ac                TIM8_TRG_COM_TIM14_IRQHandler
                0x00000000080049ac                LPTIM2_IRQHandler
                0x00000000080049ac                DFSDM1_FLT1_IRQHandler
                0x00000000080049ac                DMAMUX2_OVR_IRQHandler
                0x00000000080049ac                I2C3_ER_IRQHandler
                0x00000000080049ac                DFSDM1_FLT2_IRQHandler
                0x00000000080049ac                I2C5_EV_IRQHandler
                0x00000000080049ac                USART10_IRQHandler
                0x00000000080049ac                MDMA_IRQHandler
                0x00000000080049ac                LPTIM3_IRQHandler
                0x00000000080049ac                HSEM1_IRQHandler
                0x00000000080049ac                EXTI0_IRQHandler
                0x00000000080049ac                I2C2_EV_IRQHandler
                0x00000000080049ac                DMA1_Stream2_IRQHandler
                0x00000000080049ac                FPU_IRQHandler
                0x00000000080049ac                OTG_HS_WKUP_IRQHandler
                0x00000000080049ac                FDCAN1_IT1_IRQHandler
                0x00000000080049ac                LTDC_ER_IRQHandler
                0x00000000080049ac                DMA2_Stream2_IRQHandler
                0x00000000080049ac                SPI1_IRQHandler
                0x00000000080049ac                OCTOSPI1_IRQHandler
                0x00000000080049ac                TIM6_DAC_IRQHandler
                0x00000000080049ac                DMA2_Stream3_IRQHandler
                0x00000000080049ac                OCTOSPI2_IRQHandler
                0x00000000080049ac                DFSDM1_FLT3_IRQHandler
                0x00000000080049ac                TIM23_IRQHandler
                0x00000000080049ac                USART6_IRQHandler
                0x00000000080049ac                TIM17_IRQHandler
                0x00000000080049ac                BDMA_Channel7_IRQHandler
                0x00000000080049ac                LPTIM5_IRQHandler
                0x00000000080049ac                UART5_IRQHandler
                0x00000000080049ac                ADC3_IRQHandler
                0x00000000080049ac                DMA2_Stream0_IRQHandler
                0x00000000080049ac                TIM4_IRQHandler
                0x00000000080049ac                BDMA_Channel2_IRQHandler
                0x00000000080049ac                I2C1_EV_IRQHandler
                0x00000000080049ac                DMA1_Stream6_IRQHandler
                0x00000000080049ac                DMAMUX1_OVR_IRQHandler
                0x00000000080049ac                TIM16_IRQHandler
                0x00000000080049ac                UART4_IRQHandler
                0x00000000080049ac                BDMA_Channel5_IRQHandler
                0x00000000080049ac                TIM3_IRQHandler
                0x00000000080049ac                UART9_IRQHandler
                0x00000000080049ac                TIM1_TRG_COM_IRQHandler
                0x00000000080049ac                Default_Handler
                0x00000000080049ac                ECC_IRQHandler
                0x00000000080049ac                FMAC_IRQHandler
                0x00000000080049ac                CEC_IRQHandler
                0x00000000080049ac                EXTI15_10_IRQHandler
                0x00000000080049ac                BDMA_Channel0_IRQHandler
                0x00000000080049ac                ADC_IRQHandler
                0x00000000080049ac                I2C5_ER_IRQHandler
                0x00000000080049ac                DMA1_Stream7_IRQHandler
                0x00000000080049ac                SPI5_IRQHandler
                0x00000000080049ac                TIM7_IRQHandler
                0x00000000080049ac                FDCAN3_IT1_IRQHandler
                0x00000000080049ac                SDMMC1_IRQHandler
                0x00000000080049ac                TIM5_IRQHandler
                0x00000000080049ac                DMA2_Stream7_IRQHandler
                0x00000000080049ac                PVD_AVD_IRQHandler
                0x00000000080049ac                I2C3_EV_IRQHandler
                0x00000000080049ac                EXTI9_5_IRQHandler
                0x00000000080049ac                RTC_WKUP_IRQHandler
                0x00000000080049ac                LTDC_IRQHandler
                0x00000000080049ac                ETH_WKUP_IRQHandler
                0x00000000080049ac                SPDIF_RX_IRQHandler
                0x00000000080049ac                SPI2_IRQHandler
                0x00000000080049ac                OTG_HS_EP1_IN_IRQHandler
                0x00000000080049ac                TIM24_IRQHandler
                0x00000000080049ac                CRS_IRQHandler
                0x00000000080049ac                EXTI4_IRQHandler
                0x00000000080049ac                RNG_IRQHandler
                0x00000000080049ac                FDCAN2_IT1_IRQHandler
                0x00000000080049ac                ETH_IRQHandler
                0x00000000080049ac                TIM1_UP_IRQHandler
                0x00000000080049ac                BDMA_Channel4_IRQHandler
                0x00000000080049ac                OTG_HS_EP1_OUT_IRQHandler
                0x00000000080049ac                WWDG_IRQHandler
                0x00000000080049ac                SPI6_IRQHandler
                0x00000000080049ac                MDIOS_IRQHandler
                0x00000000080049ac                I2C4_EV_IRQHandler
                0x00000000080049ac                FDCAN2_IT0_IRQHandler
                0x00000000080049ac                LPUART1_IRQHandler
                0x00000000080049ac                FDCAN1_IT0_IRQHandler
                0x00000000080049ac                TIM2_IRQHandler
                0x00000000080049ac                OTG_HS_IRQHandler
                0x00000000080049ac                DMA2D_IRQHandler
                0x00000000080049ac                TIM1_BRK_IRQHandler
                0x00000000080049ac                EXTI1_IRQHandler
                0x00000000080049ac                SDMMC2_IRQHandler
                0x00000000080049ac                BDMA_Channel3_IRQHandler
                0x00000000080049ac                DTS_IRQHandler
                0x00000000080049ac                UART7_IRQHandler
                0x00000000080049ac                MDIOS_WKUP_IRQHandler
                0x00000000080049ac                USART2_IRQHandler
                0x00000000080049ac                DFSDM1_FLT0_IRQHandler
                0x00000000080049ac                SAI4_IRQHandler
                0x00000000080049ac                I2C2_ER_IRQHandler
                0x00000000080049ac                DMA2_Stream1_IRQHandler
                0x00000000080049ac                FLASH_IRQHandler
                0x00000000080049ac                DMA2_Stream4_IRQHandler
                0x00000000080049ac                USART1_IRQHandler
                0x00000000080049ac                SPI3_IRQHandler
                0x00000000080049ac                WAKEUP_PIN_IRQHandler
                0x00000000080049ac                DMA1_Stream4_IRQHandler
                0x00000000080049ac                I2C1_ER_IRQHandler
                0x00000000080049ac                FMC_IRQHandler
                0x00000000080049ac                FDCAN_CAL_IRQHandler
                0x00000000080049ac                SWPMI1_IRQHandler
                0x00000000080049ac                COMP1_IRQHandler
                0x00000000080049ac                LPTIM1_IRQHandler
                0x00000000080049ac                DCMI_PSSI_IRQHandler
                0x00000000080049ac                I2C4_ER_IRQHandler
                0x00000000080049ac                DMA2_Stream6_IRQHandler
                0x00000000080049ac                SAI1_IRQHandler
                0x00000000080049ac                DMA1_Stream3_IRQHandler
 *fill*         0x00000000080049ae        0x2 
 .text.HAL_Init
                0x00000000080049b0       0x78 ./Drivers/STM32H7xx_HAL_Driver/Src/stm32h7xx_hal.o
                0x00000000080049b0                HAL_Init
 .text.HAL_InitTick
                0x0000000008004a28       0x6c ./Drivers/STM32H7xx_HAL_Driver/Src/stm32h7xx_hal.o
                0x0000000008004a28                HAL_InitTick
 .text.HAL_IncTick
                0x0000000008004a94       0x28 ./Drivers/STM32H7xx_HAL_Driver/Src/stm32h7xx_hal.o
                0x0000000008004a94                HAL_IncTick
 .text.HAL_GetTick
                0x0000000008004abc       0x18 ./Drivers/STM32H7xx_HAL_Driver/Src/stm32h7xx_hal.o
                0x0000000008004abc                HAL_GetTick
 .text.__NVIC_SetPriorityGrouping
                0x0000000008004ad4       0x48 ./Drivers/STM32H7xx_HAL_Driver/Src/stm32h7xx_hal_cortex.o
 .text.__NVIC_GetPriorityGrouping
                0x0000000008004b1c       0x1c ./Drivers/STM32H7xx_HAL_Driver/Src/stm32h7xx_hal_cortex.o
 .text.__NVIC_EnableIRQ
                0x0000000008004b38       0x3c ./Drivers/STM32H7xx_HAL_Driver/Src/stm32h7xx_hal_cortex.o
 .text.__NVIC_SetPriority
                0x0000000008004b74       0x54 ./Drivers/STM32H7xx_HAL_Driver/Src/stm32h7xx_hal_cortex.o
 .text.NVIC_EncodePriority
                0x0000000008004bc8       0x66 ./Drivers/STM32H7xx_HAL_Driver/Src/stm32h7xx_hal_cortex.o
 *fill*         0x0000000008004c2e        0x2 
 .text.SysTick_Config
                0x0000000008004c30       0x44 ./Drivers/STM32H7xx_HAL_Driver/Src/stm32h7xx_hal_cortex.o
 .text.HAL_NVIC_SetPriorityGrouping
                0x0000000008004c74       0x16 ./Drivers/STM32H7xx_HAL_Driver/Src/stm32h7xx_hal_cortex.o
                0x0000000008004c74                HAL_NVIC_SetPriorityGrouping
 .text.HAL_NVIC_SetPriority
                0x0000000008004c8a       0x34 ./Drivers/STM32H7xx_HAL_Driver/Src/stm32h7xx_hal_cortex.o
                0x0000000008004c8a                HAL_NVIC_SetPriority
 .text.HAL_NVIC_EnableIRQ
                0x0000000008004cbe       0x1c ./Drivers/STM32H7xx_HAL_Driver/Src/stm32h7xx_hal_cortex.o
                0x0000000008004cbe                HAL_NVIC_EnableIRQ
 .text.HAL_SYSTICK_Config
                0x0000000008004cda       0x18 ./Drivers/STM32H7xx_HAL_Driver/Src/stm32h7xx_hal_cortex.o
                0x0000000008004cda                HAL_SYSTICK_Config
 *fill*         0x0000000008004cf2        0x2 
 .text.HAL_DMA_Init
                0x0000000008004cf4      0x6b4 ./Drivers/STM32H7xx_HAL_Driver/Src/stm32h7xx_hal_dma.o
                0x0000000008004cf4                HAL_DMA_Init
 .text.HAL_DMA_Start_IT
                0x00000000080053a8      0x4d4 ./Drivers/STM32H7xx_HAL_Driver/Src/stm32h7xx_hal_dma.o
                0x00000000080053a8                HAL_DMA_Start_IT
 .text.HAL_DMA_Abort
                0x000000000800587c      0x63c ./Drivers/STM32H7xx_HAL_Driver/Src/stm32h7xx_hal_dma.o
                0x000000000800587c                HAL_DMA_Abort
 .text.HAL_DMA_Abort_IT
                0x0000000008005eb8      0x48c ./Drivers/STM32H7xx_HAL_Driver/Src/stm32h7xx_hal_dma.o
                0x0000000008005eb8                HAL_DMA_Abort_IT
 .text.HAL_DMA_IRQHandler
                0x0000000008006344      0xe54 ./Drivers/STM32H7xx_HAL_Driver/Src/stm32h7xx_hal_dma.o
                0x0000000008006344                HAL_DMA_IRQHandler
 .text.DMA_SetConfig
                0x0000000008007198      0x358 ./Drivers/STM32H7xx_HAL_Driver/Src/stm32h7xx_hal_dma.o
 .text.DMA_CalcBaseAndBitshift
                0x00000000080074f0      0x164 ./Drivers/STM32H7xx_HAL_Driver/Src/stm32h7xx_hal_dma.o
 .text.DMA_CheckFifoParam
                0x0000000008007654       0xf8 ./Drivers/STM32H7xx_HAL_Driver/Src/stm32h7xx_hal_dma.o
 .text.DMA_CalcDMAMUXChannelBaseAndMask
                0x000000000800774c      0x134 ./Drivers/STM32H7xx_HAL_Driver/Src/stm32h7xx_hal_dma.o
 .text.DMA_CalcDMAMUXRequestGenBaseAndMask
                0x0000000008007880       0xe8 ./Drivers/STM32H7xx_HAL_Driver/Src/stm32h7xx_hal_dma.o
 .text.HAL_GPIO_Init
                0x0000000008007968      0x350 ./Drivers/STM32H7xx_HAL_Driver/Src/stm32h7xx_hal_gpio.o
                0x0000000008007968                HAL_GPIO_Init
 .text.HAL_GPIO_WritePin
                0x0000000008007cb8       0x32 ./Drivers/STM32H7xx_HAL_Driver/Src/stm32h7xx_hal_gpio.o
                0x0000000008007cb8                HAL_GPIO_WritePin
 *fill*         0x0000000008007cea        0x2 
 .text.HAL_PWREx_ConfigSupply
                0x0000000008007cec       0x74 ./Drivers/STM32H7xx_HAL_Driver/Src/stm32h7xx_hal_pwr_ex.o
                0x0000000008007cec                HAL_PWREx_ConfigSupply
 .text.HAL_RCC_OscConfig
                0x0000000008007d60      0x75c ./Drivers/STM32H7xx_HAL_Driver/Src/stm32h7xx_hal_rcc.o
                0x0000000008007d60                HAL_RCC_OscConfig
 .text.HAL_RCC_ClockConfig
                0x00000000080084bc      0x36c ./Drivers/STM32H7xx_HAL_Driver/Src/stm32h7xx_hal_rcc.o
                0x00000000080084bc                HAL_RCC_ClockConfig
 .text.HAL_RCC_GetSysClockFreq
                0x0000000008008828      0x2f4 ./Drivers/STM32H7xx_HAL_Driver/Src/stm32h7xx_hal_rcc.o
                0x0000000008008828                HAL_RCC_GetSysClockFreq
 .text.HAL_RCC_GetHCLKFreq
                0x0000000008008b1c       0x60 ./Drivers/STM32H7xx_HAL_Driver/Src/stm32h7xx_hal_rcc.o
                0x0000000008008b1c                HAL_RCC_GetHCLKFreq
 .text.HAL_RCC_GetPCLK1Freq
                0x0000000008008b7c       0x2c ./Drivers/STM32H7xx_HAL_Driver/Src/stm32h7xx_hal_rcc.o
                0x0000000008008b7c                HAL_RCC_GetPCLK1Freq
 .text.HAL_RCC_GetPCLK2Freq
                0x0000000008008ba8       0x2c ./Drivers/STM32H7xx_HAL_Driver/Src/stm32h7xx_hal_rcc.o
                0x0000000008008ba8                HAL_RCC_GetPCLK2Freq
 .text.HAL_RCCEx_PeriphCLKConfig
                0x0000000008008bd4      0xdf4 ./Drivers/STM32H7xx_HAL_Driver/Src/stm32h7xx_hal_rcc_ex.o
                0x0000000008008bd4                HAL_RCCEx_PeriphCLKConfig
 .text.HAL_RCCEx_GetD3PCLK1Freq
                0x00000000080099c8       0x2c ./Drivers/STM32H7xx_HAL_Driver/Src/stm32h7xx_hal_rcc_ex.o
                0x00000000080099c8                HAL_RCCEx_GetD3PCLK1Freq
 .text.HAL_RCCEx_GetPLL2ClockFreq
                0x00000000080099f4      0x2a8 ./Drivers/STM32H7xx_HAL_Driver/Src/stm32h7xx_hal_rcc_ex.o
                0x00000000080099f4                HAL_RCCEx_GetPLL2ClockFreq
 .text.HAL_RCCEx_GetPLL3ClockFreq
                0x0000000008009c9c      0x2a8 ./Drivers/STM32H7xx_HAL_Driver/Src/stm32h7xx_hal_rcc_ex.o
                0x0000000008009c9c                HAL_RCCEx_GetPLL3ClockFreq
 .text.RCCEx_PLL2_Config
                0x0000000008009f44      0x164 ./Drivers/STM32H7xx_HAL_Driver/Src/stm32h7xx_hal_rcc_ex.o
 .text.RCCEx_PLL3_Config
                0x000000000800a0a8      0x164 ./Drivers/STM32H7xx_HAL_Driver/Src/stm32h7xx_hal_rcc_ex.o
 .text.HAL_TIM_Base_Init
                0x000000000800a20c       0xae ./Drivers/STM32H7xx_HAL_Driver/Src/stm32h7xx_hal_tim.o
                0x000000000800a20c                HAL_TIM_Base_Init
 *fill*         0x000000000800a2ba        0x2 
 .text.HAL_TIM_Base_Start_IT
                0x000000000800a2bc      0x10c ./Drivers/STM32H7xx_HAL_Driver/Src/stm32h7xx_hal_tim.o
                0x000000000800a2bc                HAL_TIM_Base_Start_IT
 .text.HAL_TIM_PWM_Init
                0x000000000800a3c8       0xae ./Drivers/STM32H7xx_HAL_Driver/Src/stm32h7xx_hal_tim.o
                0x000000000800a3c8                HAL_TIM_PWM_Init
 *fill*         0x000000000800a476        0x2 
 .text.HAL_TIM_PWM_Start_IT
                0x000000000800a478      0x2d0 ./Drivers/STM32H7xx_HAL_Driver/Src/stm32h7xx_hal_tim.o
                0x000000000800a478                HAL_TIM_PWM_Start_IT
 .text.HAL_TIM_Encoder_Init
                0x000000000800a748      0x14c ./Drivers/STM32H7xx_HAL_Driver/Src/stm32h7xx_hal_tim.o
                0x000000000800a748                HAL_TIM_Encoder_Init
 .text.HAL_TIM_Encoder_Start
                0x000000000800a894      0x11c ./Drivers/STM32H7xx_HAL_Driver/Src/stm32h7xx_hal_tim.o
                0x000000000800a894                HAL_TIM_Encoder_Start
 .text.HAL_TIM_IRQHandler
                0x000000000800a9b0      0x23e ./Drivers/STM32H7xx_HAL_Driver/Src/stm32h7xx_hal_tim.o
                0x000000000800a9b0                HAL_TIM_IRQHandler
 *fill*         0x000000000800abee        0x2 
 .text.HAL_TIM_PWM_ConfigChannel
                0x000000000800abf0      0x228 ./Drivers/STM32H7xx_HAL_Driver/Src/stm32h7xx_hal_tim.o
                0x000000000800abf0                HAL_TIM_PWM_ConfigChannel
 .text.HAL_TIM_OC_DelayElapsedCallback
                0x000000000800ae18       0x14 ./Drivers/STM32H7xx_HAL_Driver/Src/stm32h7xx_hal_tim.o
                0x000000000800ae18                HAL_TIM_OC_DelayElapsedCallback
 .text.HAL_TIM_IC_CaptureCallback
                0x000000000800ae2c       0x14 ./Drivers/STM32H7xx_HAL_Driver/Src/stm32h7xx_hal_tim.o
                0x000000000800ae2c                HAL_TIM_IC_CaptureCallback
 .text.HAL_TIM_PWM_PulseFinishedCallback
                0x000000000800ae40       0x14 ./Drivers/STM32H7xx_HAL_Driver/Src/stm32h7xx_hal_tim.o
                0x000000000800ae40                HAL_TIM_PWM_PulseFinishedCallback
 .text.HAL_TIM_TriggerCallback
                0x000000000800ae54       0x14 ./Drivers/STM32H7xx_HAL_Driver/Src/stm32h7xx_hal_tim.o
                0x000000000800ae54                HAL_TIM_TriggerCallback
 .text.TIM_Base_SetConfig
                0x000000000800ae68      0x14c ./Drivers/STM32H7xx_HAL_Driver/Src/stm32h7xx_hal_tim.o
                0x000000000800ae68                TIM_Base_SetConfig
 .text.TIM_OC1_SetConfig
                0x000000000800afb4      0x120 ./Drivers/STM32H7xx_HAL_Driver/Src/stm32h7xx_hal_tim.o
 .text.TIM_OC2_SetConfig
                0x000000000800b0d4      0x114 ./Drivers/STM32H7xx_HAL_Driver/Src/stm32h7xx_hal_tim.o
                0x000000000800b0d4                TIM_OC2_SetConfig
 .text.TIM_OC3_SetConfig
                0x000000000800b1e8      0x110 ./Drivers/STM32H7xx_HAL_Driver/Src/stm32h7xx_hal_tim.o
 .text.TIM_OC4_SetConfig
                0x000000000800b2f8       0xd4 ./Drivers/STM32H7xx_HAL_Driver/Src/stm32h7xx_hal_tim.o
 .text.TIM_OC5_SetConfig
                0x000000000800b3cc       0xc8 ./Drivers/STM32H7xx_HAL_Driver/Src/stm32h7xx_hal_tim.o
 .text.TIM_OC6_SetConfig
                0x000000000800b494       0xcc ./Drivers/STM32H7xx_HAL_Driver/Src/stm32h7xx_hal_tim.o
 .text.TIM_CCxChannelCmd
                0x000000000800b560       0x4a ./Drivers/STM32H7xx_HAL_Driver/Src/stm32h7xx_hal_tim.o
                0x000000000800b560                TIM_CCxChannelCmd
 *fill*         0x000000000800b5aa        0x2 
 .text.HAL_TIMEx_MasterConfigSynchronization
                0x000000000800b5ac      0x138 ./Drivers/STM32H7xx_HAL_Driver/Src/stm32h7xx_hal_tim_ex.o
                0x000000000800b5ac                HAL_TIMEx_MasterConfigSynchronization
 .text.HAL_TIMEx_ConfigBreakDeadTime
                0x000000000800b6e4      0x140 ./Drivers/STM32H7xx_HAL_Driver/Src/stm32h7xx_hal_tim_ex.o
                0x000000000800b6e4                HAL_TIMEx_ConfigBreakDeadTime
 .text.HAL_TIMEx_CommutCallback
                0x000000000800b824       0x14 ./Drivers/STM32H7xx_HAL_Driver/Src/stm32h7xx_hal_tim_ex.o
                0x000000000800b824                HAL_TIMEx_CommutCallback
 .text.HAL_TIMEx_BreakCallback
                0x000000000800b838       0x14 ./Drivers/STM32H7xx_HAL_Driver/Src/stm32h7xx_hal_tim_ex.o
                0x000000000800b838                HAL_TIMEx_BreakCallback
 .text.HAL_TIMEx_Break2Callback
                0x000000000800b84c       0x14 ./Drivers/STM32H7xx_HAL_Driver/Src/stm32h7xx_hal_tim_ex.o
                0x000000000800b84c                HAL_TIMEx_Break2Callback
 .text.HAL_UART_Init
                0x000000000800b860       0xa0 ./Drivers/STM32H7xx_HAL_Driver/Src/stm32h7xx_hal_uart.o
                0x000000000800b860                HAL_UART_Init
 .text.HAL_UART_Transmit_DMA
                0x000000000800b900      0x124 ./Drivers/STM32H7xx_HAL_Driver/Src/stm32h7xx_hal_uart.o
                0x000000000800b900                HAL_UART_Transmit_DMA
 .text.HAL_UART_Receive_DMA
                0x000000000800ba24       0xac ./Drivers/STM32H7xx_HAL_Driver/Src/stm32h7xx_hal_uart.o
                0x000000000800ba24                HAL_UART_Receive_DMA
 .text.HAL_UART_IRQHandler
                0x000000000800bad0      0x73c ./Drivers/STM32H7xx_HAL_Driver/Src/stm32h7xx_hal_uart.o
                0x000000000800bad0                HAL_UART_IRQHandler
 .text.HAL_UART_TxHalfCpltCallback
                0x000000000800c20c       0x14 ./Drivers/STM32H7xx_HAL_Driver/Src/stm32h7xx_hal_uart.o
                0x000000000800c20c                HAL_UART_TxHalfCpltCallback
 .text.HAL_UART_RxHalfCpltCallback
                0x000000000800c220       0x14 ./Drivers/STM32H7xx_HAL_Driver/Src/stm32h7xx_hal_uart.o
                0x000000000800c220                HAL_UART_RxHalfCpltCallback
 .text.HAL_UART_ErrorCallback
                0x000000000800c234       0x14 ./Drivers/STM32H7xx_HAL_Driver/Src/stm32h7xx_hal_uart.o
                0x000000000800c234                HAL_UART_ErrorCallback
 .text.HAL_UARTEx_RxEventCallback
                0x000000000800c248       0x18 ./Drivers/STM32H7xx_HAL_Driver/Src/stm32h7xx_hal_uart.o
                0x000000000800c248                HAL_UARTEx_RxEventCallback
 .text.UART_SetConfig
                0x000000000800c260      0xcd8 ./Drivers/STM32H7xx_HAL_Driver/Src/stm32h7xx_hal_uart.o
                0x000000000800c260                UART_SetConfig
 .text.UART_AdvFeatureConfig
                0x000000000800cf38      0x144 ./Drivers/STM32H7xx_HAL_Driver/Src/stm32h7xx_hal_uart.o
                0x000000000800cf38                UART_AdvFeatureConfig
 .text.UART_CheckIdleState
                0x000000000800d07c       0x96 ./Drivers/STM32H7xx_HAL_Driver/Src/stm32h7xx_hal_uart.o
                0x000000000800d07c                UART_CheckIdleState
 .text.UART_WaitOnFlagUntilTimeout
                0x000000000800d112      0x190 ./Drivers/STM32H7xx_HAL_Driver/Src/stm32h7xx_hal_uart.o
                0x000000000800d112                UART_WaitOnFlagUntilTimeout
 *fill*         0x000000000800d2a2        0x2 
 .text.UART_Start_Receive_DMA
                0x000000000800d2a4      0x150 ./Drivers/STM32H7xx_HAL_Driver/Src/stm32h7xx_hal_uart.o
                0x000000000800d2a4                UART_Start_Receive_DMA
 .text.UART_EndTxTransfer
                0x000000000800d3f4       0x82 ./Drivers/STM32H7xx_HAL_Driver/Src/stm32h7xx_hal_uart.o
 *fill*         0x000000000800d476        0x2 
 .text.UART_EndRxTransfer
                0x000000000800d478       0xcc ./Drivers/STM32H7xx_HAL_Driver/Src/stm32h7xx_hal_uart.o
 .text.UART_DMATransmitCplt
                0x000000000800d544       0x96 ./Drivers/STM32H7xx_HAL_Driver/Src/stm32h7xx_hal_uart.o
 .text.UART_DMATxHalfCplt
                0x000000000800d5da       0x1c ./Drivers/STM32H7xx_HAL_Driver/Src/stm32h7xx_hal_uart.o
 .text.UART_DMAReceiveCplt
                0x000000000800d5f6      0x122 ./Drivers/STM32H7xx_HAL_Driver/Src/stm32h7xx_hal_uart.o
 .text.UART_DMARxHalfCplt
                0x000000000800d718       0x38 ./Drivers/STM32H7xx_HAL_Driver/Src/stm32h7xx_hal_uart.o
 .text.UART_DMAError
                0x000000000800d750       0x80 ./Drivers/STM32H7xx_HAL_Driver/Src/stm32h7xx_hal_uart.o
 .text.UART_DMAAbortOnError
                0x000000000800d7d0       0x2c ./Drivers/STM32H7xx_HAL_Driver/Src/stm32h7xx_hal_uart.o
 .text.UART_EndTransmit_IT
                0x000000000800d7fc       0x56 ./Drivers/STM32H7xx_HAL_Driver/Src/stm32h7xx_hal_uart.o
 .text.HAL_UARTEx_WakeupCallback
                0x000000000800d852       0x14 ./Drivers/STM32H7xx_HAL_Driver/Src/stm32h7xx_hal_uart_ex.o
                0x000000000800d852                HAL_UARTEx_WakeupCallback
 .text.HAL_UARTEx_RxFifoFullCallback
                0x000000000800d866       0x14 ./Drivers/STM32H7xx_HAL_Driver/Src/stm32h7xx_hal_uart_ex.o
                0x000000000800d866                HAL_UARTEx_RxFifoFullCallback
 .text.HAL_UARTEx_TxFifoEmptyCallback
                0x000000000800d87a       0x14 ./Drivers/STM32H7xx_HAL_Driver/Src/stm32h7xx_hal_uart_ex.o
                0x000000000800d87a                HAL_UARTEx_TxFifoEmptyCallback
 .text.HAL_UARTEx_DisableFifoMode
                0x000000000800d88e       0x72 ./Drivers/STM32H7xx_HAL_Driver/Src/stm32h7xx_hal_uart_ex.o
                0x000000000800d88e                HAL_UARTEx_DisableFifoMode
 .text.HAL_UARTEx_SetTxFifoThreshold
                0x000000000800d900       0x7c ./Drivers/STM32H7xx_HAL_Driver/Src/stm32h7xx_hal_uart_ex.o
                0x000000000800d900                HAL_UARTEx_SetTxFifoThreshold
 .text.HAL_UARTEx_SetRxFifoThreshold
                0x000000000800d97c       0x7c ./Drivers/STM32H7xx_HAL_Driver/Src/stm32h7xx_hal_uart_ex.o
                0x000000000800d97c                HAL_UARTEx_SetRxFifoThreshold
 .text.UARTEx_SetNbDataToProcess
                0x000000000800d9f8       0x9c ./Drivers/STM32H7xx_HAL_Driver/Src/stm32h7xx_hal_uart_ex.o
 .text.__cxa_pure_virtual
                0x000000000800da94        0x6 c:/st/stm32cubeide_1.10.1/stm32cubeide/plugins/com.st.stm32cube.ide.mcu.externaltools.gnu-tools-for-stm32.10.3-2021.10.win32_1.0.0.202111181127/tools/bin/../lib/gcc/arm-none-eabi/10.3.1/../../../../arm-none-eabi/lib/thumb/v7e-m+dp/hard\libstdc++_nano.a(pure.o)
                0x000000000800da94                __cxa_pure_virtual
 .text._ZN10__cxxabiv111__terminateEPFvvE
                0x000000000800da9a        0x8 c:/st/stm32cubeide_1.10.1/stm32cubeide/plugins/com.st.stm32cube.ide.mcu.externaltools.gnu-tools-for-stm32.10.3-2021.10.win32_1.0.0.202111181127/tools/bin/../lib/gcc/arm-none-eabi/10.3.1/../../../../arm-none-eabi/lib/thumb/v7e-m+dp/hard\libstdc++_nano.a(eh_terminate.o)
                0x000000000800da9a                __cxxabiv1::__terminate(void (*)())
 *fill*         0x000000000800daa2        0x2 
 .text._ZSt13get_terminatev
                0x000000000800daa4       0x10 c:/st/stm32cubeide_1.10.1/stm32cubeide/plugins/com.st.stm32cube.ide.mcu.externaltools.gnu-tools-for-stm32.10.3-2021.10.win32_1.0.0.202111181127/tools/bin/../lib/gcc/arm-none-eabi/10.3.1/../../../../arm-none-eabi/lib/thumb/v7e-m+dp/hard\libstdc++_nano.a(eh_terminate.o)
                0x000000000800daa4                std::get_terminate()
 .text._ZSt9terminatev
                0x000000000800dab4        0xa c:/st/stm32cubeide_1.10.1/stm32cubeide/plugins/com.st.stm32cube.ide.mcu.externaltools.gnu-tools-for-stm32.10.3-2021.10.win32_1.0.0.202111181127/tools/bin/../lib/gcc/arm-none-eabi/10.3.1/../../../../arm-none-eabi/lib/thumb/v7e-m+dp/hard\libstdc++_nano.a(eh_terminate.o)
                0x000000000800dab4                std::terminate()
 .text.abort    0x000000000800dabe        0xe c:/st/stm32cubeide_1.10.1/stm32cubeide/plugins/com.st.stm32cube.ide.mcu.externaltools.gnu-tools-for-stm32.10.3-2021.10.win32_1.0.0.202111181127/tools/bin/../lib/gcc/arm-none-eabi/10.3.1/../../../../arm-none-eabi/lib/thumb/v7e-m+dp/hard\libc_nano.a(lib_a-abort.o)
                0x000000000800dabe                abort
 .text.__errno  0x000000000800dacc        0xc c:/st/stm32cubeide_1.10.1/stm32cubeide/plugins/com.st.stm32cube.ide.mcu.externaltools.gnu-tools-for-stm32.10.3-2021.10.win32_1.0.0.202111181127/tools/bin/../lib/gcc/arm-none-eabi/10.3.1/../../../../arm-none-eabi/lib/thumb/v7e-m+dp/hard\libc_nano.a(lib_a-errno.o)
                0x000000000800dacc                __errno
 .text.__libc_init_array
                0x000000000800dad8       0x48 c:/st/stm32cubeide_1.10.1/stm32cubeide/plugins/com.st.stm32cube.ide.mcu.externaltools.gnu-tools-for-stm32.10.3-2021.10.win32_1.0.0.202111181127/tools/bin/../lib/gcc/arm-none-eabi/10.3.1/../../../../arm-none-eabi/lib/thumb/v7e-m+dp/hard\libc_nano.a(lib_a-init.o)
                0x000000000800dad8                __libc_init_array
 .text.memcpy   0x000000000800db20       0x1c c:/st/stm32cubeide_1.10.1/stm32cubeide/plugins/com.st.stm32cube.ide.mcu.externaltools.gnu-tools-for-stm32.10.3-2021.10.win32_1.0.0.202111181127/tools/bin/../lib/gcc/arm-none-eabi/10.3.1/../../../../arm-none-eabi/lib/thumb/v7e-m+dp/hard\libc_nano.a(lib_a-memcpy-stub.o)
                0x000000000800db20                memcpy
 .text.memset   0x000000000800db3c       0x10 c:/st/stm32cubeide_1.10.1/stm32cubeide/plugins/com.st.stm32cube.ide.mcu.externaltools.gnu-tools-for-stm32.10.3-2021.10.win32_1.0.0.202111181127/tools/bin/../lib/gcc/arm-none-eabi/10.3.1/../../../../arm-none-eabi/lib/thumb/v7e-m+dp/hard\libc_nano.a(lib_a-memset.o)
                0x000000000800db3c                memset
 .text.realloc  0x000000000800db4c       0x10 c:/st/stm32cubeide_1.10.1/stm32cubeide/plugins/com.st.stm32cube.ide.mcu.externaltools.gnu-tools-for-stm32.10.3-2021.10.win32_1.0.0.202111181127/tools/bin/../lib/gcc/arm-none-eabi/10.3.1/../../../../arm-none-eabi/lib/thumb/v7e-m+dp/hard\libc_nano.a(lib_a-realloc.o)
                0x000000000800db4c                realloc
 .text._raise_r
                0x000000000800db5c       0x50 c:/st/stm32cubeide_1.10.1/stm32cubeide/plugins/com.st.stm32cube.ide.mcu.externaltools.gnu-tools-for-stm32.10.3-2021.10.win32_1.0.0.202111181127/tools/bin/../lib/gcc/arm-none-eabi/10.3.1/../../../../arm-none-eabi/lib/thumb/v7e-m+dp/hard\libc_nano.a(lib_a-signal.o)
                0x000000000800db5c                _raise_r
 .text.raise    0x000000000800dbac       0x10 c:/st/stm32cubeide_1.10.1/stm32cubeide/plugins/com.st.stm32cube.ide.mcu.externaltools.gnu-tools-for-stm32.10.3-2021.10.win32_1.0.0.202111181127/tools/bin/../lib/gcc/arm-none-eabi/10.3.1/../../../../arm-none-eabi/lib/thumb/v7e-m+dp/hard\libc_nano.a(lib_a-signal.o)
                0x000000000800dbac                raise
 .text._kill_r  0x000000000800dbbc       0x24 c:/st/stm32cubeide_1.10.1/stm32cubeide/plugins/com.st.stm32cube.ide.mcu.externaltools.gnu-tools-for-stm32.10.3-2021.10.win32_1.0.0.202111181127/tools/bin/../lib/gcc/arm-none-eabi/10.3.1/../../../../arm-none-eabi/lib/thumb/v7e-m+dp/hard\libc_nano.a(lib_a-signalr.o)
                0x000000000800dbbc                _kill_r
 .text._getpid_r
                0x000000000800dbe0        0x4 c:/st/stm32cubeide_1.10.1/stm32cubeide/plugins/com.st.stm32cube.ide.mcu.externaltools.gnu-tools-for-stm32.10.3-2021.10.win32_1.0.0.202111181127/tools/bin/../lib/gcc/arm-none-eabi/10.3.1/../../../../arm-none-eabi/lib/thumb/v7e-m+dp/hard\libc_nano.a(lib_a-signalr.o)
                0x000000000800dbe0                _getpid_r
 .text.sbrk_aligned
                0x000000000800dbe4       0x40 c:/st/stm32cubeide_1.10.1/stm32cubeide/plugins/com.st.stm32cube.ide.mcu.externaltools.gnu-tools-for-stm32.10.3-2021.10.win32_1.0.0.202111181127/tools/bin/../lib/gcc/arm-none-eabi/10.3.1/../../../../arm-none-eabi/lib/thumb/v7e-m+dp/hard\libc_nano.a(lib_a-nano-mallocr.o)
 .text._malloc_r
                0x000000000800dc24       0xe8 c:/st/stm32cubeide_1.10.1/stm32cubeide/plugins/com.st.stm32cube.ide.mcu.externaltools.gnu-tools-for-stm32.10.3-2021.10.win32_1.0.0.202111181127/tools/bin/../lib/gcc/arm-none-eabi/10.3.1/../../../../arm-none-eabi/lib/thumb/v7e-m+dp/hard\libc_nano.a(lib_a-nano-mallocr.o)
                0x000000000800dc24                _malloc_r
 .text._realloc_r
                0x000000000800dd0c       0x5e c:/st/stm32cubeide_1.10.1/stm32cubeide/plugins/com.st.stm32cube.ide.mcu.externaltools.gnu-tools-for-stm32.10.3-2021.10.win32_1.0.0.202111181127/tools/bin/../lib/gcc/arm-none-eabi/10.3.1/../../../../arm-none-eabi/lib/thumb/v7e-m+dp/hard\libc_nano.a(lib_a-nano-reallocr.o)
                0x000000000800dd0c                _realloc_r
 *fill*         0x000000000800dd6a        0x2 
 .text._sbrk_r  0x000000000800dd6c       0x20 c:/st/stm32cubeide_1.10.1/stm32cubeide/plugins/com.st.stm32cube.ide.mcu.externaltools.gnu-tools-for-stm32.10.3-2021.10.win32_1.0.0.202111181127/tools/bin/../lib/gcc/arm-none-eabi/10.3.1/../../../../arm-none-eabi/lib/thumb/v7e-m+dp/hard\libc_nano.a(lib_a-sbrkr.o)
                0x000000000800dd6c                _sbrk_r
 .text.__malloc_lock
                0x000000000800dd8c        0xc c:/st/stm32cubeide_1.10.1/stm32cubeide/plugins/com.st.stm32cube.ide.mcu.externaltools.gnu-tools-for-stm32.10.3-2021.10.win32_1.0.0.202111181127/tools/bin/../lib/gcc/arm-none-eabi/10.3.1/../../../../arm-none-eabi/lib/thumb/v7e-m+dp/hard\libc_nano.a(lib_a-mlock.o)
                0x000000000800dd8c                __malloc_lock
 .text.__malloc_unlock
                0x000000000800dd98        0xc c:/st/stm32cubeide_1.10.1/stm32cubeide/plugins/com.st.stm32cube.ide.mcu.externaltools.gnu-tools-for-stm32.10.3-2021.10.win32_1.0.0.202111181127/tools/bin/../lib/gcc/arm-none-eabi/10.3.1/../../../../arm-none-eabi/lib/thumb/v7e-m+dp/hard\libc_nano.a(lib_a-mlock.o)
                0x000000000800dd98                __malloc_unlock
 .text._free_r  0x000000000800dda4       0x98 c:/st/stm32cubeide_1.10.1/stm32cubeide/plugins/com.st.stm32cube.ide.mcu.externaltools.gnu-tools-for-stm32.10.3-2021.10.win32_1.0.0.202111181127/tools/bin/../lib/gcc/arm-none-eabi/10.3.1/../../../../arm-none-eabi/lib/thumb/v7e-m+dp/hard\libc_nano.a(lib_a-nano-freer.o)
                0x000000000800dda4                _free_r
 .text._malloc_usable_size_r
                0x000000000800de3c       0x10 c:/st/stm32cubeide_1.10.1/stm32cubeide/plugins/com.st.stm32cube.ide.mcu.externaltools.gnu-tools-for-stm32.10.3-2021.10.win32_1.0.0.202111181127/tools/bin/../lib/gcc/arm-none-eabi/10.3.1/../../../../arm-none-eabi/lib/thumb/v7e-m+dp/hard\libc_nano.a(lib_a-nano-msizer.o)
                0x000000000800de3c                _malloc_usable_size_r
 .text.__retarget_lock_acquire_recursive
                0x000000000800de4c        0x2 c:/st/stm32cubeide_1.10.1/stm32cubeide/plugins/com.st.stm32cube.ide.mcu.externaltools.gnu-tools-for-stm32.10.3-2021.10.win32_1.0.0.202111181127/tools/bin/../lib/gcc/arm-none-eabi/10.3.1/../../../../arm-none-eabi/lib/thumb/v7e-m+dp/hard\libc_nano.a(lib_a-lock.o)
                0x000000000800de4c                __retarget_lock_acquire_recursive
 .text.__retarget_lock_release_recursive
                0x000000000800de4e        0x2 c:/st/stm32cubeide_1.10.1/stm32cubeide/plugins/com.st.stm32cube.ide.mcu.externaltools.gnu-tools-for-stm32.10.3-2021.10.win32_1.0.0.202111181127/tools/bin/../lib/gcc/arm-none-eabi/10.3.1/../../../../arm-none-eabi/lib/thumb/v7e-m+dp/hard\libc_nano.a(lib_a-lock.o)
                0x000000000800de4e                __retarget_lock_release_recursive
 *(.glue_7)
 .glue_7        0x000000000800de50        0x0 linker stubs
 *(.glue_7t)
 .glue_7t       0x000000000800de50        0x0 linker stubs
 *(.eh_frame)
 .eh_frame      0x000000000800de50        0x0 c:/st/stm32cubeide_1.10.1/stm32cubeide/plugins/com.st.stm32cube.ide.mcu.externaltools.gnu-tools-for-stm32.10.3-2021.10.win32_1.0.0.202111181127/tools/bin/../lib/gcc/arm-none-eabi/10.3.1/thumb/v7e-m+dp/hard/crtbegin.o
 *(.init)
 .init          0x000000000800de50        0x4 c:/st/stm32cubeide_1.10.1/stm32cubeide/plugins/com.st.stm32cube.ide.mcu.externaltools.gnu-tools-for-stm32.10.3-2021.10.win32_1.0.0.202111181127/tools/bin/../lib/gcc/arm-none-eabi/10.3.1/thumb/v7e-m+dp/hard/crti.o
                0x000000000800de50                _init
 .init          0x000000000800de54        0x8 c:/st/stm32cubeide_1.10.1/stm32cubeide/plugins/com.st.stm32cube.ide.mcu.externaltools.gnu-tools-for-stm32.10.3-2021.10.win32_1.0.0.202111181127/tools/bin/../lib/gcc/arm-none-eabi/10.3.1/thumb/v7e-m+dp/hard/crtn.o
 *(.fini)
 .fini          0x000000000800de5c        0x4 c:/st/stm32cubeide_1.10.1/stm32cubeide/plugins/com.st.stm32cube.ide.mcu.externaltools.gnu-tools-for-stm32.10.3-2021.10.win32_1.0.0.202111181127/tools/bin/../lib/gcc/arm-none-eabi/10.3.1/thumb/v7e-m+dp/hard/crti.o
                0x000000000800de5c                _fini
 .fini          0x000000000800de60        0x8 c:/st/stm32cubeide_1.10.1/stm32cubeide/plugins/com.st.stm32cube.ide.mcu.externaltools.gnu-tools-for-stm32.10.3-2021.10.win32_1.0.0.202111181127/tools/bin/../lib/gcc/arm-none-eabi/10.3.1/thumb/v7e-m+dp/hard/crtn.o
                0x000000000800de68                . = ALIGN (0x4)
                0x000000000800de68                _etext = .

.vfp11_veneer   0x000000000800de68        0x0
 .vfp11_veneer  0x000000000800de68        0x0 linker stubs

.v4_bx          0x000000000800de68        0x0
 .v4_bx         0x000000000800de68        0x0 linker stubs

.iplt           0x000000000800de68        0x0
 .iplt          0x000000000800de68        0x0 c:/st/stm32cubeide_1.10.1/stm32cubeide/plugins/com.st.stm32cube.ide.mcu.externaltools.gnu-tools-for-stm32.10.3-2021.10.win32_1.0.0.202111181127/tools/bin/../lib/gcc/arm-none-eabi/10.3.1/thumb/v7e-m+dp/hard/crtbegin.o

.rodata         0x000000000800de68      0x304
                0x000000000800de68                . = ALIGN (0x4)
 *(.rodata)
 .rodata        0x000000000800de68      0x1a8 ./Core/Src/ros_main.o
 *(.rodata*)
 .rodata._ZN14rosserial_msgsL12REQUESTPARAME
                0x000000000800e010       0x1c ./Core/Src/ros_main.o
 .rodata._ZTVN3ros10SubscriberIN13geometry_msgs5PointEvEE
                0x000000000800e02c       0x18 ./Core/Src/ros_main.o
                0x000000000800e02c                vtable for ros::Subscriber<geometry_msgs::Point, void>
 .rodata._ZTVN3ros11NodeHandle_I13STM32HardwareLi25ELi25ELi512ELi512EEE
                0x000000000800e044       0x14 ./Core/Src/ros_main.o
                0x000000000800e044                vtable for ros::NodeHandle_<STM32Hardware, 25, 25, 512, 512>
 .rodata._ZTVN8std_msgs4BoolE
                0x000000000800e058       0x18 ./Core/Src/ros_main.o
                0x000000000800e058                vtable for std_msgs::Bool
 .rodata._ZTVN13geometry_msgs5PointE
                0x000000000800e070       0x18 ./Core/Src/ros_main.o
                0x000000000800e070                vtable for geometry_msgs::Point
 .rodata._ZTVN3ros11Subscriber_E
                0x000000000800e088       0x18 ./Core/Src/ros_main.o
                0x000000000800e088                vtable for ros::Subscriber_
 .rodata._ZTVN3ros15NodeHandleBase_E
                0x000000000800e0a0       0x14 ./Core/Src/ros_main.o
                0x000000000800e0a0                vtable for ros::NodeHandleBase_
 .rodata._ZTVN14rosserial_msgs20RequestParamResponseE
                0x000000000800e0b4       0x18 ./Core/Src/ros_main.o
                0x000000000800e0b4                vtable for rosserial_msgs::RequestParamResponse
 .rodata._ZTVN14rosserial_msgs3LogE
                0x000000000800e0cc       0x18 ./Core/Src/ros_main.o
                0x000000000800e0cc                vtable for rosserial_msgs::Log
 .rodata._ZTVN14rosserial_msgs9TopicInfoE
                0x000000000800e0e4       0x18 ./Core/Src/ros_main.o
                0x000000000800e0e4                vtable for rosserial_msgs::TopicInfo
 .rodata._ZTVN8std_msgs4TimeE
                0x000000000800e0fc       0x18 ./Core/Src/ros_main.o
                0x000000000800e0fc                vtable for std_msgs::Time
 .rodata._ZTVN3ros3MsgE
                0x000000000800e114       0x18 ./Core/Src/ros_main.o
                0x000000000800e114                vtable for ros::Msg
 .rodata.D1CorePrescTable
                0x000000000800e12c       0x10 ./Core/Src/system_stm32h7xx.o
                0x000000000800e12c                D1CorePrescTable
 .rodata.flagBitshiftOffset.0
                0x000000000800e13c        0x8 ./Drivers/STM32H7xx_HAL_Driver/Src/stm32h7xx_hal_dma.o
 .rodata.UARTPrescTable
                0x000000000800e144       0x18 ./Drivers/STM32H7xx_HAL_Driver/Src/stm32h7xx_hal_uart.o
                0x000000000800e144                UARTPrescTable
 .rodata.numerator.1
                0x000000000800e15c        0x8 ./Drivers/STM32H7xx_HAL_Driver/Src/stm32h7xx_hal_uart_ex.o
 .rodata.denominator.0
                0x000000000800e164        0x8 ./Drivers/STM32H7xx_HAL_Driver/Src/stm32h7xx_hal_uart_ex.o
                0x000000000800e16c                . = ALIGN (0x4)

.ARM.extab
 *(.ARM.extab* .gnu.linkonce.armextab.*)

.ARM            0x000000000800e16c        0x8
                0x000000000800e16c                __exidx_start = .
 *(.ARM.exidx*)
 .ARM.exidx     0x000000000800e16c        0x8 c:/st/stm32cubeide_1.10.1/stm32cubeide/plugins/com.st.stm32cube.ide.mcu.externaltools.gnu-tools-for-stm32.10.3-2021.10.win32_1.0.0.202111181127/tools/bin/../lib/gcc/arm-none-eabi/10.3.1/thumb/v7e-m+dp/hard\libgcc.a(_udivmoddi4.o)
                0x000000000800e174                __exidx_end = .

.rel.dyn        0x000000000800e174        0x0
 .rel.iplt      0x000000000800e174        0x0 c:/st/stm32cubeide_1.10.1/stm32cubeide/plugins/com.st.stm32cube.ide.mcu.externaltools.gnu-tools-for-stm32.10.3-2021.10.win32_1.0.0.202111181127/tools/bin/../lib/gcc/arm-none-eabi/10.3.1/thumb/v7e-m+dp/hard/crtbegin.o

.preinit_array  0x000000000800e174        0x0
                0x000000000800e174                PROVIDE (__preinit_array_start = .)
 *(.preinit_array*)
                0x000000000800e174                PROVIDE (__preinit_array_end = .)

.init_array     0x000000000800e174       0x14
                0x000000000800e174                PROVIDE (__init_array_start = .)
 *(SORT_BY_NAME(.init_array.*))
 *(.init_array*)
 .init_array    0x000000000800e174        0x4 c:/st/stm32cubeide_1.10.1/stm32cubeide/plugins/com.st.stm32cube.ide.mcu.externaltools.gnu-tools-for-stm32.10.3-2021.10.win32_1.0.0.202111181127/tools/bin/../lib/gcc/arm-none-eabi/10.3.1/thumb/v7e-m+dp/hard/crtbegin.o
 .init_array    0x000000000800e178        0x4 ./Core/Src/dc_motor.o
 .init_array    0x000000000800e17c        0x4 ./Core/Src/mecanum.o
 .init_array    0x000000000800e180        0x4 ./Core/Src/ros_main.o
 .init_array    0x000000000800e184        0x4 ./Core/Src/scara.o
                0x000000000800e188                PROVIDE (__init_array_end = .)

.fini_array     0x000000000800e188        0x4
                [!provide]                        PROVIDE (__fini_array_start = .)
 *(SORT_BY_NAME(.fini_array.*))
 *(.fini_array*)
 .fini_array    0x000000000800e188        0x4 c:/st/stm32cubeide_1.10.1/stm32cubeide/plugins/com.st.stm32cube.ide.mcu.externaltools.gnu-tools-for-stm32.10.3-2021.10.win32_1.0.0.202111181127/tools/bin/../lib/gcc/arm-none-eabi/10.3.1/thumb/v7e-m+dp/hard/crtbegin.o
                [!provide]                        PROVIDE (__fini_array_end = .)
                0x000000000800e18c                _sidata = LOADADDR (.data)

.data           0x0000000024000000       0x78 load address 0x000000000800e18c
                0x0000000024000000                . = ALIGN (0x4)
                0x0000000024000000                _sdata = .
 *(.data)
 *(.data*)
 .data.SystemCoreClock
                0x0000000024000000        0x4 ./Core/Src/system_stm32h7xx.o
                0x0000000024000000                SystemCoreClock
 .data.SystemD2Clock
                0x0000000024000004        0x4 ./Core/Src/system_stm32h7xx.o
                0x0000000024000004                SystemD2Clock
 .data.uwTickPrio
                0x0000000024000008        0x4 ./Drivers/STM32H7xx_HAL_Driver/Src/stm32h7xx_hal.o
                0x0000000024000008                uwTickPrio
 .data.uwTickFreq
                0x000000002400000c        0x1 ./Drivers/STM32H7xx_HAL_Driver/Src/stm32h7xx_hal.o
                0x000000002400000c                uwTickFreq
 *fill*         0x000000002400000d        0x3 
 .data._ZN10__cxxabiv119__terminate_handlerE
                0x0000000024000010        0x4 c:/st/stm32cubeide_1.10.1/stm32cubeide/plugins/com.st.stm32cube.ide.mcu.externaltools.gnu-tools-for-stm32.10.3-2021.10.win32_1.0.0.202111181127/tools/bin/../lib/gcc/arm-none-eabi/10.3.1/../../../../arm-none-eabi/lib/thumb/v7e-m+dp/hard\libstdc++_nano.a(eh_term_handler.o)
                0x0000000024000010                __cxxabiv1::__terminate_handler
 .data._impure_ptr
                0x0000000024000014        0x4 c:/st/stm32cubeide_1.10.1/stm32cubeide/plugins/com.st.stm32cube.ide.mcu.externaltools.gnu-tools-for-stm32.10.3-2021.10.win32_1.0.0.202111181127/tools/bin/../lib/gcc/arm-none-eabi/10.3.1/../../../../arm-none-eabi/lib/thumb/v7e-m+dp/hard\libc_nano.a(lib_a-impure.o)
                0x0000000024000014                _impure_ptr
 .data.impure_data
                0x0000000024000018       0x60 c:/st/stm32cubeide_1.10.1/stm32cubeide/plugins/com.st.stm32cube.ide.mcu.externaltools.gnu-tools-for-stm32.10.3-2021.10.win32_1.0.0.202111181127/tools/bin/../lib/gcc/arm-none-eabi/10.3.1/../../../../arm-none-eabi/lib/thumb/v7e-m+dp/hard\libc_nano.a(lib_a-impure.o)
 *(.RamFunc)
 *(.RamFunc*)
                0x0000000024000078                . = ALIGN (0x4)
                0x0000000024000078                _edata = .

.igot.plt       0x0000000024000078        0x0 load address 0x000000000800e204
 .igot.plt      0x0000000024000078        0x0 c:/st/stm32cubeide_1.10.1/stm32cubeide/plugins/com.st.stm32cube.ide.mcu.externaltools.gnu-tools-for-stm32.10.3-2021.10.win32_1.0.0.202111181127/tools/bin/../lib/gcc/arm-none-eabi/10.3.1/thumb/v7e-m+dp/hard/crtbegin.o
                0x0000000024000078                . = ALIGN (0x4)

.bss            0x0000000024000078     0x1068 load address 0x000000000800e204
                0x0000000024000078                _sbss = .
                0x0000000024000078                __bss_start__ = _sbss
 *(.bss)
 .bss           0x0000000024000078       0x1c c:/st/stm32cubeide_1.10.1/stm32cubeide/plugins/com.st.stm32cube.ide.mcu.externaltools.gnu-tools-for-stm32.10.3-2021.10.win32_1.0.0.202111181127/tools/bin/../lib/gcc/arm-none-eabi/10.3.1/thumb/v7e-m+dp/hard/crtbegin.o
 *(.bss*)
 *fill*         0x0000000024000094        0x4 
 .bss.fr        0x0000000024000098       0x88 ./Core/Src/dc_motor.o
                0x0000000024000098                fr
 .bss.fl        0x0000000024000120       0x88 ./Core/Src/dc_motor.o
                0x0000000024000120                fl
 .bss.br        0x00000000240001a8       0x88 ./Core/Src/dc_motor.o
                0x00000000240001a8                br
 .bss.bl        0x0000000024000230       0x88 ./Core/Src/dc_motor.o
                0x0000000024000230                bl
 .bss.debug_mode
                0x00000000240002b8        0x1 ./Core/Src/debug.o
                0x00000000240002b8                debug_mode
 *fill*         0x00000000240002b9        0x3 
 .bss.htim2     0x00000000240002bc       0x4c ./Core/Src/main.o
                0x00000000240002bc                htim2
 .bss.htim3     0x0000000024000308       0x4c ./Core/Src/main.o
                0x0000000024000308                htim3
 .bss.htim4     0x0000000024000354       0x4c ./Core/Src/main.o
                0x0000000024000354                htim4
 .bss.htim5     0x00000000240003a0       0x4c ./Core/Src/main.o
                0x00000000240003a0                htim5
 .bss.htim12    0x00000000240003ec       0x4c ./Core/Src/main.o
                0x00000000240003ec                htim12
 .bss.htim13    0x0000000024000438       0x4c ./Core/Src/main.o
                0x0000000024000438                htim13
 .bss.htim15    0x0000000024000484       0x4c ./Core/Src/main.o
                0x0000000024000484                htim15
 .bss.huart3    0x00000000240004d0       0x90 ./Core/Src/main.o
                0x00000000240004d0                huart3
 .bss.hdma_usart3_rx
                0x0000000024000560       0x78 ./Core/Src/main.o
                0x0000000024000560                hdma_usart3_rx
 .bss.hdma_usart3_tx
                0x00000000240005d8       0x78 ./Core/Src/main.o
                0x00000000240005d8                hdma_usart3_tx
 .bss.mecanum   0x0000000024000650       0x48 ./Core/Src/mecanum.o
                0x0000000024000650                mecanum
 .bss._ZZN13STM32Hardware5flushEvE5mutex
                0x0000000024000698        0x1 ./Core/Src/ros_main.o
                0x0000000024000698                STM32Hardware::flush()::mutex
 *fill*         0x0000000024000699        0x3 
 .bss.nh        0x000000002400069c      0x93c ./Core/Src/ros_main.o
                0x000000002400069c                nh
 .bss.scara_state
                0x0000000024000fd8        0x8 ./Core/Src/ros_main.o
                0x0000000024000fd8                scara_state
 .bss.car_speed
                0x0000000024000fe0       0x20 ./Core/Src/ros_main.o
                0x0000000024000fe0                car_speed
 .bss.mecanum_sub
                0x0000000024001000       0x38 ./Core/Src/ros_main.o
                0x0000000024001000                mecanum_sub
 .bss.scara_sub
                0x0000000024001038       0x38 ./Core/Src/ros_main.o
                0x0000000024001038                scara_sub
 .bss.mecanum_pub
                0x0000000024001070       0x14 ./Core/Src/ros_main.o
                0x0000000024001070                mecanum_pub
 *fill*         0x0000000024001084        0x4 
 .bss.scara     0x0000000024001088       0x40 ./Core/Src/scara.o
                0x0000000024001088                scara
 .bss.__sbrk_heap_end
                0x00000000240010c8        0x4 ./Core/Src/sysmem.o
 .bss.uwTick    0x00000000240010cc        0x4 ./Drivers/STM32H7xx_HAL_Driver/Src/stm32h7xx_hal.o
                0x00000000240010cc                uwTick
 .bss.__malloc_free_list
                0x00000000240010d0        0x4 c:/st/stm32cubeide_1.10.1/stm32cubeide/plugins/com.st.stm32cube.ide.mcu.externaltools.gnu-tools-for-stm32.10.3-2021.10.win32_1.0.0.202111181127/tools/bin/../lib/gcc/arm-none-eabi/10.3.1/../../../../arm-none-eabi/lib/thumb/v7e-m+dp/hard\libc_nano.a(lib_a-nano-mallocr.o)
                0x00000000240010d0                __malloc_free_list
 .bss.__malloc_sbrk_start
                0x00000000240010d4        0x4 c:/st/stm32cubeide_1.10.1/stm32cubeide/plugins/com.st.stm32cube.ide.mcu.externaltools.gnu-tools-for-stm32.10.3-2021.10.win32_1.0.0.202111181127/tools/bin/../lib/gcc/arm-none-eabi/10.3.1/../../../../arm-none-eabi/lib/thumb/v7e-m+dp/hard\libc_nano.a(lib_a-nano-mallocr.o)
                0x00000000240010d4                __malloc_sbrk_start
 .bss.errno     0x00000000240010d8        0x4 c:/st/stm32cubeide_1.10.1/stm32cubeide/plugins/com.st.stm32cube.ide.mcu.externaltools.gnu-tools-for-stm32.10.3-2021.10.win32_1.0.0.202111181127/tools/bin/../lib/gcc/arm-none-eabi/10.3.1/../../../../arm-none-eabi/lib/thumb/v7e-m+dp/hard\libc_nano.a(lib_a-reent.o)
                0x00000000240010d8                errno
 .bss.__lock___malloc_recursive_mutex
                0x00000000240010dc        0x1 c:/st/stm32cubeide_1.10.1/stm32cubeide/plugins/com.st.stm32cube.ide.mcu.externaltools.gnu-tools-for-stm32.10.3-2021.10.win32_1.0.0.202111181127/tools/bin/../lib/gcc/arm-none-eabi/10.3.1/../../../../arm-none-eabi/lib/thumb/v7e-m+dp/hard\libc_nano.a(lib_a-lock.o)
                0x00000000240010dc                __lock___malloc_recursive_mutex
 *(COMMON)
                0x00000000240010e0                . = ALIGN (0x4)
 *fill*         0x00000000240010dd        0x3 
                0x00000000240010e0                _ebss = .
                0x00000000240010e0                __bss_end__ = _ebss

._user_heap_stack
                0x00000000240010e0      0x600 load address 0x000000000800e204
                0x00000000240010e0                . = ALIGN (0x8)
                [!provide]                        PROVIDE (end = .)
                0x00000000240010e0                PROVIDE (_end = .)
                0x00000000240012e0                . = (. + _Min_Heap_Size)
 *fill*         0x00000000240010e0      0x200 
                0x00000000240016e0                . = (. + _Min_Stack_Size)
 *fill*         0x00000000240012e0      0x400 
                0x00000000240016e0                . = ALIGN (0x8)

/DISCARD/
 libc.a(*)
 libm.a(*)
 libgcc.a(*)

.ARM.attributes
                0x0000000000000000       0x2e
 *(.ARM.attributes)
 .ARM.attributes
                0x0000000000000000       0x1e c:/st/stm32cubeide_1.10.1/stm32cubeide/plugins/com.st.stm32cube.ide.mcu.externaltools.gnu-tools-for-stm32.10.3-2021.10.win32_1.0.0.202111181127/tools/bin/../lib/gcc/arm-none-eabi/10.3.1/thumb/v7e-m+dp/hard/crti.o
 .ARM.attributes
                0x000000000000001e       0x32 c:/st/stm32cubeide_1.10.1/stm32cubeide/plugins/com.st.stm32cube.ide.mcu.externaltools.gnu-tools-for-stm32.10.3-2021.10.win32_1.0.0.202111181127/tools/bin/../lib/gcc/arm-none-eabi/10.3.1/thumb/v7e-m+dp/hard/crtbegin.o
 .ARM.attributes
                0x0000000000000050       0x32 ./Core/Inc/time.o
 .ARM.attributes
                0x0000000000000082       0x32 ./Core/Src/dc_motor.o
 .ARM.attributes
                0x00000000000000b4       0x32 ./Core/Src/debug.o
 .ARM.attributes
                0x00000000000000e6       0x32 ./Core/Src/main.o
 .ARM.attributes
                0x0000000000000118       0x32 ./Core/Src/mainpp.o
 .ARM.attributes
                0x000000000000014a       0x32 ./Core/Src/mecanum.o
 .ARM.attributes
                0x000000000000017c       0x32 ./Core/Src/ros_main.o
 .ARM.attributes
                0x00000000000001ae       0x32 ./Core/Src/scara.o
 .ARM.attributes
                0x00000000000001e0       0x32 ./Core/Src/stm32h7xx_hal_msp.o
 .ARM.attributes
                0x0000000000000212       0x32 ./Core/Src/stm32h7xx_it.o
 .ARM.attributes
                0x0000000000000244       0x32 ./Core/Src/syscalls.o
 .ARM.attributes
                0x0000000000000276       0x32 ./Core/Src/sysmem.o
 .ARM.attributes
                0x00000000000002a8       0x32 ./Core/Src/system_stm32h7xx.o
 .ARM.attributes
                0x00000000000002da       0x32 ./Core/Src/timer_elapse.o
 .ARM.attributes
                0x000000000000030c       0x21 ./Core/Startup/startup_stm32h723zgtx.o
 .ARM.attributes
                0x000000000000032d       0x32 ./Drivers/STM32H7xx_HAL_Driver/Src/stm32h7xx_hal.o
 .ARM.attributes
                0x000000000000035f       0x32 ./Drivers/STM32H7xx_HAL_Driver/Src/stm32h7xx_hal_cortex.o
 .ARM.attributes
                0x0000000000000391       0x32 ./Drivers/STM32H7xx_HAL_Driver/Src/stm32h7xx_hal_dma.o
 .ARM.attributes
                0x00000000000003c3       0x32 ./Drivers/STM32H7xx_HAL_Driver/Src/stm32h7xx_hal_gpio.o
 .ARM.attributes
                0x00000000000003f5       0x32 ./Drivers/STM32H7xx_HAL_Driver/Src/stm32h7xx_hal_pwr_ex.o
 .ARM.attributes
                0x0000000000000427       0x32 ./Drivers/STM32H7xx_HAL_Driver/Src/stm32h7xx_hal_rcc.o
 .ARM.attributes
                0x0000000000000459       0x32 ./Drivers/STM32H7xx_HAL_Driver/Src/stm32h7xx_hal_rcc_ex.o
 .ARM.attributes
                0x000000000000048b       0x32 ./Drivers/STM32H7xx_HAL_Driver/Src/stm32h7xx_hal_tim.o
 .ARM.attributes
                0x00000000000004bd       0x32 ./Drivers/STM32H7xx_HAL_Driver/Src/stm32h7xx_hal_tim_ex.o
 .ARM.attributes
                0x00000000000004ef       0x32 ./Drivers/STM32H7xx_HAL_Driver/Src/stm32h7xx_hal_uart.o
 .ARM.attributes
                0x0000000000000521       0x32 ./Drivers/STM32H7xx_HAL_Driver/Src/stm32h7xx_hal_uart_ex.o
 .ARM.attributes
                0x0000000000000553       0x32 c:/st/stm32cubeide_1.10.1/stm32cubeide/plugins/com.st.stm32cube.ide.mcu.externaltools.gnu-tools-for-stm32.10.3-2021.10.win32_1.0.0.202111181127/tools/bin/../lib/gcc/arm-none-eabi/10.3.1/../../../../arm-none-eabi/lib/thumb/v7e-m+dp/hard\libstdc++_nano.a(pure.o)
 .ARM.attributes
                0x0000000000000585       0x32 c:/st/stm32cubeide_1.10.1/stm32cubeide/plugins/com.st.stm32cube.ide.mcu.externaltools.gnu-tools-for-stm32.10.3-2021.10.win32_1.0.0.202111181127/tools/bin/../lib/gcc/arm-none-eabi/10.3.1/../../../../arm-none-eabi/lib/thumb/v7e-m+dp/hard\libstdc++_nano.a(eh_terminate.o)
 .ARM.attributes
                0x00000000000005b7       0x32 c:/st/stm32cubeide_1.10.1/stm32cubeide/plugins/com.st.stm32cube.ide.mcu.externaltools.gnu-tools-for-stm32.10.3-2021.10.win32_1.0.0.202111181127/tools/bin/../lib/gcc/arm-none-eabi/10.3.1/../../../../arm-none-eabi/lib/thumb/v7e-m+dp/hard\libstdc++_nano.a(eh_term_handler.o)
 .ARM.attributes
                0x00000000000005e9       0x32 c:/st/stm32cubeide_1.10.1/stm32cubeide/plugins/com.st.stm32cube.ide.mcu.externaltools.gnu-tools-for-stm32.10.3-2021.10.win32_1.0.0.202111181127/tools/bin/../lib/gcc/arm-none-eabi/10.3.1/../../../../arm-none-eabi/lib/thumb/v7e-m+dp/hard\libc_nano.a(lib_a-abort.o)
 .ARM.attributes