Archive member included to satisfy reference by file (symbol)

c:/st/stm32cubeide_1.10.1/stm32cubeide/plugins/com.st.stm32cube.ide.mcu.externaltools.gnu-tools-for-stm32.10.3-2021.10.win32_1.0.0.202111181127/tools/bin/../lib/gcc/arm-none-eabi/10.3.1/../../../../arm-none-eabi/lib/thumb/v7e-m+dp/hard\libstdc++_nano.a(pure.o)
                              ./Core/Src/ros_main.o (__cxa_pure_virtual)
c:/st/stm32cubeide_1.10.1/stm32cubeide/plugins/com.st.stm32cube.ide.mcu.externaltools.gnu-tools-for-stm32.10.3-2021.10.win32_1.0.0.202111181127/tools/bin/../lib/gcc/arm-none-eabi/10.3.1/../../../../arm-none-eabi/lib/thumb/v7e-m+dp/hard\libstdc++_nano.a(eh_terminate.o)
                              c:/st/stm32cubeide_1.10.1/stm32cubeide/plugins/com.st.stm32cube.ide.mcu.externaltools.gnu-tools-for-stm32.10.3-2021.10.win32_1.0.0.202111181127/tools/bin/../lib/gcc/arm-none-eabi/10.3.1/../../../../arm-none-eabi/lib/thumb/v7e-m+dp/hard\libstdc++_nano.a(pure.o) (std::terminate())
c:/st/stm32cubeide_1.10.1/stm32cubeide/plugins/com.st.stm32cube.ide.mcu.externaltools.gnu-tools-for-stm32.10.3-2021.10.win32_1.0.0.202111181127/tools/bin/../lib/gcc/arm-none-eabi/10.3.1/../../../../arm-none-eabi/lib/thumb/v7e-m+dp/hard\libstdc++_nano.a(eh_unex_handler.o)
                              c:/st/stm32cubeide_1.10.1/stm32cubeide/plugins/com.st.stm32cube.ide.mcu.externaltools.gnu-tools-for-stm32.10.3-2021.10.win32_1.0.0.202111181127/tools/bin/../lib/gcc/arm-none-eabi/10.3.1/../../../../arm-none-eabi/lib/thumb/v7e-m+dp/hard\libstdc++_nano.a(eh_terminate.o) (__cxxabiv1::__unexpected_handler)
c:/st/stm32cubeide_1.10.1/stm32cubeide/plugins/com.st.stm32cube.ide.mcu.externaltools.gnu-tools-for-stm32.10.3-2021.10.win32_1.0.0.202111181127/tools/bin/../lib/gcc/arm-none-eabi/10.3.1/../../../../arm-none-eabi/lib/thumb/v7e-m+dp/hard\libstdc++_nano.a(eh_term_handler.o)
                              c:/st/stm32cubeide_1.10.1/stm32cubeide/plugins/com.st.stm32cube.ide.mcu.externaltools.gnu-tools-for-stm32.10.3-2021.10.win32_1.0.0.202111181127/tools/bin/../lib/gcc/arm-none-eabi/10.3.1/../../../../arm-none-eabi/lib/thumb/v7e-m+dp/hard\libstdc++_nano.a(eh_terminate.o) (__cxxabiv1::__terminate_handler)
c:/st/stm32cubeide_1.10.1/stm32cubeide/plugins/com.st.stm32cube.ide.mcu.externaltools.gnu-tools-for-stm32.10.3-2021.10.win32_1.0.0.202111181127/tools/bin/../lib/gcc/arm-none-eabi/10.3.1/../../../../arm-none-eabi/lib/thumb/v7e-m+dp/hard\libm.a(lib_a-pow.o)
                              ./Core/Src/scara.o (pow)
c:/st/stm32cubeide_1.10.1/stm32cubeide/plugins/com.st.stm32cube.ide.mcu.externaltools.gnu-tools-for-stm32.10.3-2021.10.win32_1.0.0.202111181127/tools/bin/../lib/gcc/arm-none-eabi/10.3.1/../../../../arm-none-eabi/lib/thumb/v7e-m+dp/hard\libm.a(lib_a-pow_log_data.o)
                              c:/st/stm32cubeide_1.10.1/stm32cubeide/plugins/com.st.stm32cube.ide.mcu.externaltools.gnu-tools-for-stm32.10.3-2021.10.win32_1.0.0.202111181127/tools/bin/../lib/gcc/arm-none-eabi/10.3.1/../../../../arm-none-eabi/lib/thumb/v7e-m+dp/hard\libm.a(lib_a-pow.o) (__pow_log_data)
c:/st/stm32cubeide_1.10.1/stm32cubeide/plugins/com.st.stm32cube.ide.mcu.externaltools.gnu-tools-for-stm32.10.3-2021.10.win32_1.0.0.202111181127/tools/bin/../lib/gcc/arm-none-eabi/10.3.1/../../../../arm-none-eabi/lib/thumb/v7e-m+dp/hard\libm.a(lib_a-s_atan.o)
                              ./Core/Src/scara.o (atan)
c:/st/stm32cubeide_1.10.1/stm32cubeide/plugins/com.st.stm32cube.ide.mcu.externaltools.gnu-tools-for-stm32.10.3-2021.10.win32_1.0.0.202111181127/tools/bin/../lib/gcc/arm-none-eabi/10.3.1/../../../../arm-none-eabi/lib/thumb/v7e-m+dp/hard\libm.a(lib_a-s_fabs.o)
                              c:/st/stm32cubeide_1.10.1/stm32cubeide/plugins/com.st.stm32cube.ide.mcu.externaltools.gnu-tools-for-stm32.10.3-2021.10.win32_1.0.0.202111181127/tools/bin/../lib/gcc/arm-none-eabi/10.3.1/../../../../arm-none-eabi/lib/thumb/v7e-m+dp/hard\libm.a(lib_a-s_atan.o) (fabs)
c:/st/stm32cubeide_1.10.1/stm32cubeide/plugins/com.st.stm32cube.ide.mcu.externaltools.gnu-tools-for-stm32.10.3-2021.10.win32_1.0.0.202111181127/tools/bin/../lib/gcc/arm-none-eabi/10.3.1/../../../../arm-none-eabi/lib/thumb/v7e-m+dp/hard\libm.a(lib_a-w_acos.o)
                              ./Core/Src/scara.o (acos)
c:/st/stm32cubeide_1.10.1/stm32cubeide/plugins/com.st.stm32cube.ide.mcu.externaltools.gnu-tools-for-stm32.10.3-2021.10.win32_1.0.0.202111181127/tools/bin/../lib/gcc/arm-none-eabi/10.3.1/../../../../arm-none-eabi/lib/thumb/v7e-m+dp/hard\libm.a(lib_a-w_sqrt.o)
                              ./Core/Src/scara.o (sqrt)
c:/st/stm32cubeide_1.10.1/stm32cubeide/plugins/com.st.stm32cube.ide.mcu.externaltools.gnu-tools-for-stm32.10.3-2021.10.win32_1.0.0.202111181127/tools/bin/../lib/gcc/arm-none-eabi/10.3.1/../../../../arm-none-eabi/lib/thumb/v7e-m+dp/hard\libm.a(lib_a-e_acos.o)
[...]
Memory Configuration

Name             Origin             Length             Attributes
ITCMRAM          0x0000000000000000 0x0000000000010000 xrw
DTCMRAM          0x0000000020000000 0x0000000000020000 xrw
FLASH            0x0000000008000000 0x0000000000100000 xr
RAM_D1           0x0000000024000000 0x0000000000050000 xrw
RAM_D2           0x0000000030000000 0x0000000000008000 xrw
RAM_D3           0x0000000038000000 0x0000000000004000 xrw
*default*        0x0000000000000000 0xffffffffffffffff

Linker script and memory map

LOAD c:/st/stm32cubeide_1.10.1/stm32cubeide/plugins/com.st.stm32cube.ide.mcu.externaltools.gnu-tools-for-stm32.10.3-2021.10.win32_1.0.0.202111181127/tools/bin/../lib/gcc/arm-none-eabi/10.3.1/thumb/v7e-m+dp/hard/crti.o
LOAD c:/st/stm32cubeide_1.10.1/stm32cubeide/plugins/com.st.stm32cube.ide.mcu.externaltools.gnu-tools-for-stm32.10.3-2021.10.win32_1.0.0.202111181127/tools/bin/../lib/gcc/arm-none-eabi/10.3.1/thumb/v7e-m+dp/hard/crtbegin.o
LOAD c:/st/stm32cubeide_1.10.1/stm32cubeide/plugins/com.st.stm32cube.ide.mcu.externaltools.gnu-tools-for-stm32.10.3-2021.10.win32_1.0.0.202111181127/tools/bin/../lib/gcc/arm-none-eabi/10.3.1/../../../../arm-none-eabi/lib/thumb/v7e-m+dp/hard/crt0.o
LOAD ./Core/Inc/duration.o
LOAD ./Core/Inc/time.o
LOAD ./Core/Src/dc_motor.o
LOAD ./Core/Src/debug.o
LOAD ./Core/Src/intake.o
LOAD ./Core/Src/main.o
LOAD ./Core/Src/mainpp.o
LOAD ./Core/Src/mecanum.o
LOAD ./Core/Src/microswitch.o
LOAD ./Core/Src/reset.o
LOAD ./Core/Src/ros_main.o
LOAD ./Core/Src/scara.o
LOAD ./Core/Src/stm32h7xx_hal_msp.o
LOAD ./Core/Src/stm32h7xx_it.o
LOAD ./Core/Src/stm_main.o
LOAD ./Core/Src/syscalls.o
LOAD ./Core/Src/sysmem.o
LOAD ./Core/Src/system_stm32h7xx.o
LOAD ./Core/Src/timing.o
LOAD ./Core/Startup/startup_stm32h723zgtx.o
LOAD ./Drivers/STM32H7xx_HAL_Driver/Src/stm32h7xx_hal.o
LOAD ./Drivers/STM32H7xx_HAL_Driver/Src/stm32h7xx_hal_cortex.o
LOAD ./Drivers/STM32H7xx_HAL_Driver/Src/stm32h7xx_hal_dma.o
LOAD ./Drivers/STM32H7xx_HAL_Driver/Src/stm32h7xx_hal_dma_ex.o
LOAD ./Drivers/STM32H7xx_HAL_Driver/Src/stm32h7xx_hal_exti.o
LOAD ./Drivers/STM32H7xx_HAL_Driver/Src/stm32h7xx_hal_flash.o
LOAD ./Drivers/STM32H7xx_HAL_Driver/Src/stm32h7xx_hal_flash_ex.o
LOAD ./Drivers/STM32H7xx_HAL_Driver/Src/stm32h7xx_hal_gpio.o
LOAD ./Drivers/STM32H7xx_HAL_Driver/Src/stm32h7xx_hal_hsem.o
LOAD ./Drivers/STM32H7xx_HAL_Driver/Src/stm32h7xx_hal_i2c.o
LOAD ./Drivers/STM32H7xx_HAL_Driver/Src/stm32h7xx_hal_i2c_ex.o
LOAD ./Drivers/STM32H7xx_HAL_Driver/Src/stm32h7xx_hal_mdma.o
LOAD ./Drivers/STM32H7xx_HAL_Driver/Src/stm32h7xx_hal_pwr.o
LOAD ./Drivers/STM32H7xx_HAL_Driver/Src/stm32h7xx_hal_pwr_ex.o
LOAD ./Drivers/STM32H7xx_HAL_Driver/Src/stm32h7xx_hal_rcc.o
LOAD ./Drivers/STM32H7xx_HAL_Driver/Src/stm32h7xx_hal_rcc_ex.o
LOAD ./Drivers/STM32H7xx_HAL_Driver/Src/stm32h7xx_hal_tim.o
LOAD ./Drivers/STM32H7xx_HAL_Driver/Src/stm32h7xx_hal_tim_ex.o
LOAD ./Drivers/STM32H7xx_HAL_Driver/Src/stm32h7xx_hal_uart.o
LOAD ./Drivers/STM32H7xx_HAL_Driver/Src/stm32h7xx_hal_uart_ex.o
START GROUP
LOAD c:/st/stm32cubeide_1.10.1/stm32cubeide/plugins/com.st.stm32cube.ide.mcu.externaltools.gnu-tools-for-stm32.10.3-2021.10.win32_1.0.0.202111181127/tools/bin/../lib/gcc/arm-none-eabi/10.3.1/../../../../arm-none-eabi/lib/thumb/v7e-m+dp/hard\libstdc++_nano.a
LOAD c:/st/stm32cubeide_1.10.1/stm32cubeide/plugins/com.st.stm32cube.ide.mcu.externaltools.gnu-tools-for-stm32.10.3-2021.10.win32_1.0.0.202111181127/tools/bin/../lib/gcc/arm-none-eabi/10.3.1/../../../../arm-none-eabi/lib/thumb/v7e-m+dp/hard\libsupc++_nano.a
END GROUP
LOAD c:/st/stm32cubeide_1.10.1/stm32cubeide/plugins/com.st.stm32cube.ide.mcu.externaltools.gnu-tools-for-stm32.10.3-2021.10.win32_1.0.0.202111181127/tools/bin/../lib/gcc/arm-none-eabi/10.3.1/../../../../arm-none-eabi/lib/thumb/v7e-m+dp/hard\libstdc++_nano.a
LOAD c:/st/stm32cubeide_1.10.1/stm32cubeide/plugins/com.st.stm32cube.ide.mcu.externaltools.gnu-tools-for-stm32.10.3-2021.10.win32_1.0.0.202111181127/tools/bin/../lib/gcc/arm-none-eabi/10.3.1/../../../../arm-none-eabi/lib/thumb/v7e-m+dp/hard\libm.a
LOAD c:/st/stm32cubeide_1.10.1/stm32cubeide/plugins/com.st.stm32cube.ide.mcu.externaltools.gnu-tools-for-stm32.10.3-2021.10.win32_1.0.0.202111181127/tools/bin/../lib/gcc/arm-none-eabi/10.3.1/../../../../arm-none-eabi/lib/thumb/v7e-m+dp/hard\libc_nano.a
START GROUP
LOAD c:/st/stm32cubeide_1.10.1/stm32cubeide/plugins/com.st.stm32cube.ide.mcu.externaltools.gnu-tools-for-stm32.10.3-2021.10.win32_1.0.0.202111181127/tools/bin/../lib/gcc/arm-none-eabi/10.3.1/thumb/v7e-m+dp/hard\libgcc.a
LOAD c:/st/stm32cubeide_1.10.1/stm32cubeide/plugins/com.st.stm32cube.ide.mcu.externaltools.gnu-tools-for-stm32.10.3-2021.10.win32_1.0.0.202111181127/tools/bin/../lib/gcc/arm-none-eabi/10.3.1/../../../../arm-none-eabi/lib/thumb/v7e-m+dp/hard\libc_nano.a
END GROUP
START GROUP
LOAD c:/st/stm32cubeide_1.10.1/stm32cubeide/plugins/com.st.stm32cube.ide.mcu.externaltools.gnu-tools-for-stm32.10.3-2021.10.win32_1.0.0.202111181127/tools/bin/../lib/gcc/arm-none-eabi/10.3.1/thumb/v7e-m+dp/hard\libgcc.a
LOAD c:/st/stm32cubeide_1.10.1/stm32cubeide/plugins/com.st.stm32cube.ide.mcu.externaltools.gnu-tools-for-stm32.10.3-2021.10.win32_1.0.0.202111181127/tools/bin/../lib/gcc/arm-none-eabi/10.3.1/../../../../arm-none-eabi/lib/thumb/v7e-m+dp/hard\libc_nano.a
LOAD c:/st/stm32cubeide_1.10.1/stm32cubeide/plugins/com.st.stm32cube.ide.mcu.externaltools.gnu-tools-for-stm32.10.3-2021.10.win32_1.0.0.202111181127/tools/bin/../lib/gcc/arm-none-eabi/10.3.1/../../../../arm-none-eabi/lib/thumb/v7e-m+dp/hard\libnosys.a
END GROUP
START GROUP
LOAD c:/st/stm32cubeide_1.10.1/stm32cubeide/plugins/com.st.stm32cube.ide.mcu.externaltools.gnu-tools-for-stm32.10.3-2021.10.win32_1.0.0.202111181127/tools/bin/../lib/gcc/arm-none-eabi/10.3.1/thumb/v7e-m+dp/hard\libgcc.a
LOAD c:/st/stm32cubeide_1.10.1/stm32cubeide/plugins/com.st.stm32cube.ide.mcu.externaltools.gnu-tools-for-stm32.10.3-2021.10.win32_1.0.0.202111181127/tools/bin/../lib/gcc/arm-none-eabi/10.3.1/../../../../arm-none-eabi/lib/thumb/v7e-m+dp/hard\libc_nano.a
LOAD c:/st/stm32cubeide_1.10.1/stm32cubeide/plugins/com.st.stm32cube.ide.mcu.externaltools.gnu-tools-for-stm32.10.3-2021.10.win32_1.0.0.202111181127/tools/bin/../lib/gcc/arm-none-eabi/10.3.1/../../../../arm-none-eabi/lib/thumb/v7e-m+dp/hard\libnosys.a
END GROUP
LOAD c:/st/stm32cubeide_1.10.1/stm32cubeide/plugins/com.st.stm32cube.ide.mcu.externaltools.gnu-tools-for-stm32.10.3-2021.10.win32_1.0.0.202111181127/tools/bin/../lib/gcc/arm-none-eabi/10.3.1/thumb/v7e-m+dp/hard/crtend.o
LOAD c:/st/stm32cubeide_1.10.1/stm32cubeide/plugins/com.st.stm32cube.ide.mcu.externaltools.gnu-tools-for-stm32.10.3-2021.10.win32_1.0.0.202111181127/tools/bin/../lib/gcc/arm-none-eabi/10.3.1/thumb/v7e-m+dp/hard/crtn.o
                0x0000000024050000                _estack = (ORIGIN (RAM_D1) + LENGTH (RAM_D1))
                0x0000000000000200                _Min_Heap_Size = 0x200
                0x0000000000000400                _Min_Stack_Size = 0x400

.isr_vector     0x0000000008000000      0x2cc
                0x0000000008000000                . = ALIGN (0x4)
 *(.isr_vector)
 .isr_vector    0x0000000008000000      0x2cc ./Core/Startup/startup_stm32h723zgtx.o
                0x0000000008000000                g_pfnVectors
                0x00000000080002cc                . = ALIGN (0x4)

.text           0x00000000080002d0    0x11634
                0x00000000080002d0                . = ALIGN (0x4)
 *(.text)
 .text          0x00000000080002d0       0x40 c:/st/stm32cubeide_1.10.1/stm32cubeide/plugins/com.st.stm32cube.ide.mcu.externaltools.gnu-tools-for-stm32.10.3-2021.10.win32_1.0.0.202111181127/tools/bin/../lib/gcc/arm-none-eabi/10.3.1/thumb/v7e-m+dp/hard/crtbegin.o
 .text          0x0000000008000310       0x10 c:/st/stm32cubeide_1.10.1/stm32cubeide/plugins/com.st.stm32cube.ide.mcu.externaltools.gnu-tools-for-stm32.10.3-2021.10.win32_1.0.0.202111181127/tools/bin/../lib/gcc/arm-none-eabi/10.3.1/../../../../arm-none-eabi/lib/thumb/v7e-m+dp/hard\libc_nano.a(lib_a-strlen.o)
                0x0000000008000310                strlen
 .text          0x0000000008000320       0x30 c:/st/stm32cubeide_1.10.1/stm32cubeide/plugins/com.st.stm32cube.ide.mcu.externaltools.gnu-tools-for-stm32.10.3-2021.10.win32_1.0.0.202111181127/tools/bin/../lib/gcc/arm-none-eabi/10.3.1/thumb/v7e-m+dp/hard\libgcc.a(_aeabi_uldivmod.o)
                0x0000000008000320                __aeabi_uldivmod
 .text          0x0000000008000350      0x2d0 c:/st/stm32cubeide_1.10.1/stm32cubeide/plugins/com.st.stm32cube.ide.mcu.externaltools.gnu-tools-for-stm32.10.3-2021.10.win32_1.0.0.202111181127/tools/bin/../lib/gcc/arm-none-eabi/10.3.1/thumb/v7e-m+dp/hard\libgcc.a(_udivmoddi4.o)
                0x0000000008000350                __udivmoddi4
 .text          0x0000000008000620        0x4 c:/st/stm32cubeide_1.10.1/stm32cubeide/plugins/com.st.stm32cube.ide.mcu.externaltools.gnu-tools-for-stm32.10.3-2021.10.win32_1.0.0.202111181127/tools/bin/../lib/gcc/arm-none-eabi/10.3.1/thumb/v7e-m+dp/hard\libgcc.a(_dvmd_tls.o)
                0x0000000008000620                __aeabi_idiv0
                0x0000000008000620                __aeabi_ldiv0
 *(.text*)
 .text._ZN3ros16normalizeSecNSecERmS0_
                0x0000000008000624       0x58 ./Core/Inc/time.o
                0x0000000008000624                ros::normalizeSecNSec(unsigned long&, unsigned long&)
 .text._Z13DC_motor_initv
                0x000000000800067c       0xbc ./Core/Src/dc_motor.o
                0x000000000800067c                DC_motor_init()
 .text._ZN8DC_motorC2Edddddd
                0x0000000008000738       0x6a ./Core/Src/dc_motor.o
                0x0000000008000738                DC_motor::DC_motor(double, double, double, double, double, double)
                0x0000000008000738                DC_motor::DC_motor(double, double, double, double, double, double)
 .text._ZN8DC_motor10PIDControlEv
                0x00000000080007a2       0xc4 ./Core/Src/dc_motor.o
                0x00000000080007a2                DC_motor::PIDControl()
 *fill*         0x0000000008000866        0x2 
 .text._Z41__static_initialization_and_destruction_0ii
                0x0000000008000868      0x100 ./Core/Src/dc_motor.o
 .text._GLOBAL__sub_I_fr
                0x0000000008000968       0x10 ./Core/Src/dc_motor.o
 .text._Z10debug_loopv
                0x0000000008000978       0x44 ./Core/Src/debug.o
                0x0000000008000978                debug_loop()
 .text._ZN6INTAKE3runEv
                0x00000000080009bc      0x190 ./Core/Src/intake.o
                0x00000000080009bc                INTAKE::run()
 .text.main     0x0000000008000b4c       0x4a ./Core/Src/main.o
                0x0000000008000b4c                main
 *fill*         0x0000000008000b96        0x2 
 .text.SystemClock_Config
                0x0000000008000b98       0xe0 ./Core/Src/main.o
                0x0000000008000b98                SystemClock_Config
 .text.MX_TIM2_Init
                0x0000000008000c78       0xa8 ./Core/Src/main.o
 .text.MX_TIM3_Init
                0x0000000008000d20       0xac ./Core/Src/main.o
 .text.MX_TIM4_Init
                0x0000000008000dcc       0xac ./Core/Src/main.o
 .text.MX_TIM5_Init
                0x0000000008000e78       0xac ./Core/Src/main.o
 .text.MX_TIM7_Init
                0x0000000008000f24       0x6c ./Core/Src/main.o
 .text.MX_TIM8_Init
                0x0000000008000f90       0xa8 ./Core/Src/main.o
 .text.MX_TIM12_Init
                0x0000000008001038       0xa0 ./Core/Src/main.o
 .text.MX_TIM13_Init
                0x00000000080010d8       0x48 ./Core/Src/main.o
 .text.MX_TIM14_Init
                0x0000000008001120       0x44 ./Core/Src/main.o
 .text.MX_TIM15_Init
                0x0000000008001164      0x124 ./Core/Src/main.o
 .text.MX_TIM23_Init
                0x0000000008001288       0xb4 ./Core/Src/main.o
 .text.MX_USART1_UART_Init
                0x000000000800133c       0x98 ./Core/Src/main.o
 .text.MX_DMA_Init
                0x00000000080013d4       0x50 ./Core/Src/main.o
 .text.MX_GPIO_Init
                0x0000000008001424      0x270 ./Core/Src/main.o
 .text.Error_Handler
                0x0000000008001694        0xa ./Core/Src/main.o
                0x0000000008001694                Error_Handler
 *fill*         0x000000000800169e        0x2 
 .text.main_function
                0x00000000080016a0       0x24 ./Core/Src/mainpp.o
                0x00000000080016a0                main_function
 .text._ZN8CAR_INFOC2Ev
                0x00000000080016c4       0x40 ./Core/Src/mecanum.o
                0x00000000080016c4                CAR_INFO::CAR_INFO()
                0x00000000080016c4                CAR_INFO::CAR_INFO()
 *fill*         0x0000000008001704        0x4 
 .text._ZN7MecanumC2Ev
                0x0000000008001708       0x64 ./Core/Src/mecanum.o
                0x0000000008001708                Mecanum::Mecanum()
                0x0000000008001708                Mecanum::Mecanum()
 .text._ZN7Mecanum3runEv
                0x000000000800176c       0x1c ./Core/Src/mecanum.o
                0x000000000800176c                Mecanum::run()
 .text._ZN7Mecanum15tf2_wheel_speedEv
                0x0000000008001788      0x12c ./Core/Src/mecanum.o
                0x0000000008001788                Mecanum::tf2_wheel_speed()
 .text._ZN7Mecanum13tf2_car_speedEv
                0x00000000080018b4       0xf4 ./Core/Src/mecanum.o
                0x00000000080018b4                Mecanum::tf2_car_speed()
 .text._Z41__static_initialization_and_destruction_0ii
                0x00000000080019a8       0x2c ./Core/Src/mecanum.o
 .text._GLOBAL__sub_I_mecanum
                0x00000000080019d4       0x10 ./Core/Src/mecanum.o
 .text._ZN7MYRESET7receiveEv
                0x00000000080019e4       0x7c ./Core/Src/reset.o
                0x00000000080019e4                MYRESET::receive()
 .text._ZN3ros4TimeC2Ev
                0x0000000008001a60       0x22 ./Core/Src/ros_main.o
                0x0000000008001a60                ros::Time::Time()
                0x0000000008001a60                ros::Time::Time()
 *fill*         0x0000000008001a82        0x2 
 .text._ZN3ros3MsgC2Ev
                0x0000000008001a84       0x20 ./Core/Src/ros_main.o
                0x0000000008001a84                ros::Msg::Msg()
                0x0000000008001a84                ros::Msg::Msg()
 .text._ZN8std_msgs4TimeC2Ev
                0x0000000008001aa4       0x30 ./Core/Src/ros_main.o
                0x0000000008001aa4                std_msgs::Time::Time()
                0x0000000008001aa4                std_msgs::Time::Time()
 .text._ZNK8std_msgs4Time9serializeEPh
                0x0000000008001ad4       0xb0 ./Core/Src/ros_main.o
                0x0000000008001ad4                std_msgs::Time::serialize(unsigned char*) const
 .text._ZN8std_msgs4Time11deserializeEPh
                0x0000000008001b84       0xc8 ./Core/Src/ros_main.o
                0x0000000008001b84                std_msgs::Time::deserialize(unsigned char*)
 .text._ZN8std_msgs4Time7getTypeEv
                0x0000000008001c4c       0x1c ./Core/Src/ros_main.o
                0x0000000008001c4c                std_msgs::Time::getType()
 .text._ZN8std_msgs4Time6getMD5Ev
                0x0000000008001c68       0x1c ./Core/Src/ros_main.o
                0x0000000008001c68                std_msgs::Time::getMD5()
 .text._ZN14rosserial_msgs9TopicInfoC2Ev
                0x0000000008001c84       0x48 ./Core/Src/ros_main.o
                0x0000000008001c84                rosserial_msgs::TopicInfo::TopicInfo()
                0x0000000008001c84                rosserial_msgs::TopicInfo::TopicInfo()
 .text._ZNK14rosserial_msgs9TopicInfo9serializeEPh
                0x0000000008001ccc      0x136 ./Core/Src/ros_main.o
                0x0000000008001ccc                rosserial_msgs::TopicInfo::serialize(unsigned char*) const
 .text._ZN14rosserial_msgs9TopicInfo11deserializeEPh
                0x0000000008001e02      0x1d0 ./Core/Src/ros_main.o
                0x0000000008001e02                rosserial_msgs::TopicInfo::deserialize(unsigned char*)
 *fill*         0x0000000008001fd2        0x2 
 .text._ZN14rosserial_msgs9TopicInfo7getTypeEv
                0x0000000008001fd4       0x1c ./Core/Src/ros_main.o
                0x0000000008001fd4                rosserial_msgs::TopicInfo::getType()
 .text._ZN14rosserial_msgs9TopicInfo6getMD5Ev
                0x0000000008001ff0       0x1c ./Core/Src/ros_main.o
                0x0000000008001ff0                rosserial_msgs::TopicInfo::getMD5()
 .text._ZN14rosserial_msgs3LogC2Ev
                0x000000000800200c       0x34 ./Core/Src/ros_main.o
                0x000000000800200c                rosserial_msgs::Log::Log()
                0x000000000800200c                rosserial_msgs::Log::Log()
 .text._ZNK14rosserial_msgs3Log9serializeEPh
                0x0000000008002040       0x64 ./Core/Src/ros_main.o
                0x0000000008002040                rosserial_msgs::Log::serialize(unsigned char*) const
 .text._ZN14rosserial_msgs3Log11deserializeEPh
                0x00000000080020a4       0x90 ./Core/Src/ros_main.o
                0x00000000080020a4                rosserial_msgs::Log::deserialize(unsigned char*)
 .text._ZN14rosserial_msgs3Log7getTypeEv
                0x0000000008002134       0x1c ./Core/Src/ros_main.o
                0x0000000008002134                rosserial_msgs::Log::getType()
 .text._ZN14rosserial_msgs3Log6getMD5Ev
                0x0000000008002150       0x1c ./Core/Src/ros_main.o
                0x0000000008002150                rosserial_msgs::Log::getMD5()
 .text._ZN14rosserial_msgs20RequestParamResponseC2Ev
                0x000000000800216c       0x48 ./Core/Src/ros_main.o
                0x000000000800216c                rosserial_msgs::RequestParamResponse::RequestParamResponse()
                0x000000000800216c                rosserial_msgs::RequestParamResponse::RequestParamResponse()
 .text._ZNK14rosserial_msgs20RequestParamResponse9serializeEPh
                0x00000000080021b4      0x222 ./Core/Src/ros_main.o
                0x00000000080021b4                rosserial_msgs::RequestParamResponse::serialize(unsigned char*) const
 .text._ZN14rosserial_msgs20RequestParamResponse11deserializeEPh
                0x00000000080023d6      0x2e2 ./Core/Src/ros_main.o
                0x00000000080023d6                rosserial_msgs::RequestParamResponse::deserialize(unsigned char*)
 .text._ZN14rosserial_msgs20RequestParamResponse7getTypeEv
                0x00000000080026b8       0x1c ./Core/Src/ros_main.o
                0x00000000080026b8                rosserial_msgs::RequestParamResponse::getType()
 .text._ZN14rosserial_msgs20RequestParamResponse6getMD5Ev
                0x00000000080026d4       0x1c ./Core/Src/ros_main.o
                0x00000000080026d4                rosserial_msgs::RequestParamResponse::getMD5()
 .text._ZN3ros9PublisherC2EPKcPNS_3MsgEi
                0x00000000080026f0       0x2e ./Core/Src/ros_main.o
                0x00000000080026f0                ros::Publisher::Publisher(char const*, ros::Msg*, int)
                0x00000000080026f0                ros::Publisher::Publisher(char const*, ros::Msg*, int)
 .text._ZN3ros9Publisher7publishEPKNS_3MsgE
                0x000000000800271e       0x28 ./Core/Src/ros_main.o
                0x000000000800271e                ros::Publisher::publish(ros::Msg const*)
 .text._ZN3ros9Publisher15getEndpointTypeEv
                0x0000000008002746       0x18 ./Core/Src/ros_main.o
                0x0000000008002746                ros::Publisher::getEndpointType()
 *fill*         0x000000000800275e        0x2 
 .text._ZN13STM32Hardware10getRdmaIndEv
                0x0000000008002760      0x15c ./Core/Src/ros_main.o
                0x0000000008002760                STM32Hardware::getRdmaInd()
 .text._ZN13STM32HardwareC2Ev
                0x00000000080028bc       0x40 ./Core/Src/ros_main.o
                0x00000000080028bc                STM32Hardware::STM32Hardware()
                0x00000000080028bc                STM32Hardware::STM32Hardware()
 .text._ZN13STM32Hardware4initEv
                0x00000000080028fc       0x16 ./Core/Src/ros_main.o
                0x00000000080028fc                STM32Hardware::init()
 .text._ZN13STM32Hardware10reset_rbufEv
                0x0000000008002912       0x22 ./Core/Src/ros_main.o
                0x0000000008002912                STM32Hardware::reset_rbuf()
 .text._ZN13STM32Hardware4readEv
                0x0000000008002934       0x5a ./Core/Src/ros_main.o
                0x0000000008002934                STM32Hardware::read()
 *fill*         0x000000000800298e        0x2 
 .text._ZN13STM32Hardware5flushEv
                0x0000000008002990       0xcc ./Core/Src/ros_main.o
                0x0000000008002990                STM32Hardware::flush()
 .text._ZN13STM32Hardware5writeEPhi
                0x0000000008002a5c       0x94 ./Core/Src/ros_main.o
                0x0000000008002a5c                STM32Hardware::write(unsigned char*, int)
 .text._ZN13STM32Hardware4timeEv
                0x0000000008002af0       0x16 ./Core/Src/ros_main.o
                0x0000000008002af0                STM32Hardware::time()
 *fill*         0x0000000008002b06        0x2 
 .text._ZN13geometry_msgs5PointC2Ev
                0x0000000008002b08       0x50 ./Core/Src/ros_main.o
                0x0000000008002b08                geometry_msgs::Point::Point()
                0x0000000008002b08                geometry_msgs::Point::Point()
 .text._ZNK13geometry_msgs5Point9serializeEPh
                0x0000000008002b58      0x2e6 ./Core/Src/ros_main.o
                0x0000000008002b58                geometry_msgs::Point::serialize(unsigned char*) const
 .text._ZN13geometry_msgs5Point11deserializeEPh
                0x0000000008002e3e      0x6be ./Core/Src/ros_main.o
                0x0000000008002e3e                geometry_msgs::Point::deserialize(unsigned char*)
 .text._ZN13geometry_msgs5Point7getTypeEv
                0x00000000080034fc       0x1c ./Core/Src/ros_main.o
                0x00000000080034fc                geometry_msgs::Point::getType()
 .text._ZN13geometry_msgs5Point6getMD5Ev
                0x0000000008003518       0x1c ./Core/Src/ros_main.o
                0x0000000008003518                geometry_msgs::Point::getMD5()
 .text._ZN8std_msgs5Int64C2Ev
                0x0000000008003534       0x34 ./Core/Src/ros_main.o
                0x0000000008003534                std_msgs::Int64::Int64()
                0x0000000008003534                std_msgs::Int64::Int64()
 .text._ZNK8std_msgs5Int649serializeEPh
                0x0000000008003568      0x10a ./Core/Src/ros_main.o
                0x0000000008003568                std_msgs::Int64::serialize(unsigned char*) const
 .text._ZN8std_msgs5Int6411deserializeEPh
                0x0000000008003672      0x206 ./Core/Src/ros_main.o
                0x0000000008003672                std_msgs::Int64::deserialize(unsigned char*)
 .text._ZN8std_msgs5Int647getTypeEv
                0x0000000008003878       0x1c ./Core/Src/ros_main.o
                0x0000000008003878                std_msgs::Int64::getType()
 .text._ZN8std_msgs5Int646getMD5Ev
                0x0000000008003894       0x1c ./Core/Src/ros_main.o
                0x0000000008003894                std_msgs::Int64::getMD5()
 .text._ZN8std_msgs7Float64C2Ev
                0x00000000080038b0       0x34 ./Core/Src/ros_main.o
                0x00000000080038b0                std_msgs::Float64::Float64()
                0x00000000080038b0                std_msgs::Float64::Float64()
 .text._ZNK8std_msgs7Float649serializeEPh
                0x00000000080038e4      0x10a ./Core/Src/ros_main.o
                0x00000000080038e4                std_msgs::Float64::serialize(unsigned char*) const
 .text._ZN8std_msgs7Float6411deserializeEPh
                0x00000000080039ee      0x206 ./Core/Src/ros_main.o
                0x00000000080039ee                std_msgs::Float64::deserialize(unsigned char*)
 .text._ZN8std_msgs7Float647getTypeEv
                0x0000000008003bf4       0x1c ./Core/Src/ros_main.o
                0x0000000008003bf4                std_msgs::Float64::getType()
 .text._ZN8std_msgs7Float646getMD5Ev
                0x0000000008003c10       0x1c ./Core/Src/ros_main.o
                0x0000000008003c10                std_msgs::Float64::getMD5()
 .text._ZN3ROS9pub_resetEv
                0x0000000008003c2c       0x30 ./Core/Src/ros_main.o
                0x0000000008003c2c                ROS::pub_reset()
 .text._ZN3ROS14scara_callbackERKN13geometry_msgs5PointE
                0x0000000008003c5c       0xb0 ./Core/Src/ros_main.o
                0x0000000008003c5c                ROS::scara_callback(geometry_msgs::Point const&)
 .text._ZN3ROS13pub_scaraflagEv
                0x0000000008003d0c       0x28 ./Core/Src/ros_main.o
                0x0000000008003d0c                ROS::pub_scaraflag()
 .text._ZN3ROS15intake_callbackERKN13geometry_msgs5PointE
                0x0000000008003d34       0x44 ./Core/Src/ros_main.o
                0x0000000008003d34                ROS::intake_callback(geometry_msgs::Point const&)
 .text._ZN3ROS16mecanum_callbackERKN13geometry_msgs5PointE
                0x0000000008003d78       0x40 ./Core/Src/ros_main.o
                0x0000000008003d78                ROS::mecanum_callback(geometry_msgs::Point const&)
 .text._ZN3ROS11pub_car_velEv
                0x0000000008003db8       0x40 ./Core/Src/ros_main.o
                0x0000000008003db8                ROS::pub_car_vel()
 .text._ZN3ROS5setupEv
                0x0000000008003df8       0x5c ./Core/Src/ros_main.o
                0x0000000008003df8                ROS::setup()
 .text._ZN3ROS4loopEv
                0x0000000008003e54       0x30 ./Core/Src/ros_main.o
                0x0000000008003e54                ROS::loop()
 .text._Z13Error_Handlerv
                0x0000000008003e84        0xa ./Core/Src/ros_main.o
                0x0000000008003e84                Error_Handler()
 *fill*         0x0000000008003e8e        0x2 
 .text._ZL19MX_USART1_UART_Initv
                0x0000000008003e90       0xc0 ./Core/Src/ros_main.o
 .text.HAL_UART_TxCpltCallback
                0x0000000008003f50       0x24 ./Core/Src/ros_main.o
                0x0000000008003f50                HAL_UART_TxCpltCallback
 .text.HAL_UART_ErrorCallback
                0x0000000008003f74       0x38 ./Core/Src/ros_main.o
                0x0000000008003f74                HAL_UART_ErrorCallback
 .text._ZN3ros3Msg8varToArrIPhmEEvT_T0_
                0x0000000008003fac       0x3c ./Core/Src/ros_main.o
                0x0000000008003fac                void ros::Msg::varToArr<unsigned char*, unsigned long>(unsigned char*, unsigned long)
 .text._ZN3ros3Msg8arrToVarImPhEEvRT_T0_
                0x0000000008003fe8       0x4a ./Core/Src/ros_main.o
                0x0000000008003fe8                void ros::Msg::arrToVar<unsigned long, unsigned char*>(unsigned long&, unsigned char*)
 *fill*         0x0000000008004032        0x2 
 .text._ZN3ros15NodeHandleBase_C2Ev
                0x0000000008004034       0x20 ./Core/Src/ros_main.o
                0x0000000008004034                ros::NodeHandleBase_::NodeHandleBase_()
                0x0000000008004034                ros::NodeHandleBase_::NodeHandleBase_()
 .text._ZN3ros11NodeHandle_I13STM32HardwareLi25ELi25ELi1024ELi1024EEC2Ev
                0x0000000008004054      0x134 ./Core/Src/ros_main.o
                0x0000000008004054                ros::NodeHandle_<STM32Hardware, 25, 25, 1024, 1024>::NodeHandle_()
                0x0000000008004054                ros::NodeHandle_<STM32Hardware, 25, 25, 1024, 1024>::NodeHandle_()
 .text._ZN3ros11Subscriber_C2Ev
                0x0000000008004188       0x20 ./Core/Src/ros_main.o
                0x0000000008004188                ros::Subscriber_::Subscriber_()
                0x0000000008004188                ros::Subscriber_::Subscriber_()
 .text._ZN3ros10SubscriberIN13geometry_msgs5PointEvEC2EPKcPFvRKS2_Ei
                0x00000000080041a8       0x48 ./Core/Src/ros_main.o
                0x00000000080041a8                ros::Subscriber<geometry_msgs::Point, void>::Subscriber(char const*, void (*)(geometry_msgs::Point const&), int)
                0x00000000080041a8                ros::Subscriber<geometry_msgs::Point, void>::Subscriber(char const*, void (*)(geometry_msgs::Point const&), int)
 .text._ZN3ros11NodeHandle_I13STM32HardwareLi25ELi25ELi1024ELi1024EE8initNodeEv
                0x00000000080041f0       0x52 ./Core/Src/ros_main.o
                0x00000000080041f0                ros::NodeHandle_<STM32Hardware, 25, 25, 1024, 1024>::initNode()
 .text._ZN3ros11NodeHandle_I13STM32HardwareLi25ELi25ELi1024ELi1024EE9advertiseERNS_9PublisherE
                0x0000000008004242       0x60 ./Core/Src/ros_main.o
                0x0000000008004242                ros::NodeHandle_<STM32Hardware, 25, 25, 1024, 1024>::advertise(ros::Publisher&)
 .text._ZN3ros11NodeHandle_I13STM32HardwareLi25ELi25ELi1024ELi1024EE9subscribeINS_10SubscriberIN13geometry_msgs5PointEvEEEEbRT_
                0x00000000080042a2       0x56 ./Core/Src/ros_main.o
                0x00000000080042a2                bool ros::NodeHandle_<STM32Hardware, 25, 25, 1024, 1024>::subscribe<ros::Subscriber<geometry_msgs::Point, void> >(ros::Subscriber<geometry_msgs::Point, void>&)
 .text._ZN3ros11NodeHandle_I13STM32HardwareLi25ELi25ELi1024ELi1024EE8spinOnceEv
                0x00000000080042f8      0x4f0 ./Core/Src/ros_main.o
                0x00000000080042f8                ros::NodeHandle_<STM32Hardware, 25, 25, 1024, 1024>::spinOnce()
 .text._ZN3ros11NodeHandle_I13STM32HardwareLi25ELi25ELi1024ELi1024EE11getHardwareEv
                0x00000000080047e8       0x18 ./Core/Src/ros_main.o
                0x00000000080047e8                ros::NodeHandle_<STM32Hardware, 25, 25, 1024, 1024>::getHardware()
 .text._ZN3ros11NodeHandle_I13STM32HardwareLi25ELi25ELi1024ELi1024EE15requestSyncTimeEv
                0x0000000008004800       0x3e ./Core/Src/ros_main.o
                0x0000000008004800                ros::NodeHandle_<STM32Hardware, 25, 25, 1024, 1024>::requestSyncTime()
 .text._ZN3ros11NodeHandle_I13STM32HardwareLi25ELi25ELi1024ELi1024EE15negotiateTopicsEv
                0x000000000800483e      0x1c2 ./Core/Src/ros_main.o
                0x000000000800483e                ros::NodeHandle_<STM32Hardware, 25, 25, 1024, 1024>::negotiateTopics()
 .text._ZN3ros11NodeHandle_I13STM32HardwareLi25ELi25ELi1024ELi1024EE8syncTimeEPh
                0x0000000008004a00       0x9c ./Core/Src/ros_main.o
                0x0000000008004a00                ros::NodeHandle_<STM32Hardware, 25, 25, 1024, 1024>::syncTime(unsigned char*)
 .text._ZN3ros11NodeHandle_I13STM32HardwareLi25ELi25ELi1024ELi1024EE7publishEiPKNS_3MsgE
                0x0000000008004a9c      0x158 ./Core/Src/ros_main.o
                0x0000000008004a9c                ros::NodeHandle_<STM32Hardware, 25, 25, 1024, 1024>::publish(int, ros::Msg const*)
 .text._ZN3ros11NodeHandle_I13STM32HardwareLi25ELi25ELi1024ELi1024EE6setNowERNS_4TimeE
                0x0000000008004bf4       0x88 ./Core/Src/ros_main.o
                0x0000000008004bf4                ros::NodeHandle_<STM32Hardware, 25, 25, 1024, 1024>::setNow(ros::Time&)
 .text._ZN3ros11NodeHandle_I13STM32HardwareLi25ELi25ELi1024ELi1024EE8logerrorEPKc
                0x0000000008004c7c       0x1c ./Core/Src/ros_main.o
                0x0000000008004c7c                ros::NodeHandle_<STM32Hardware, 25, 25, 1024, 1024>::logerror(char const*)
 .text._ZN3ros11NodeHandle_I13STM32HardwareLi25ELi25ELi1024ELi1024EE3logEcPKc
                0x0000000008004c98       0x38 ./Core/Src/ros_main.o
                0x0000000008004c98                ros::NodeHandle_<STM32Hardware, 25, 25, 1024, 1024>::log(char, char const*)
 .text._Z41__static_initialization_and_destruction_0ii
                0x0000000008004cd0       0xd8 ./Core/Src/ros_main.o
 .text._ZN3ros10SubscriberIN13geometry_msgs5PointEvE8callbackEPh
                0x0000000008004da8       0x2a ./Core/Src/ros_main.o
                0x0000000008004da8                ros::Subscriber<geometry_msgs::Point, void>::callback(unsigned char*)
 .text._ZN3ros10SubscriberIN13geometry_msgs5PointEvE15getEndpointTypeEv
                0x0000000008004dd2       0x18 ./Core/Src/ros_main.o
                0x0000000008004dd2                ros::Subscriber<geometry_msgs::Point, void>::getEndpointType()
 .text._ZN3ros10SubscriberIN13geometry_msgs5PointEvE10getMsgTypeEv
                0x0000000008004dea       0x1c ./Core/Src/ros_main.o
                0x0000000008004dea                ros::Subscriber<geometry_msgs::Point, void>::getMsgType()
 .text._ZN3ros10SubscriberIN13geometry_msgs5PointEvE9getMsgMD5Ev
                0x0000000008004e06       0x1c ./Core/Src/ros_main.o
                0x0000000008004e06                ros::Subscriber<geometry_msgs::Point, void>::getMsgMD5()
 .text._ZN3ros11NodeHandle_I13STM32HardwareLi25ELi25ELi1024ELi1024EE9connectedEv
                0x0000000008004e22       0x1e ./Core/Src/ros_main.o
                0x0000000008004e22                ros::NodeHandle_<STM32Hardware, 25, 25, 1024, 1024>::connected()
 .text._GLOBAL__sub_I_nh
                0x0000000008004e40       0x10 ./Core/Src/ros_main.o
 .text._ZN5SCARAC2Ev
                0x0000000008004e50      0x17c ./Core/Src/scara.o
                0x0000000008004e50                SCARA::SCARA()
                0x0000000008004e50                SCARA::SCARA()
 *fill*         0x0000000008004fcc        0x4 
 .text._ZN5SCARA3runEv
                0x0000000008004fd0      0xa90 ./Core/Src/scara.o
                0x0000000008004fd0                SCARA::run()
 .text._ZN5SCARA11timer_delayEi
                0x0000000008005a60       0x3c ./Core/Src/scara.o
                0x0000000008005a60                SCARA::timer_delay(int)
 *fill*         0x0000000008005a9c        0x4 
 .text._ZN5SCARA11count_atan2Edd
                0x0000000008005aa0      0x158 ./Core/Src/scara.o
                0x0000000008005aa0                SCARA::count_atan2(double, double)
 .text._ZSt3powIdiEN9__gnu_cxx11__promote_2IT_T0_NS0_9__promoteIS2_XsrSt12__is_integerIS2_E7__valueEE6__typeENS4_IS3_XsrS5_IS3_E7__valueEE6__typeEE6__typeES2_S3_
                0x0000000008005bf8       0x30 ./Core/Src/scara.o
                0x0000000008005bf8                __gnu_cxx::__promote_2<double, int, __gnu_cxx::__promote<double, std::__is_integer<double>::__value>::__type, __gnu_cxx::__promote<int, std::__is_integer<int>::__value>::__type>::__type std::pow<double, int>(double, int)
 .text._ZSt3powIiiEN9__gnu_cxx11__promote_2IT_T0_NS0_9__promoteIS2_XsrSt12__is_integerIS2_E7__valueEE6__typeENS4_IS3_XsrS5_IS3_E7__valueEE6__typeEE6__typeES2_S3_
                0x0000000008005c28       0x38 ./Core/Src/scara.o
                0x0000000008005c28                __gnu_cxx::__promote_2<int, int, __gnu_cxx::__promote<int, std::__is_integer<int>::__value>::__type, __gnu_cxx::__promote<int, std::__is_integer<int>::__value>::__type>::__type std::pow<int, int>(int, int)
 .text._ZN5SCARA12count_theta2Edd
                0x0000000008005c60       0xb8 ./Core/Src/scara.o
                0x0000000008005c60                SCARA::count_theta2(double, double)
 .text._ZN5SCARA9count_phiEdd
                0x0000000008005d18       0xe8 ./Core/Src/scara.o
                0x0000000008005d18                SCARA::count_phi(double, double)
 .text._Z41__static_initialization_and_destruction_0ii
                0x0000000008005e00       0x2c ./Core/Src/scara.o
 .text._GLOBAL__sub_I_sc
                0x0000000008005e2c       0x10 ./Core/Src/scara.o
 .text.HAL_MspInit
                0x0000000008005e3c       0x40 ./Core/Src/stm32h7xx_hal_msp.o
                0x0000000008005e3c                HAL_MspInit
 .text.HAL_TIM_Encoder_MspInit
                0x0000000008005e7c      0x21c ./Core/Src/stm32h7xx_hal_msp.o
                0x0000000008005e7c                HAL_TIM_Encoder_MspInit
 .text.HAL_TIM_Base_MspInit
                0x0000000008006098      0x12c ./Core/Src/stm32h7xx_hal_msp.o
                0x0000000008006098                HAL_TIM_Base_MspInit
 .text.HAL_TIM_PWM_MspInit
                0x00000000080061c4       0xcc ./Core/Src/stm32h7xx_hal_msp.o
                0x00000000080061c4                HAL_TIM_PWM_MspInit
 .text.HAL_TIM_MspPostInit
                0x0000000008006290      0x11c ./Core/Src/stm32h7xx_hal_msp.o
                0x0000000008006290                HAL_TIM_MspPostInit
 .text.HAL_UART_MspInit
                0x00000000080063ac      0x1a8 ./Core/Src/stm32h7xx_hal_msp.o
                0x00000000080063ac                HAL_UART_MspInit
 .text.HAL_UART_MspDeInit
                0x0000000008006554       0x5c ./Core/Src/stm32h7xx_hal_msp.o
                0x0000000008006554                HAL_UART_MspDeInit
 .text.NMI_Handler
                0x00000000080065b0        0x6 ./Core/Src/stm32h7xx_it.o
                0x00000000080065b0                NMI_Handler
 .text.HardFault_Handler
                0x00000000080065b6        0x6 ./Core/Src/stm32h7xx_it.o
                0x00000000080065b6                HardFault_Handler
 .text.MemManage_Handler
                0x00000000080065bc        0x6 ./Core/Src/stm32h7xx_it.o
                0x00000000080065bc                MemManage_Handler
 .text.BusFault_Handler
                0x00000000080065c2        0x6 ./Core/Src/stm32h7xx_it.o
                0x00000000080065c2                BusFault_Handler
 .text.UsageFault_Handler
                0x00000000080065c8        0x6 ./Core/Src/stm32h7xx_it.o
                0x00000000080065c8                UsageFault_Handler
 .text.SVC_Handler
                0x00000000080065ce        0xe ./Core/Src/stm32h7xx_it.o
                0x00000000080065ce                SVC_Handler
 .text.DebugMon_Handler
                0x00000000080065dc        0xe ./Core/Src/stm32h7xx_it.o
                0x00000000080065dc                DebugMon_Handler
 .text.PendSV_Handler
                0x00000000080065ea        0xe ./Core/Src/stm32h7xx_it.o
                0x00000000080065ea                PendSV_Handler
 .text.SysTick_Handler
                0x00000000080065f8        0xc ./Core/Src/stm32h7xx_it.o
                0x00000000080065f8                SysTick_Handler
 .text.RCC_IRQHandler
                0x0000000008006604        0xe ./Core/Src/stm32h7xx_it.o
                0x0000000008006604                RCC_IRQHandler
 *fill*         0x0000000008006612        0x2 
 .text.DMA1_Stream0_IRQHandler
                0x0000000008006614       0x14 ./Core/Src/stm32h7xx_it.o
                0x0000000008006614                DMA1_Stream0_IRQHandler
 .text.DMA1_Stream1_IRQHandler
                0x0000000008006628       0x14 ./Core/Src/stm32h7xx_it.o
                0x0000000008006628                DMA1_Stream1_IRQHandler
 .text.USART1_IRQHandler
                0x000000000800663c       0x14 ./Core/Src/stm32h7xx_it.o
                0x000000000800663c                USART1_IRQHandler
 .text.TIM8_BRK_TIM12_IRQHandler
                0x0000000008006650       0x1c ./Core/Src/stm32h7xx_it.o
                0x0000000008006650                TIM8_BRK_TIM12_IRQHandler
 .text.TIM8_UP_TIM13_IRQHandler
                0x000000000800666c       0x1c ./Core/Src/stm32h7xx_it.o
                0x000000000800666c                TIM8_UP_TIM13_IRQHandler
 .text.TIM8_TRG_COM_TIM14_IRQHandler
                0x0000000008006688       0x1c ./Core/Src/stm32h7xx_it.o
                0x0000000008006688                TIM8_TRG_COM_TIM14_IRQHandler
 .text.TIM7_IRQHandler
                0x00000000080066a4       0x14 ./Core/Src/stm32h7xx_it.o
                0x00000000080066a4                TIM7_IRQHandler
 .text.TIM15_IRQHandler
                0x00000000080066b8       0x14 ./Core/Src/stm32h7xx_it.o
                0x00000000080066b8                TIM15_IRQHandler
 .text.TIM23_IRQHandler
                0x00000000080066cc       0x14 ./Core/Src/stm32h7xx_it.o
                0x00000000080066cc                TIM23_IRQHandler
 .text._ZN3STM5setupEv
                0x00000000080066e0        0xc ./Core/Src/stm_main.o
                0x00000000080066e0                STM::setup()
 .text._getpid  0x00000000080066ec       0x10 ./Core/Src/syscalls.o
                0x00000000080066ec                _getpid
 .text._kill    0x00000000080066fc       0x20 ./Core/Src/syscalls.o
                0x00000000080066fc                _kill
 .text._exit    0x000000000800671c       0x14 ./Core/Src/syscalls.o
                0x000000000800671c                _exit
 .text._sbrk    0x0000000008006730       0x6c ./Core/Src/sysmem.o
                0x0000000008006730                _sbrk
 .text.SystemInit
                0x000000000800679c       0xf0 ./Core/Src/system_stm32h7xx.o
                0x000000000800679c                SystemInit
 .text.HAL_TIM_PeriodElapsedCallback
                0x000000000800688c      0x274 ./Core/Src/timing.o
                0x000000000800688c                HAL_TIM_PeriodElapsedCallback
 .text._Z14motor_standardv
                0x0000000008006b00      0x20c ./Core/Src/timing.o
                0x0000000008006b00                motor_standard()
 .text.Reset_Handler
                0x0000000008006d0c       0x50 ./Core/Startup/startup_stm32h723zgtx.o
                0x0000000008006d0c                Reset_Handler
 .text.Default_Handler
                0x0000000008006d5c        0x2 ./Core/Startup/startup_stm32h723zgtx.o
                0x0000000008006d5c                RTC_Alarm_IRQHandler
                0x0000000008006d5c                EXTI2_IRQHandler
                0x0000000008006d5c                TIM8_CC_IRQHandler
                0x0000000008006d5c                UART8_IRQHandler
                0x0000000008006d5c                SPI4_IRQHandler
                0x0000000008006d5c                FDCAN3_IT0_IRQHandler
                0x0000000008006d5c                TIM1_CC_IRQHandler
                0x0000000008006d5c                BDMA_Channel6_IRQHandler
                0x0000000008006d5c                DMA2_Stream5_IRQHandler
                0x0000000008006d5c                DMA1_Stream5_IRQHandler
                0x0000000008006d5c                CORDIC_IRQHandler
                0x0000000008006d5c                BDMA_Channel1_IRQHandler
                0x0000000008006d5c                TAMP_STAMP_IRQHandler
                0x0000000008006d5c                EXTI3_IRQHandler
                0x0000000008006d5c                LPTIM4_IRQHandler
                0x0000000008006d5c                LPTIM2_IRQHandler
                0x0000000008006d5c                DFSDM1_FLT1_IRQHandler
                0x0000000008006d5c                DMAMUX2_OVR_IRQHandler
                0x0000000008006d5c                I2C3_ER_IRQHandler
                0x0000000008006d5c                DFSDM1_FLT2_IRQHandler
                0x0000000008006d5c                I2C5_EV_IRQHandler
                0x0000000008006d5c                USART10_IRQHandler
                0x0000000008006d5c                MDMA_IRQHandler
                0x0000000008006d5c                LPTIM3_IRQHandler
                0x0000000008006d5c                HSEM1_IRQHandler
                0x0000000008006d5c                EXTI0_IRQHandler
                0x0000000008006d5c                I2C2_EV_IRQHandler
                0x0000000008006d5c                DMA1_Stream2_IRQHandler
                0x0000000008006d5c                FPU_IRQHandler
                0x0000000008006d5c                OTG_HS_WKUP_IRQHandler
                0x0000000008006d5c                FDCAN1_IT1_IRQHandler
                0x0000000008006d5c                LTDC_ER_IRQHandler
                0x0000000008006d5c                DMA2_Stream2_IRQHandler
                0x0000000008006d5c                SPI1_IRQHandler
                0x0000000008006d5c                OCTOSPI1_IRQHandler
                0x0000000008006d5c                TIM6_DAC_IRQHandler
                0x0000000008006d5c                DMA2_Stream3_IRQHandler
                0x0000000008006d5c                OCTOSPI2_IRQHandler
                0x0000000008006d5c                DFSDM1_FLT3_IRQHandler
                0x0000000008006d5c                USART6_IRQHandler
                0x0000000008006d5c                TIM17_IRQHandler
                0x0000000008006d5c                USART3_IRQHandler
                0x0000000008006d5c                BDMA_Channel7_IRQHandler
                0x0000000008006d5c                LPTIM5_IRQHandler
                0x0000000008006d5c                UART5_IRQHandler
                0x0000000008006d5c                ADC3_IRQHandler
                0x0000000008006d5c                DMA2_Stream0_IRQHandler
                0x0000000008006d5c                TIM4_IRQHandler
                0x0000000008006d5c                BDMA_Channel2_IRQHandler
                0x0000000008006d5c                I2C1_EV_IRQHandler
                0x0000000008006d5c                DMA1_Stream6_IRQHandler
                0x0000000008006d5c                DMAMUX1_OVR_IRQHandler
                0x0000000008006d5c                TIM16_IRQHandler
                0x0000000008006d5c                UART4_IRQHandler
                0x0000000008006d5c                BDMA_Channel5_IRQHandler
                0x0000000008006d5c                TIM3_IRQHandler
                0x0000000008006d5c                UART9_IRQHandler
                0x0000000008006d5c                TIM1_TRG_COM_IRQHandler
                0x0000000008006d5c                Default_Handler
                0x0000000008006d5c                ECC_IRQHandler
                0x0000000008006d5c                FMAC_IRQHandler
                0x0000000008006d5c                CEC_IRQHandler
                0x0000000008006d5c                EXTI15_10_IRQHandler
                0x0000000008006d5c                BDMA_Channel0_IRQHandler
                0x0000000008006d5c                ADC_IRQHandler
                0x0000000008006d5c                I2C5_ER_IRQHandler
                0x0000000008006d5c                DMA1_Stream7_IRQHandler
                0x0000000008006d5c                SPI5_IRQHandler
                0x0000000008006d5c                FDCAN3_IT1_IRQHandler
                0x0000000008006d5c                SDMMC1_IRQHandler
                0x0000000008006d5c                TIM5_IRQHandler
                0x0000000008006d5c                DMA2_Stream7_IRQHandler
                0x0000000008006d5c                PVD_AVD_IRQHandler
                0x0000000008006d5c                I2C3_EV_IRQHandler
                0x0000000008006d5c                EXTI9_5_IRQHandler
                0x0000000008006d5c                RTC_WKUP_IRQHandler
                0x0000000008006d5c                LTDC_IRQHandler
                0x0000000008006d5c                ETH_WKUP_IRQHandler
                0x0000000008006d5c                SPDIF_RX_IRQHandler
                0x0000000008006d5c                SPI2_IRQHandler
                0x0000000008006d5c                OTG_HS_EP1_IN_IRQHandler
                0x0000000008006d5c                TIM24_IRQHandler
                0x0000000008006d5c                CRS_IRQHandler
                0x0000000008006d5c                EXTI4_IRQHandler
                0x0000000008006d5c                RNG_IRQHandler
                0x0000000008006d5c                FDCAN2_IT1_IRQHandler
                0x0000000008006d5c                ETH_IRQHandler
                0x0000000008006d5c                TIM1_UP_IRQHandler
                0x0000000008006d5c                BDMA_Channel4_IRQHandler
                0x0000000008006d5c                OTG_HS_EP1_OUT_IRQHandler
                0x0000000008006d5c                WWDG_IRQHandler
                0x0000000008006d5c                SPI6_IRQHandler
                0x0000000008006d5c                MDIOS_IRQHandler
                0x0000000008006d5c                I2C4_EV_IRQHandler
                0x0000000008006d5c                FDCAN2_IT0_IRQHandler
                0x0000000008006d5c                LPUART1_IRQHandler
                0x0000000008006d5c                FDCAN1_IT0_IRQHandler
                0x0000000008006d5c                TIM2_IRQHandler
                0x0000000008006d5c                OTG_HS_IRQHandler
                0x0000000008006d5c                DMA2D_IRQHandler
                0x0000000008006d5c                TIM1_BRK_IRQHandler
                0x0000000008006d5c                EXTI1_IRQHandler
                0x0000000008006d5c                SDMMC2_IRQHandler
                0x0000000008006d5c                BDMA_Channel3_IRQHandler
                0x0000000008006d5c                DTS_IRQHandler
                0x0000000008006d5c                UART7_IRQHandler
                0x0000000008006d5c                MDIOS_WKUP_IRQHandler
                0x0000000008006d5c                USART2_IRQHandler
                0x0000000008006d5c                DFSDM1_FLT0_IRQHandler
                0x0000000008006d5c                SAI4_IRQHandler
                0x0000000008006d5c                I2C2_ER_IRQHandler
                0x0000000008006d5c                DMA2_Stream1_IRQHandler
                0x0000000008006d5c                FLASH_IRQHandler
                0x0000000008006d5c                DMA2_Stream4_IRQHandler
                0x0000000008006d5c                SPI3_IRQHandler
                0x0000000008006d5c                WAKEUP_PIN_IRQHandler
                0x0000000008006d5c                DMA1_Stream4_IRQHandler
                0x0000000008006d5c                I2C1_ER_IRQHandler
                0x0000000008006d5c                FMC_IRQHandler
                0x0000000008006d5c                FDCAN_CAL_IRQHandler
                0x0000000008006d5c                SWPMI1_IRQHandler
                0x0000000008006d5c                COMP1_IRQHandler
                0x0000000008006d5c                LPTIM1_IRQHandler
                0x0000000008006d5c                DCMI_PSSI_IRQHandler
                0x0000000008006d5c                I2C4_ER_IRQHandler
                0x0000000008006d5c                DMA2_Stream6_IRQHandler
                0x0000000008006d5c                SAI1_IRQHandler
                0x0000000008006d5c                DMA1_Stream3_IRQHandler
 *fill*         0x0000000008006d5e        0x2 
 .text.HAL_Init
                0x0000000008006d60       0x78 ./Drivers/STM32H7xx_HAL_Driver/Src/stm32h7xx_hal.o
                0x0000000008006d60                HAL_Init
 .text.HAL_InitTick
                0x0000000008006dd8       0x6c ./Drivers/STM32H7xx_HAL_Driver/Src/stm32h7xx_hal.o
                0x0000000008006dd8                HAL_InitTick
 .text.HAL_IncTick
                0x0000000008006e44       0x28 ./Drivers/STM32H7xx_HAL_Driver/Src/stm32h7xx_hal.o
                0x0000000008006e44                HAL_IncTick
 .text.HAL_GetTick
                0x0000000008006e6c       0x18 ./Drivers/STM32H7xx_HAL_Driver/Src/stm32h7xx_hal.o
                0x0000000008006e6c                HAL_GetTick
 .text.__NVIC_SetPriorityGrouping
                0x0000000008006e84       0x48 ./Drivers/STM32H7xx_HAL_Driver/Src/stm32h7xx_hal_cortex.o
 .text.__NVIC_GetPriorityGrouping
                0x0000000008006ecc       0x1c ./Drivers/STM32H7xx_HAL_Driver/Src/stm32h7xx_hal_cortex.o
 .text.__NVIC_EnableIRQ
                0x0000000008006ee8       0x3c ./Drivers/STM32H7xx_HAL_Driver/Src/stm32h7xx_hal_cortex.o
 .text.__NVIC_DisableIRQ
                0x0000000008006f24       0x48 ./Drivers/STM32H7xx_HAL_Driver/Src/stm32h7xx_hal_cortex.o
 .text.__NVIC_SetPriority
                0x0000000008006f6c       0x54 ./Drivers/STM32H7xx_HAL_Driver/Src/stm32h7xx_hal_cortex.o
 .text.NVIC_EncodePriority
                0x0000000008006fc0       0x66 ./Drivers/STM32H7xx_HAL_Driver/Src/stm32h7xx_hal_cortex.o
 *fill*         0x0000000008007026        0x2 
 .text.SysTick_Config
                0x0000000008007028       0x44 ./Drivers/STM32H7xx_HAL_Driver/Src/stm32h7xx_hal_cortex.o
 .text.HAL_NVIC_SetPriorityGrouping
                0x000000000800706c       0x16 ./Drivers/STM32H7xx_HAL_Driver/Src/stm32h7xx_hal_cortex.o
                0x000000000800706c                HAL_NVIC_SetPriorityGrouping
 .text.HAL_NVIC_SetPriority
                0x0000000008007082       0x34 ./Drivers/STM32H7xx_HAL_Driver/Src/stm32h7xx_hal_cortex.o
                0x0000000008007082                HAL_NVIC_SetPriority
 .text.HAL_NVIC_EnableIRQ
                0x00000000080070b6       0x1c ./Drivers/STM32H7xx_HAL_Driver/Src/stm32h7xx_hal_cortex.o
                0x00000000080070b6                HAL_NVIC_EnableIRQ
 .text.HAL_NVIC_DisableIRQ
                0x00000000080070d2       0x1c ./Drivers/STM32H7xx_HAL_Driver/Src/stm32h7xx_hal_cortex.o
                0x00000000080070d2                HAL_NVIC_DisableIRQ
 .text.HAL_SYSTICK_Config
                0x00000000080070ee       0x18 ./Drivers/STM32H7xx_HAL_Driver/Src/stm32h7xx_hal_cortex.o
                0x00000000080070ee                HAL_SYSTICK_Config
 *fill*         0x0000000008007106        0x2 
 .text.HAL_DMA_Init
                0x0000000008007108      0x6b4 ./Drivers/STM32H7xx_HAL_Driver/Src/stm32h7xx_hal_dma.o
                0x0000000008007108                HAL_DMA_Init
 .text.HAL_DMA_DeInit
                0x00000000080077bc      0x36c ./Drivers/STM32H7xx_HAL_Driver/Src/stm32h7xx_hal_dma.o
                0x00000000080077bc                HAL_DMA_DeInit
 .text.HAL_DMA_Start_IT
                0x0000000008007b28      0x4d4 ./Drivers/STM32H7xx_HAL_Driver/Src/stm32h7xx_hal_dma.o
                0x0000000008007b28                HAL_DMA_Start_IT
 .text.HAL_DMA_Abort
                0x0000000008007ffc      0x63c ./Drivers/STM32H7xx_HAL_Driver/Src/stm32h7xx_hal_dma.o
                0x0000000008007ffc                HAL_DMA_Abort
 .text.HAL_DMA_Abort_IT
                0x0000000008008638      0x48c ./Drivers/STM32H7xx_HAL_Driver/Src/stm32h7xx_hal_dma.o
                0x0000000008008638                HAL_DMA_Abort_IT
 .text.HAL_DMA_IRQHandler
                0x0000000008008ac4      0xe54 ./Drivers/STM32H7xx_HAL_Driver/Src/stm32h7xx_hal_dma.o
                0x0000000008008ac4                HAL_DMA_IRQHandler
 .text.DMA_SetConfig
                0x0000000008009918      0x358 ./Drivers/STM32H7xx_HAL_Driver/Src/stm32h7xx_hal_dma.o
 .text.DMA_CalcBaseAndBitshift
                0x0000000008009c70      0x164 ./Drivers/STM32H7xx_HAL_Driver/Src/stm32h7xx_hal_dma.o
 .text.DMA_CheckFifoParam
                0x0000000008009dd4       0xf8 ./Drivers/STM32H7xx_HAL_Driver/Src/stm32h7xx_hal_dma.o
 .text.DMA_CalcDMAMUXChannelBaseAndMask
                0x0000000008009ecc      0x134 ./Drivers/STM32H7xx_HAL_Driver/Src/stm32h7xx_hal_dma.o
 .text.DMA_CalcDMAMUXRequestGenBaseAndMask
                0x000000000800a000       0xe8 ./Drivers/STM32H7xx_HAL_Driver/Src/stm32h7xx_hal_dma.o
 .text.HAL_GPIO_Init
                0x000000000800a0e8      0x350 ./Drivers/STM32H7xx_HAL_Driver/Src/stm32h7xx_hal_gpio.o
                0x000000000800a0e8                HAL_GPIO_Init
 .text.HAL_GPIO_DeInit
                0x000000000800a438      0x204 ./Drivers/STM32H7xx_HAL_Driver/Src/stm32h7xx_hal_gpio.o
                0x000000000800a438                HAL_GPIO_DeInit
 .text.HAL_GPIO_ReadPin
                0x000000000800a63c       0x30 ./Drivers/STM32H7xx_HAL_Driver/Src/stm32h7xx_hal_gpio.o
                0x000000000800a63c                HAL_GPIO_ReadPin
 .text.HAL_GPIO_WritePin
                0x000000000800a66c       0x32 ./Drivers/STM32H7xx_HAL_Driver/Src/stm32h7xx_hal_gpio.o
                0x000000000800a66c                HAL_GPIO_WritePin
 *fill*         0x000000000800a69e        0x2 
 .text.HAL_PWREx_ConfigSupply
                0x000000000800a6a0       0x74 ./Drivers/STM32H7xx_HAL_Driver/Src/stm32h7xx_hal_pwr_ex.o
                0x000000000800a6a0                HAL_PWREx_ConfigSupply
 .text.HAL_RCC_OscConfig
                0x000000000800a714      0x75c ./Drivers/STM32H7xx_HAL_Driver/Src/stm32h7xx_hal_rcc.o
                0x000000000800a714                HAL_RCC_OscConfig
 .text.HAL_RCC_ClockConfig
                0x000000000800ae70      0x36c ./Drivers/STM32H7xx_HAL_Driver/Src/stm32h7xx_hal_rcc.o
                0x000000000800ae70                HAL_RCC_ClockConfig
 .text.HAL_RCC_GetSysClockFreq
                0x000000000800b1dc      0x2f4 ./Drivers/STM32H7xx_HAL_Driver/Src/stm32h7xx_hal_rcc.o
                0x000000000800b1dc                HAL_RCC_GetSysClockFreq
 .text.HAL_RCC_GetHCLKFreq
                0x000000000800b4d0       0x60 ./Drivers/STM32H7xx_HAL_Driver/Src/stm32h7xx_hal_rcc.o
                0x000000000800b4d0                HAL_RCC_GetHCLKFreq
 .text.HAL_RCC_GetPCLK1Freq
                0x000000000800b530       0x2c ./Drivers/STM32H7xx_HAL_Driver/Src/stm32h7xx_hal_rcc.o
                0x000000000800b530                HAL_RCC_GetPCLK1Freq
 .text.HAL_RCC_GetPCLK2Freq
                0x000000000800b55c       0x2c ./Drivers/STM32H7xx_HAL_Driver/Src/stm32h7xx_hal_rcc.o
                0x000000000800b55c                HAL_RCC_GetPCLK2Freq
 .text.HAL_RCCEx_PeriphCLKConfig
                0x000000000800b588      0xdf4 ./Drivers/STM32H7xx_HAL_Driver/Src/stm32h7xx_hal_rcc_ex.o
                0x000000000800b588                HAL_RCCEx_PeriphCLKConfig
 .text.HAL_RCCEx_GetD3PCLK1Freq
                0x000000000800c37c       0x2c ./Drivers/STM32H7xx_HAL_Driver/Src/stm32h7xx_hal_rcc_ex.o
                0x000000000800c37c                HAL_RCCEx_GetD3PCLK1Freq
 .text.HAL_RCCEx_GetPLL2ClockFreq
                0x000000000800c3a8      0x2a8 ./Drivers/STM32H7xx_HAL_Driver/Src/stm32h7xx_hal_rcc_ex.o
                0x000000000800c3a8                HAL_RCCEx_GetPLL2ClockFreq
 .text.HAL_RCCEx_GetPLL3ClockFreq
                0x000000000800c650      0x2a8 ./Drivers/STM32H7xx_HAL_Driver/Src/stm32h7xx_hal_rcc_ex.o
                0x000000000800c650                HAL_RCCEx_GetPLL3ClockFreq
 .text.RCCEx_PLL2_Config
                0x000000000800c8f8      0x164 ./Drivers/STM32H7xx_HAL_Driver/Src/stm32h7xx_hal_rcc_ex.o
 .text.RCCEx_PLL3_Config
                0x000000000800ca5c      0x164 ./Drivers/STM32H7xx_HAL_Driver/Src/stm32h7xx_hal_rcc_ex.o
 .text.HAL_TIM_Base_Init
                0x000000000800cbc0       0xae ./Drivers/STM32H7xx_HAL_Driver/Src/stm32h7xx_hal_tim.o
                0x000000000800cbc0                HAL_TIM_Base_Init
 *fill*         0x000000000800cc6e        0x2 
 .text.HAL_TIM_Base_Start_IT
                0x000000000800cc70      0x10c ./Drivers/STM32H7xx_HAL_Driver/Src/stm32h7xx_hal_tim.o
                0x000000000800cc70                HAL_TIM_Base_Start_IT
 .text.HAL_TIM_PWM_Init
                0x000000000800cd7c       0xae ./Drivers/STM32H7xx_HAL_Driver/Src/stm32h7xx_hal_tim.o
                0x000000000800cd7c                HAL_TIM_PWM_Init
 *fill*         0x000000000800ce2a        0x2 
 .text.HAL_TIM_PWM_Start
                0x000000000800ce2c      0x238 ./Drivers/STM32H7xx_HAL_Driver/Src/stm32h7xx_hal_tim.o
                0x000000000800ce2c                HAL_TIM_PWM_Start
 .text.HAL_TIM_PWM_Start_IT
                0x000000000800d064      0x2d0 ./Drivers/STM32H7xx_HAL_Driver/Src/stm32h7xx_hal_tim.o
                0x000000000800d064                HAL_TIM_PWM_Start_IT
 .text.HAL_TIM_Encoder_Init
                0x000000000800d334      0x14c ./Drivers/STM32H7xx_HAL_Driver/Src/stm32h7xx_hal_tim.o
                0x000000000800d334                HAL_TIM_Encoder_Init
 .text.HAL_TIM_Encoder_Start
                0x000000000800d480      0x11c ./Drivers/STM32H7xx_HAL_Driver/Src/stm32h7xx_hal_tim.o
                0x000000000800d480                HAL_TIM_Encoder_Start
 .text.HAL_TIM_IRQHandler
                0x000000000800d59c      0x23e ./Drivers/STM32H7xx_HAL_Driver/Src/stm32h7xx_hal_tim.o
                0x000000000800d59c                HAL_TIM_IRQHandler
 *fill*         0x000000000800d7da        0x2 
 .text.HAL_TIM_PWM_ConfigChannel
                0x000000000800d7dc      0x228 ./Drivers/STM32H7xx_HAL_Driver/Src/stm32h7xx_hal_tim.o
                0x000000000800d7dc                HAL_TIM_PWM_ConfigChannel
 .text.HAL_TIM_ConfigClockSource
                0x000000000800da04      0x1f0 ./Drivers/STM32H7xx_HAL_Driver/Src/stm32h7xx_hal_tim.o
                0x000000000800da04                HAL_TIM_ConfigClockSource
 .text.HAL_TIM_OC_DelayElapsedCallback
                0x000000000800dbf4       0x14 ./Drivers/STM32H7xx_HAL_Driver/Src/stm32h7xx_hal_tim.o
                0x000000000800dbf4                HAL_TIM_OC_DelayElapsedCallback
 .text.HAL_TIM_IC_CaptureCallback
                0x000000000800dc08       0x14 ./Drivers/STM32H7xx_HAL_Driver/Src/stm32h7xx_hal_tim.o
                0x000000000800dc08                HAL_TIM_IC_CaptureCallback
 .text.HAL_TIM_PWM_PulseFinishedCallback
                0x000000000800dc1c       0x14 ./Drivers/STM32H7xx_HAL_Driver/Src/stm32h7xx_hal_tim.o
                0x000000000800dc1c                HAL_TIM_PWM_PulseFinishedCallback
 .text.HAL_TIM_TriggerCallback
                0x000000000800dc30       0x14 ./Drivers/STM32H7xx_HAL_Driver/Src/stm32h7xx_hal_tim.o
                0x000000000800dc30                HAL_TIM_TriggerCallback
 .text.TIM_Base_SetConfig
                0x000000000800dc44      0x14c ./Drivers/STM32H7xx_HAL_Driver/Src/stm32h7xx_hal_tim.o
                0x000000000800dc44                TIM_Base_SetConfig
 .text.TIM_OC1_SetConfig
                0x000000000800dd90      0x120 ./Drivers/STM32H7xx_HAL_Driver/Src/stm32h7xx_hal_tim.o
 .text.TIM_OC2_SetConfig
                0x000000000800deb0      0x114 ./Drivers/STM32H7xx_HAL_Driver/Src/stm32h7xx_hal_tim.o
                0x000000000800deb0                TIM_OC2_SetConfig
 .text.TIM_OC3_SetConfig
                0x000000000800dfc4      0x110 ./Drivers/STM32H7xx_HAL_Driver/Src/stm32h7xx_hal_tim.o
 .text.TIM_OC4_SetConfig
                0x000000000800e0d4       0xd4 ./Drivers/STM32H7xx_HAL_Driver/Src/stm32h7xx_hal_tim.o
 .text.TIM_OC5_SetConfig
                0x000000000800e1a8       0xc8 ./Drivers/STM32H7xx_HAL_Driver/Src/stm32h7xx_hal_tim.o
 .text.TIM_OC6_SetConfig
                0x000000000800e270       0xcc ./Drivers/STM32H7xx_HAL_Driver/Src/stm32h7xx_hal_tim.o
 .text.TIM_TI1_ConfigInputStage
                0x000000000800e33c       0x5e ./Drivers/STM32H7xx_HAL_Driver/Src/stm32h7xx_hal_tim.o
 .text.TIM_TI2_ConfigInputStage
                0x000000000800e39a       0x60 ./Drivers/STM32H7xx_HAL_Driver/Src/stm32h7xx_hal_tim.o
 *fill*         0x000000000800e3fa        0x2 
 .text.TIM_ITRx_SetConfig
                0x000000000800e3fc       0x3c ./Drivers/STM32H7xx_HAL_Driver/Src/stm32h7xx_hal_tim.o
 .text.TIM_ETR_SetConfig
                0x000000000800e438       0x40 ./Drivers/STM32H7xx_HAL_Driver/Src/stm32h7xx_hal_tim.o
                0x000000000800e438                TIM_ETR_SetConfig
 .text.TIM_CCxChannelCmd
                0x000000000800e478       0x4a ./Drivers/STM32H7xx_HAL_Driver/Src/stm32h7xx_hal_tim.o
                0x000000000800e478                TIM_CCxChannelCmd
 *fill*         0x000000000800e4c2        0x2 
 .text.HAL_TIMEx_MasterConfigSynchronization
                0x000000000800e4c4      0x138 ./Drivers/STM32H7xx_HAL_Driver/Src/stm32h7xx_hal_tim_ex.o
                0x000000000800e4c4                HAL_TIMEx_MasterConfigSynchronization
 .text.HAL_TIMEx_ConfigBreakDeadTime
                0x000000000800e5fc      0x140 ./Drivers/STM32H7xx_HAL_Driver/Src/stm32h7xx_hal_tim_ex.o
                0x000000000800e5fc                HAL_TIMEx_ConfigBreakDeadTime
 .text.HAL_TIMEx_CommutCallback
                0x000000000800e73c       0x14 ./Drivers/STM32H7xx_HAL_Driver/Src/stm32h7xx_hal_tim_ex.o
                0x000000000800e73c                HAL_TIMEx_CommutCallback
 .text.HAL_TIMEx_BreakCallback
                0x000000000800e750       0x14 ./Drivers/STM32H7xx_HAL_Driver/Src/stm32h7xx_hal_tim_ex.o
                0x000000000800e750                HAL_TIMEx_BreakCallback
 .text.HAL_TIMEx_Break2Callback
                0x000000000800e764       0x14 ./Drivers/STM32H7xx_HAL_Driver/Src/stm32h7xx_hal_tim_ex.o
                0x000000000800e764                HAL_TIMEx_Break2Callback
 .text.HAL_UART_Init
                0x000000000800e778       0xa0 ./Drivers/STM32H7xx_HAL_Driver/Src/stm32h7xx_hal_uart.o
                0x000000000800e778                HAL_UART_Init
 .text.HAL_UART_DeInit
                0x000000000800e818       0x78 ./Drivers/STM32H7xx_HAL_Driver/Src/stm32h7xx_hal_uart.o
                0x000000000800e818                HAL_UART_DeInit
 .text.HAL_UART_Transmit_DMA
                0x000000000800e890      0x124 ./Drivers/STM32H7xx_HAL_Driver/Src/stm32h7xx_hal_uart.o
                0x000000000800e890                HAL_UART_Transmit_DMA
 .text.HAL_UART_Receive_DMA
                0x000000000800e9b4       0xac ./Drivers/STM32H7xx_HAL_Driver/Src/stm32h7xx_hal_uart.o
                0x000000000800e9b4                HAL_UART_Receive_DMA
 .text.HAL_UART_IRQHandler
                0x000000000800ea60      0x73c ./Drivers/STM32H7xx_HAL_Driver/Src/stm32h7xx_hal_uart.o
                0x000000000800ea60                HAL_UART_IRQHandler
 .text.HAL_UART_TxHalfCpltCallback
                0x000000000800f19c       0x14 ./Drivers/STM32H7xx_HAL_Driver/Src/stm32h7xx_hal_uart.o
                0x000000000800f19c                HAL_UART_TxHalfCpltCallback
 .text.HAL_UART_RxCpltCallback
                0x000000000800f1b0       0x14 ./Drivers/STM32H7xx_HAL_Driver/Src/stm32h7xx_hal_uart.o
                0x000000000800f1b0                HAL_UART_RxCpltCallback
 .text.HAL_UART_RxHalfCpltCallback
                0x000000000800f1c4       0x14 ./Drivers/STM32H7xx_HAL_Driver/Src/stm32h7xx_hal_uart.o
                0x000000000800f1c4                HAL_UART_RxHalfCpltCallback
 .text.HAL_UARTEx_RxEventCallback
                0x000000000800f1d8       0x18 ./Drivers/STM32H7xx_HAL_Driver/Src/stm32h7xx_hal_uart.o
                0x000000000800f1d8                HAL_UARTEx_RxEventCallback
 .text.UART_SetConfig
                0x000000000800f1f0      0xcd8 ./Drivers/STM32H7xx_HAL_Driver/Src/stm32h7xx_hal_uart.o
                0x000000000800f1f0                UART_SetConfig
 .text.UART_AdvFeatureConfig
                0x000000000800fec8      0x144 ./Drivers/STM32H7xx_HAL_Driver/Src/stm32h7xx_hal_uart.o
                0x000000000800fec8                UART_AdvFeatureConfig
 .text.UART_CheckIdleState
                0x000000000801000c       0x96 ./Drivers/STM32H7xx_HAL_Driver/Src/stm32h7xx_hal_uart.o
                0x000000000801000c                UART_CheckIdleState
 .text.UART_WaitOnFlagUntilTimeout
                0x00000000080100a2      0x190 ./Drivers/STM32H7xx_HAL_Driver/Src/stm32h7xx_hal_uart.o
                0x00000000080100a2                UART_WaitOnFlagUntilTimeout
 *fill*         0x0000000008010232        0x2 
 .text.UART_Start_Receive_DMA
                0x0000000008010234      0x150 ./Drivers/STM32H7xx_HAL_Driver/Src/stm32h7xx_hal_uart.o
                0x0000000008010234                UART_Start_Receive_DMA
 .text.UART_EndTxTransfer
                0x0000000008010384       0x82 ./Drivers/STM32H7xx_HAL_Driver/Src/stm32h7xx_hal_uart.o
 *fill*         0x0000000008010406        0x2 
 .text.UART_EndRxTransfer
                0x0000000008010408       0xcc ./Drivers/STM32H7xx_HAL_Driver/Src/stm32h7xx_hal_uart.o
 .text.UART_DMATransmitCplt
                0x00000000080104d4       0x96 ./Drivers/STM32H7xx_HAL_Driver/Src/stm32h7xx_hal_uart.o
 .text.UART_DMATxHalfCplt
                0x000000000801056a       0x1c ./Drivers/STM32H7xx_HAL_Driver/Src/stm32h7xx_hal_uart.o
 .text.UART_DMAReceiveCplt
                0x0000000008010586      0x122 ./Drivers/STM32H7xx_HAL_Driver/Src/stm32h7xx_hal_uart.o
 .text.UART_DMARxHalfCplt
                0x00000000080106a8       0x38 ./Drivers/STM32H7xx_HAL_Driver/Src/stm32h7xx_hal_uart.o
 .text.UART_DMAError
                0x00000000080106e0       0x80 ./Drivers/STM32H7xx_HAL_Driver/Src/stm32h7xx_hal_uart.o
 .text.UART_DMAAbortOnError
                0x0000000008010760       0x2c ./Drivers/STM32H7xx_HAL_Driver/Src/stm32h7xx_hal_uart.o
 .text.UART_EndTransmit_IT
                0x000000000801078c       0x56 ./Drivers/STM32H7xx_HAL_Driver/Src/stm32h7xx_hal_uart.o
 .text.HAL_UARTEx_WakeupCallback
                0x00000000080107e2       0x14 ./Drivers/STM32H7xx_HAL_Driver/Src/stm32h7xx_hal_uart_ex.o
                0x00000000080107e2                HAL_UARTEx_WakeupCallback
 .text.HAL_UARTEx_RxFifoFullCallback
                0x00000000080107f6       0x14 ./Drivers/STM32H7xx_HAL_Driver/Src/stm32h7xx_hal_uart_ex.o
                0x00000000080107f6                HAL_UARTEx_RxFifoFullCallback
 .text.HAL_UARTEx_TxFifoEmptyCallback
                0x000000000801080a       0x14 ./Drivers/STM32H7xx_HAL_Driver/Src/stm32h7xx_hal_uart_ex.o
                0x000000000801080a                HAL_UARTEx_TxFifoEmptyCallback
 .text.HAL_UARTEx_DisableFifoMode
                0x000000000801081e       0x72 ./Drivers/STM32H7xx_HAL_Driver/Src/stm32h7xx_hal_uart_ex.o
                0x000000000801081e                HAL_UARTEx_DisableFifoMode
 .text.HAL_UARTEx_SetTxFifoThreshold
                0x0000000008010890       0x7c ./Drivers/STM32H7xx_HAL_Driver/Src/stm32h7xx_hal_uart_ex.o
                0x0000000008010890                HAL_UARTEx_SetTxFifoThreshold
 .text.HAL_UARTEx_SetRxFifoThreshold
                0x000000000801090c       0x7c ./Drivers/STM32H7xx_HAL_Driver/Src/stm32h7xx_hal_uart_ex.o
                0x000000000801090c                HAL_UARTEx_SetRxFifoThreshold
 .text.UARTEx_SetNbDataToProcess
                0x0000000008010988       0x9c ./Drivers/STM32H7xx_HAL_Driver/Src/stm32h7xx_hal_uart_ex.o
 .text.__cxa_pure_virtual
                0x0000000008010a24        0x6 c:/st/stm32cubeide_1.10.1/stm32cubeide/plugins/com.st.stm32cube.ide.mcu.externaltools.gnu-tools-for-stm32.10.3-2021.10.win32_1.0.0.202111181127/tools/bin/../lib/gcc/arm-none-eabi/10.3.1/../../../../arm-none-eabi/lib/thumb/v7e-m+dp/hard\libstdc++_nano.a(pure.o)
                0x0000000008010a24                __cxa_pure_virtual
 .text._ZN10__cxxabiv111__terminateEPFvvE
                0x0000000008010a2a        0x8 c:/st/stm32cubeide_1.10.1/stm32cubeide/plugins/com.st.stm32cube.ide.mcu.externaltools.gnu-tools-for-stm32.10.3-2021.10.win32_1.0.0.202111181127/tools/bin/../lib/gcc/arm-none-eabi/10.3.1/../../../../arm-none-eabi/lib/thumb/v7e-m+dp/hard\libstdc++_nano.a(eh_terminate.o)
                0x0000000008010a2a                __cxxabiv1::__terminate(void (*)())
 *fill*         0x0000000008010a32        0x2 
 .text._ZSt13get_terminatev
                0x0000000008010a34       0x10 c:/st/stm32cubeide_1.10.1/stm32cubeide/plugins/com.st.stm32cube.ide.mcu.externaltools.gnu-tools-for-stm32.10.3-2021.10.win32_1.0.0.202111181127/tools/bin/../lib/gcc/arm-none-eabi/10.3.1/../../../../arm-none-eabi/lib/thumb/v7e-m+dp/hard\libstdc++_nano.a(eh_terminate.o)
                0x0000000008010a34                std::get_terminate()
 .text._ZSt9terminatev
                0x0000000008010a44        0xa c:/st/stm32cubeide_1.10.1/stm32cubeide/plugins/com.st.stm32cube.ide.mcu.externaltools.gnu-tools-for-stm32.10.3-2021.10.win32_1.0.0.202111181127/tools/bin/../lib/gcc/arm-none-eabi/10.3.1/../../../../arm-none-eabi/lib/thumb/v7e-m+dp/hard\libstdc++_nano.a(eh_terminate.o)
                0x0000000008010a44                std::terminate()
 .text.checkint
                0x0000000008010a4e       0x68 c:/st/stm32cubeide_1.10.1/stm32cubeide/plugins/com.st.stm32cube.ide.mcu.externaltools.gnu-tools-for-stm32.10.3-2021.10.win32_1.0.0.202111181127/tools/bin/../lib/gcc/arm-none-eabi/10.3.1/../../../../arm-none-eabi/lib/thumb/v7e-m+dp/hard\libm.a(lib_a-pow.o)
 *fill*         0x0000000008010ab6        0x2 
 .text.pow      0x0000000008010ab8      0x4a4 c:/st/stm32cubeide_1.10.1/stm32cubeide/plugins/com.st.stm32cube.ide.mcu.externaltools.gnu-tools-for-stm32.10.3-2021.10.win32_1.0.0.202111181127/tools/bin/../lib/gcc/arm-none-eabi/10.3.1/../../../../arm-none-eabi/lib/thumb/v7e-m+dp/hard\libm.a(lib_a-pow.o)
                0x0000000008010ab8                pow
 *fill*         0x0000000008010f5c        0x4 
 .text.atan     0x0000000008010f60      0x1f4 c:/st/stm32cubeide_1.10.1/stm32cubeide/plugins/com.st.stm32cube.ide.mcu.externaltools.gnu-tools-for-stm32.10.3-2021.10.win32_1.0.0.202111181127/tools/bin/../lib/gcc/arm-none-eabi/10.3.1/../../../../arm-none-eabi/lib/thumb/v7e-m+dp/hard\libm.a(lib_a-s_atan.o)
                0x0000000008010f60                atan
 .text.fabs     0x0000000008011154       0x12 c:/st/stm32cubeide_1.10.1/stm32cubeide/plugins/com.st.stm32cube.ide.mcu.externaltools.gnu-tools-for-stm32.10.3-2021.10.win32_1.0.0.202111181127/tools/bin/../lib/gcc/arm-none-eabi/10.3.1/../../../../arm-none-eabi/lib/thumb/v7e-m+dp/hard\libm.a(lib_a-s_fabs.o)
                0x0000000008011154                fabs
 *fill*         0x0000000008011166        0x2 
 .text.acos     0x0000000008011168       0x58 c:/st/stm32cubeide_1.10.1/stm32cubeide/plugins/com.st.stm32cube.ide.mcu.externaltools.gnu-tools-for-stm32.10.3-2021.10.win32_1.0.0.202111181127/tools/bin/../lib/gcc/arm-none-eabi/10.3.1/../../../../arm-none-eabi/lib/thumb/v7e-m+dp/hard\libm.a(lib_a-w_acos.o)
                0x0000000008011168                acos
 .text.sqrt     0x00000000080111c0       0x40 c:/st/stm32cubeide_1.10.1/stm32cubeide/plugins/com.st.stm32cube.ide.mcu.externaltools.gnu-tools-for-stm32.10.3-2021.10.win32_1.0.0.202111181127/tools/bin/../lib/gcc/arm-none-eabi/10.3.1/../../../../arm-none-eabi/lib/thumb/v7e-m+dp/hard\libm.a(lib_a-w_sqrt.o)
                0x00000000080111c0                sqrt
 .text.__ieee754_acos
                0x0000000008011200      0x25c c:/st/stm32cubeide_1.10.1/stm32cubeide/plugins/com.st.stm32cube.ide.mcu.externaltools.gnu-tools-for-stm32.10.3-2021.10.win32_1.0.0.202111181127/tools/bin/../lib/gcc/arm-none-eabi/10.3.1/../../../../arm-none-eabi/lib/thumb/v7e-m+dp/hard\libm.a(lib_a-e_acos.o)
                0x0000000008011200                __ieee754_acos
 .text.__ieee754_sqrt
                0x000000000801145c        0x6 c:/st/stm32cubeide_1.10.1/stm32cubeide/plugins/com.st.stm32cube.ide.mcu.externaltools.gnu-tools-for-stm32.10.3-2021.10.win32_1.0.0.202111181127/tools/bin/../lib/gcc/arm-none-eabi/10.3.1/../../../../arm-none-eabi/lib/thumb/v7e-m+dp/hard\libm.a(lib_a-e_sqrt.o)
                0x000000000801145c                __ieee754_sqrt
 .text.with_errno
                0x0000000008011462       0x16 c:/st/stm32cubeide_1.10.1/stm32cubeide/plugins/com.st.stm32cube.ide.mcu.externaltools.gnu-tools-for-stm32.10.3-2021.10.win32_1.0.0.202111181127/tools/bin/../lib/gcc/arm-none-eabi/10.3.1/../../../../arm-none-eabi/lib/thumb/v7e-m+dp/hard\libm.a(lib_a-math_err.o)
 .text.xflow    0x0000000008011478       0x22 c:/st/stm32cubeide_1.10.1/stm32cubeide/plugins/com.st.stm32cube.ide.mcu.externaltools.gnu-tools-for-stm32.10.3-2021.10.win32_1.0.0.202111181127/tools/bin/../lib/gcc/arm-none-eabi/10.3.1/../../../../arm-none-eabi/lib/thumb/v7e-m+dp/hard\libm.a(lib_a-math_err.o)
 *fill*         0x000000000801149a        0x6 
 .text.__math_uflow
                0x00000000080114a0       0x10 c:/st/stm32cubeide_1.10.1/stm32cubeide/plugins/com.st.stm32cube.ide.mcu.externaltools.gnu-tools-for-stm32.10.3-2021.10.win32_1.0.0.202111181127/tools/bin/../lib/gcc/arm-none-eabi/10.3.1/../../../../arm-none-eabi/lib/thumb/v7e-m+dp/hard\libm.a(lib_a-math_err.o)
                0x00000000080114a0                __math_uflow
 .text.__math_oflow
                0x00000000080114b0       0x10 c:/st/stm32cubeide_1.10.1/stm32cubeide/plugins/com.st.stm32cube.ide.mcu.externaltools.gnu-tools-for-stm32.10.3-2021.10.win32_1.0.0.202111181127/tools/bin/../lib/gcc/arm-none-eabi/10.3.1/../../../../arm-none-eabi/lib/thumb/v7e-m+dp/hard\libm.a(lib_a-math_err.o)
                0x00000000080114b0                __math_oflow
 .text.__math_divzero
                0x00000000080114c0       0x30 c:/st/stm32cubeide_1.10.1/stm32cubeide/plugins/com.st.stm32cube.ide.mcu.externaltools.gnu-tools-for-stm32.10.3-2021.10.win32_1.0.0.202111181127/tools/bin/../lib/gcc/arm-none-eabi/10.3.1/../../../../arm-none-eabi/lib/thumb/v7e-m+dp/hard\libm.a(lib_a-math_err.o)
                0x00000000080114c0                __math_divzero
 .text.__math_invalid
                0x00000000080114f0       0x1e c:/st/stm32cubeide_1.10.1/stm32cubeide/plugins/com.st.stm32cube.ide.mcu.externaltools.gnu-tools-for-stm32.10.3-2021.10.win32_1.0.0.202111181127/tools/bin/../lib/gcc/arm-none-eabi/10.3.1/../../../../arm-none-eabi/lib/thumb/v7e-m+dp/hard\libm.a(lib_a-math_err.o)
                0x00000000080114f0                __math_invalid
 .text.__math_check_uflow
                0x000000000801150e       0x12 c:/st/stm32cubeide_1.10.1/stm32cubeide/plugins/com.st.stm32cube.ide.mcu.externaltools.gnu-tools-for-stm32.10.3-2021.10.win32_1.0.0.202111181127/tools/bin/../lib/gcc/arm-none-eabi/10.3.1/../../../../arm-none-eabi/lib/thumb/v7e-m+dp/hard\libm.a(lib_a-math_err.o)
                0x000000000801150e                __math_check_uflow
 .text.__math_check_oflow
                0x0000000008011520       0x28 c:/st/stm32cubeide_1.10.1/stm32cubeide/plugins/com.st.stm32cube.ide.mcu.externaltools.gnu-tools-for-stm32.10.3-2021.10.win32_1.0.0.202111181127/tools/bin/../lib/gcc/arm-none-eabi/10.3.1/../../../../arm-none-eabi/lib/thumb/v7e-m+dp/hard\libm.a(lib_a-math_err.o)
                0x0000000008011520                __math_check_oflow
 .text.nan      0x0000000008011548       0x10 c:/st/stm32cubeide_1.10.1/stm32cubeide/plugins/com.st.stm32cube.ide.mcu.externaltools.gnu-tools-for-stm32.10.3-2021.10.win32_1.0.0.202111181127/tools/bin/../lib/gcc/arm-none-eabi/10.3.1/../../../../arm-none-eabi/lib/thumb/v7e-m+dp/hard\libm.a(lib_a-s_nan.o)
                0x0000000008011548                nan
 .text.abort    0x0000000008011558        0xe c:/st/stm32cubeide_1.10.1/stm32cubeide/plugins/com.st.stm32cube.ide.mcu.externaltools.gnu-tools-for-stm32.10.3-2021.10.win32_1.0.0.202111181127/tools/bin/../lib/gcc/arm-none-eabi/10.3.1/../../../../arm-none-eabi/lib/thumb/v7e-m+dp/hard\libc_nano.a(lib_a-abort.o)
                0x0000000008011558                abort
 *fill*         0x0000000008011566        0x2 
 .text.__errno  0x0000000008011568        0xc c:/st/stm32cubeide_1.10.1/stm32cubeide/plugins/com.st.stm32cube.ide.mcu.externaltools.gnu-tools-for-stm32.10.3-2021.10.win32_1.0.0.202111181127/tools/bin/../lib/gcc/arm-none-eabi/10.3.1/../../../../arm-none-eabi/lib/thumb/v7e-m+dp/hard\libc_nano.a(lib_a-errno.o)
                0x0000000008011568                __errno
 .text.__libc_init_array
                0x0000000008011574       0x48 c:/st/stm32cubeide_1.10.1/stm32cubeide/plugins/com.st.stm32cube.ide.mcu.externaltools.gnu-tools-for-stm32.10.3-2021.10.win32_1.0.0.202111181127/tools/bin/../lib/gcc/arm-none-eabi/10.3.1/../../../../arm-none-eabi/lib/thumb/v7e-m+dp/hard\libc_nano.a(lib_a-init.o)
                0x0000000008011574                __libc_init_array
 .text.memcpy   0x00000000080115bc       0x1c c:/st/stm32cubeide_1.10.1/stm32cubeide/plugins/com.st.stm32cube.ide.mcu.externaltools.gnu-tools-for-stm32.10.3-2021.10.win32_1.0.0.202111181127/tools/bin/../lib/gcc/arm-none-eabi/10.3.1/../../../../arm-none-eabi/lib/thumb/v7e-m+dp/hard\libc_nano.a(lib_a-memcpy-stub.o)
                0x00000000080115bc                memcpy
 .text.memset   0x00000000080115d8       0x10 c:/st/stm32cubeide_1.10.1/stm32cubeide/plugins/com.st.stm32cube.ide.mcu.externaltools.gnu-tools-for-stm32.10.3-2021.10.win32_1.0.0.202111181127/tools/bin/../lib/gcc/arm-none-eabi/10.3.1/../../../../arm-none-eabi/lib/thumb/v7e-m+dp/hard\libc_nano.a(lib_a-memset.o)
                0x00000000080115d8                memset
 .text.realloc  0x00000000080115e8       0x10 c:/st/stm32cubeide_1.10.1/stm32cubeide/plugins/com.st.stm32cube.ide.mcu.externaltools.gnu-tools-for-stm32.10.3-2021.10.win32_1.0.0.202111181127/tools/bin/../lib/gcc/arm-none-eabi/10.3.1/../../../../arm-none-eabi/lib/thumb/v7e-m+dp/hard\libc_nano.a(lib_a-realloc.o)
                0x00000000080115e8                realloc
 .text._raise_r
                0x00000000080115f8       0x50 c:/st/stm32cubeide_1.10.1/stm32cubeide/plugins/com.st.stm32cube.ide.mcu.externaltools.gnu-tools-for-stm32.10.3-2021.10.win32_1.0.0.202111181127/tools/bin/../lib/gcc/arm-none-eabi/10.3.1/../../../../arm-none-eabi/lib/thumb/v7e-m+dp/hard\libc_nano.a(lib_a-signal.o)
                0x00000000080115f8                _raise_r
 .text.raise    0x0000000008011648       0x10 c:/st/stm32cubeide_1.10.1/stm32cubeide/plugins/com.st.stm32cube.ide.mcu.externaltools.gnu-tools-for-stm32.10.3-2021.10.win32_1.0.0.202111181127/tools/bin/../lib/gcc/arm-none-eabi/10.3.1/../../../../arm-none-eabi/lib/thumb/v7e-m+dp/hard\libc_nano.a(lib_a-signal.o)
                0x0000000008011648                raise
 .text._kill_r  0x0000000008011658       0x24 c:/st/stm32cubeide_1.10.1/stm32cubeide/plugins/com.st.stm32cube.ide.mcu.externaltools.gnu-tools-for-stm32.10.3-2021.10.win32_1.0.0.202111181127/tools/bin/../lib/gcc/arm-none-eabi/10.3.1/../../../../arm-none-eabi/lib/thumb/v7e-m+dp/hard\libc_nano.a(lib_a-signalr.o)
                0x0000000008011658                _kill_r
 .text._getpid_r
                0x000000000801167c        0x4 c:/st/stm32cubeide_1.10.1/stm32cubeide/plugins/com.st.stm32cube.ide.mcu.externaltools.gnu-tools-for-stm32.10.3-2021.10.win32_1.0.0.202111181127/tools/bin/../lib/gcc/arm-none-eabi/10.3.1/../../../../arm-none-eabi/lib/thumb/v7e-m+dp/hard\libc_nano.a(lib_a-signalr.o)
                0x000000000801167c                _getpid_r
 .text.sbrk_aligned
                0x0000000008011680       0x40 c:/st/stm32cubeide_1.10.1/stm32cubeide/plugins/com.st.stm32cube.ide.mcu.externaltools.gnu-tools-for-stm32.10.3-2021.10.win32_1.0.0.202111181127/tools/bin/../lib/gcc/arm-none-eabi/10.3.1/../../../../arm-none-eabi/lib/thumb/v7e-m+dp/hard\libc_nano.a(lib_a-nano-mallocr.o)
 .text._malloc_r
                0x00000000080116c0       0xe8 c:/st/stm32cubeide_1.10.1/stm32cubeide/plugins/com.st.stm32cube.ide.mcu.externaltools.gnu-tools-for-stm32.10.3-2021.10.win32_1.0.0.202111181127/tools/bin/../lib/gcc/arm-none-eabi/10.3.1/../../../../arm-none-eabi/lib/thumb/v7e-m+dp/hard\libc_nano.a(lib_a-nano-mallocr.o)
                0x00000000080116c0                _malloc_r
 .text._realloc_r
                0x00000000080117a8       0x5e c:/st/stm32cubeide_1.10.1/stm32cubeide/plugins/com.st.stm32cube.ide.mcu.externaltools.gnu-tools-for-stm32.10.3-2021.10.win32_1.0.0.202111181127/tools/bin/../lib/gcc/arm-none-eabi/10.3.1/../../../../arm-none-eabi/lib/thumb/v7e-m+dp/hard\libc_nano.a(lib_a-nano-reallocr.o)
                0x00000000080117a8                _realloc_r
 *fill*         0x0000000008011806        0x2 
 .text._sbrk_r  0x0000000008011808       0x20 c:/st/stm32cubeide_1.10.1/stm32cubeide/plugins/com.st.stm32cube.ide.mcu.externaltools.gnu-tools-for-stm32.10.3-2021.10.win32_1.0.0.202111181127/tools/bin/../lib/gcc/arm-none-eabi/10.3.1/../../../../arm-none-eabi/lib/thumb/v7e-m+dp/hard\libc_nano.a(lib_a-sbrkr.o)
                0x0000000008011808                _sbrk_r
 .text.__malloc_lock
                0x0000000008011828        0xc c:/st/stm32cubeide_1.10.1/stm32cubeide/plugins/com.st.stm32cube.ide.mcu.externaltools.gnu-tools-for-stm32.10.3-2021.10.win32_1.0.0.202111181127/tools/bin/../lib/gcc/arm-none-eabi/10.3.1/../../../../arm-none-eabi/lib/thumb/v7e-m+dp/hard\libc_nano.a(lib_a-mlock.o)
                0x0000000008011828                __malloc_lock
 .text.__malloc_unlock
                0x0000000008011834        0xc c:/st/stm32cubeide_1.10.1/stm32cubeide/plugins/com.st.stm32cube.ide.mcu.externaltools.gnu-tools-for-stm32.10.3-2021.10.win32_1.0.0.202111181127/tools/bin/../lib/gcc/arm-none-eabi/10.3.1/../../../../arm-none-eabi/lib/thumb/v7e-m+dp/hard\libc_nano.a(lib_a-mlock.o)
                0x0000000008011834                __malloc_unlock
 .text._free_r  0x0000000008011840       0x98 c:/st/stm32cubeide_1.10.1/stm32cubeide/plugins/com.st.stm32cube.ide.mcu.externaltools.gnu-tools-for-stm32.10.3-2021.10.win32_1.0.0.202111181127/tools/bin/../lib/gcc/arm-none-eabi/10.3.1/../../../../arm-none-eabi/lib/thumb/v7e-m+dp/hard\libc_nano.a(lib_a-nano-freer.o)
                0x0000000008011840                _free_r
 .text._malloc_usable_size_r
                0x00000000080118d8       0x10 c:/st/stm32cubeide_1.10.1/stm32cubeide/plugins/com.st.stm32cube.ide.mcu.externaltools.gnu-tools-for-stm32.10.3-2021.10.win32_1.0.0.202111181127/tools/bin/../lib/gcc/arm-none-eabi/10.3.1/../../../../arm-none-eabi/lib/thumb/v7e-m+dp/hard\libc_nano.a(lib_a-nano-msizer.o)
                0x00000000080118d8                _malloc_usable_size_r
 .text.__retarget_lock_acquire_recursive
                0x00000000080118e8        0x2 c:/st/stm32cubeide_1.10.1/stm32cubeide/plugins/com.st.stm32cube.ide.mcu.externaltools.gnu-tools-for-stm32.10.3-2021.10.win32_1.0.0.202111181127/tools/bin/../lib/gcc/arm-none-eabi/10.3.1/../../../../arm-none-eabi/lib/thumb/v7e-m+dp/hard\libc_nano.a(lib_a-lock.o)
                0x00000000080118e8                __retarget_lock_acquire_recursive
 .text.__retarget_lock_release_recursive
                0x00000000080118ea        0x2 c:/st/stm32cubeide_1.10.1/stm32cubeide/plugins/com.st.stm32cube.ide.mcu.externaltools.gnu-tools-for-stm32.10.3-2021.10.win32_1.0.0.202111181127/tools/bin/../lib/gcc/arm-none-eabi/10.3.1/../../../../arm-none-eabi/lib/thumb/v7e-m+dp/hard\libc_nano.a(lib_a-lock.o)
                0x00000000080118ea                __retarget_lock_release_recursive
 *(.glue_7)
 .glue_7        0x00000000080118ec        0x0 linker stubs
 *(.glue_7t)
 .glue_7t       0x00000000080118ec        0x0 linker stubs
 *(.eh_frame)
 .eh_frame      0x00000000080118ec        0x0 c:/st/stm32cubeide_1.10.1/stm32cubeide/plugins/com.st.stm32cube.ide.mcu.externaltools.gnu-tools-for-stm32.10.3-2021.10.win32_1.0.0.202111181127/tools/bin/../lib/gcc/arm-none-eabi/10.3.1/thumb/v7e-m+dp/hard/crtbegin.o
 *(.init)
 .init          0x00000000080118ec        0x4 c:/st/stm32cubeide_1.10.1/stm32cubeide/plugins/com.st.stm32cube.ide.mcu.externaltools.gnu-tools-for-stm32.10.3-2021.10.win32_1.0.0.202111181127/tools/bin/../lib/gcc/arm-none-eabi/10.3.1/thumb/v7e-m+dp/hard/crti.o
                0x00000000080118ec                _init
 .init          0x00000000080118f0        0x8 c:/st/stm32cubeide_1.10.1/stm32cubeide/plugins/com.st.stm32cube.ide.mcu.externaltools.gnu-tools-for-stm32.10.3-2021.10.win32_1.0.0.202111181127/tools/bin/../lib/gcc/arm-none-eabi/10.3.1/thumb/v7e-m+dp/hard/crtn.o
 *(.fini)
 .fini          0x00000000080118f8        0x4 c:/st/stm32cubeide_1.10.1/stm32cubeide/plugins/com.st.stm32cube.ide.mcu.externaltools.gnu-tools-for-stm32.10.3-2021.10.win32_1.0.0.202111181127/tools/bin/../lib/gcc/arm-none-eabi/10.3.1/thumb/v7e-m+dp/hard/crti.o
                0x00000000080118f8                _fini
 .fini          0x00000000080118fc        0x8 c:/st/stm32cubeide_1.10.1/stm32cubeide/plugins/com.st.stm32cube.ide.mcu.externaltools.gnu-tools-for-stm32.10.3-2021.10.win32_1.0.0.202111181127/tools/bin/../lib/gcc/arm-none-eabi/10.3.1/thumb/v7e-m+dp/hard/crtn.o
                0x0000000008011904                . = ALIGN (0x4)
                0x0000000008011904                _etext = .

.vfp11_veneer   0x0000000008011904        0x0
 .vfp11_veneer  0x0000000008011904        0x0 linker stubs

.v4_bx          0x0000000008011904        0x0
 .v4_bx         0x0000000008011904        0x0 linker stubs

.iplt           0x0000000008011904        0x0
 .iplt          0x0000000008011904        0x0 c:/st/stm32cubeide_1.10.1/stm32cubeide/plugins/com.st.stm32cube.ide.mcu.externaltools.gnu-tools-for-stm32.10.3-2021.10.win32_1.0.0.202111181127/tools/bin/../lib/gcc/arm-none-eabi/10.3.1/thumb/v7e-m+dp/hard/crtbegin.o

.rodata         0x0000000008011908     0x1c90
                0x0000000008011908                . = ALIGN (0x4)
 *(.rodata)
 .rodata        0x0000000008011908      0x21b ./Core/Src/ros_main.o
 *(.rodata*)
 *fill*         0x0000000008011b23        0x1 
 .rodata._ZN14rosserial_msgsL12REQUESTPARAME
                0x0000000008011b24       0x1c ./Core/Src/ros_main.o
 .rodata._ZTVN3ros10SubscriberIN13geometry_msgs5PointEvEE
                0x0000000008011b40       0x18 ./Core/Src/ros_main.o
                0x0000000008011b40                vtable for ros::Subscriber<geometry_msgs::Point, void>
 .rodata._ZTVN3ros11NodeHandle_I13STM32HardwareLi25ELi25ELi1024ELi1024EEE
                0x0000000008011b58       0x14 ./Core/Src/ros_main.o
                0x0000000008011b58                vtable for ros::NodeHandle_<STM32Hardware, 25, 25, 1024, 1024>
 .rodata._ZTVN8std_msgs7Float64E
                0x0000000008011b6c       0x18 ./Core/Src/ros_main.o
                0x0000000008011b6c                vtable for std_msgs::Float64
 .rodata._ZTVN8std_msgs5Int64E
                0x0000000008011b84       0x18 ./Core/Src/ros_main.o
                0x0000000008011b84                vtable for std_msgs::Int64
 .rodata._ZTVN13geometry_msgs5PointE
                0x0000000008011b9c       0x18 ./Core/Src/ros_main.o
                0x0000000008011b9c                vtable for geometry_msgs::Point
 .rodata._ZTVN3ros11Subscriber_E
                0x0000000008011bb4       0x18 ./Core/Src/ros_main.o
                0x0000000008011bb4                vtable for ros::Subscriber_
 .rodata._ZTVN3ros15NodeHandleBase_E
                0x0000000008011bcc       0x14 ./Core/Src/ros_main.o
                0x0000000008011bcc                vtable for ros::NodeHandleBase_
 .rodata._ZTVN14rosserial_msgs20RequestParamResponseE
                0x0000000008011be0       0x18 ./Core/Src/ros_main.o
                0x0000000008011be0                vtable for rosserial_msgs::RequestParamResponse
 .rodata._ZTVN14rosserial_msgs3LogE
                0x0000000008011bf8       0x18 ./Core/Src/ros_main.o
                0x0000000008011bf8                vtable for rosserial_msgs::Log
 .rodata._ZTVN14rosserial_msgs9TopicInfoE
                0x0000000008011c10       0x18 ./Core/Src/ros_main.o
                0x0000000008011c10                vtable for rosserial_msgs::TopicInfo
 .rodata._ZTVN8std_msgs4TimeE
                0x0000000008011c28       0x18 ./Core/Src/ros_main.o
                0x0000000008011c28                vtable for std_msgs::Time
 .rodata._ZTVN3ros3MsgE
                0x0000000008011c40       0x18 ./Core/Src/ros_main.o
                0x0000000008011c40                vtable for ros::Msg
 .rodata.D1CorePrescTable
                0x0000000008011c58       0x10 ./Core/Src/system_stm32h7xx.o
                0x0000000008011c58                D1CorePrescTable
 .rodata.flagBitshiftOffset.0
                0x0000000008011c68        0x8 ./Drivers/STM32H7xx_HAL_Driver/Src/stm32h7xx_hal_dma.o
 .rodata.UARTPrescTable
                0x0000000008011c70       0x18 ./Drivers/STM32H7xx_HAL_Driver/Src/stm32h7xx_hal_uart.o
                0x0000000008011c70                UARTPrescTable
 .rodata.numerator.1
                0x0000000008011c88        0x8 ./Drivers/STM32H7xx_HAL_Driver/Src/stm32h7xx_hal_uart_ex.o
 .rodata.denominator.0
                0x0000000008011c90        0x8 ./Drivers/STM32H7xx_HAL_Driver/Src/stm32h7xx_hal_uart_ex.o
 .rodata.__pow_log_data
                0x0000000008011c98     0x1048 c:/st/stm32cubeide_1.10.1/stm32cubeide/plugins/com.st.stm32cube.ide.mcu.externaltools.gnu-tools-for-stm32.10.3-2021.10.win32_1.0.0.202111181127/tools/bin/../lib/gcc/arm-none-eabi/10.3.1/../../../../arm-none-eabi/lib/thumb/v7e-m+dp/hard\libm.a(lib_a-pow_log_data.o)
                0x0000000008011c98                __pow_log_data
 .rodata.atanhi
                0x0000000008012ce0       0x20 c:/st/stm32cubeide_1.10.1/stm32cubeide/plugins/com.st.stm32cube.ide.mcu.externaltools.gnu-tools-for-stm32.10.3-2021.10.win32_1.0.0.202111181127/tools/bin/../lib/gcc/arm-none-eabi/10.3.1/../../../../arm-none-eabi/lib/thumb/v7e-m+dp/hard\libm.a(lib_a-s_atan.o)
 .rodata.atanlo
                0x0000000008012d00       0x20 c:/st/stm32cubeide_1.10.1/stm32cubeide/plugins/com.st.stm32cube.ide.mcu.externaltools.gnu-tools-for-stm32.10.3-2021.10.win32_1.0.0.202111181127/tools/bin/../lib/gcc/arm-none-eabi/10.3.1/../../../../arm-none-eabi/lib/thumb/v7e-m+dp/hard\libm.a(lib_a-s_atan.o)
 .rodata.acos.str1.1
                0x0000000008012d20        0x1 c:/st/stm32cubeide_1.10.1/stm32cubeide/plugins/com.st.stm32cube.ide.mcu.externaltools.gnu-tools-for-stm32.10.3-2021.10.win32_1.0.0.202111181127/tools/bin/../lib/gcc/arm-none-eabi/10.3.1/../../../../arm-none-eabi/lib/thumb/v7e-m+dp/hard\libm.a(lib_a-w_acos.o)
 *fill*         0x0000000008012d21        0x7 
 .rodata.__exp_data
                0x0000000008012d28      0x870 c:/st/stm32cubeide_1.10.1/stm32cubeide/plugins/com.st.stm32cube.ide.mcu.externaltools.gnu-tools-for-stm32.10.3-2021.10.win32_1.0.0.202111181127/tools/bin/../lib/gcc/arm-none-eabi/10.3.1/../../../../arm-none-eabi/lib/thumb/v7e-m+dp/hard\libm.a(lib_a-exp_data.o)
                0x0000000008012d28                __exp_data
                0x0000000008013598                . = ALIGN (0x4)

.ARM.extab
 *(.ARM.extab* .gnu.linkonce.armextab.*)

.ARM            0x0000000008013598        0x8
                0x0000000008013598                __exidx_start = .
 *(.ARM.exidx*)