Archive member included to satisfy reference by file (symbol)

c:/st/stm32cubeide_1.10.1/stm32cubeide/plugins/com.st.stm32cube.ide.mcu.externaltools.gnu-tools-for-stm32.10.3-2021.10.win32_1.0.0.202111181127/tools/bin/../lib/gcc/arm-none-eabi/10.3.1/../../../../arm-none-eabi/lib/thumb/v7e-m+dp/hard\libstdc++_nano.a(pure.o)
                              ./Core/Src/ros_main.o (__cxa_pure_virtual)
c:/st/stm32cubeide_1.10.1/stm32cubeide/plugins/com.st.stm32cube.ide.mcu.externaltools.gnu-tools-for-stm32.10.3-2021.10.win32_1.0.0.202111181127/tools/bin/../lib/gcc/arm-none-eabi/10.3.1/../../../../arm-none-eabi/lib/thumb/v7e-m+dp/hard\libstdc++_nano.a(eh_terminate.o)
                              c:/st/stm32cubeide_1.10.1/stm32cubeide/plugins/com.st.stm32cube.ide.mcu.externaltools.gnu-tools-for-stm32.10.3-2021.10.win32_1.0.0.202111181127/tools/bin/../lib/gcc/arm-none-eabi/10.3.1/../../../../arm-none-eabi/lib/thumb/v7e-m+dp/hard\libstdc++_nano.a(pure.o) (std::terminate())
c:/st/stm32cubeide_1.10.1/stm32cubeide/plugins/com.st.stm32cube.ide.mcu.externaltools.gnu-tools-for-stm32.10.3-2021.10.win32_1.0.0.202111181127/tools/bin/../lib/gcc/arm-none-eabi/10.3.1/../../../../arm-none-eabi/lib/thumb/v7e-m+dp/hard\libstdc++_nano.a(eh_unex_handler.o)
                              c:/st/stm32cubeide_1.10.1/stm32cubeide/plugins/com.st.stm32cube.ide.mcu.externaltools.gnu-tools-for-stm32.10.3-2021.10.win32_1.0.0.202111181127/tools/bin/../lib/gcc/arm-none-eabi/10.3.1/../../../../arm-none-eabi/lib/thumb/v7e-m+dp/hard\libstdc++_nano.a(eh_terminate.o) (__cxxabiv1::__unexpected_handler)
c:/st/stm32cubeide_1.10.1/stm32cubeide/plugins/com.st.stm32cube.ide.mcu.externaltools.gnu-tools-for-stm32.10.3-2021.10.win32_1.0.0.202111181127/tools/bin/../lib/gcc/arm-none-eabi/10.3.1/../../../../arm-none-eabi/lib/thumb/v7e-m+dp/hard\libstdc++_nano.a(eh_term_handler.o)
                              c:/st/stm32cubeide_1.10.1/stm32cubeide/plugins/com.st.stm32cube.ide.mcu.externaltools.gnu-tools-for-stm32.10.3-2021.10.win32_1.0.0.202111181127/tools/bin/../lib/gcc/arm-none-eabi/10.3.1/../../../../arm-none-eabi/lib/thumb/v7e-m+dp/hard\libstdc++_nano.a(eh_terminate.o) (__cxxabiv1::__terminate_handler)
c:/st/stm32cubeide_1.10.1/stm32cubeide/plugins/com.st.stm32cube.ide.mcu.externaltools.gnu-tools-for-stm32.10.3-2021.10.win32_1.0.0.202111181127/tools/bin/../lib/gcc/arm-none-eabi/10.3.1/../../../../arm-none-eabi/lib/thumb/v7e-m+dp/hard\libm.a(lib_a-pow.o)
                              ./Core/Src/scara.o (pow)
c:/st/stm32cubeide_1.10.1/stm32cubeide/plugins/com.st.stm32cube.ide.mcu.externaltools.gnu-tools-for-stm32.10.3-2021.10.win32_1.0.0.202111181127/tools/bin/../lib/gcc/arm-none-eabi/10.3.1/../../../../arm-none-eabi/lib/thumb/v7e-m+dp/hard\libm.a(lib_a-pow_log_data.o)
                              c:/st/stm32cubeide_1.10.1/stm32cubeide/plugins/com.st.stm32cube.ide.mcu.externaltools.gnu-tools-for-stm32.10.3-2021.10.win32_1.0.0.202111181127/tools/bin/../lib/gcc/arm-none-eabi/10.3.1/../../../../arm-none-eabi/lib/thumb/v7e-m+dp/hard\libm.a(lib_a-pow.o) (__pow_log_data)
c:/st/stm32cubeide_1.10.1/stm32cubeide/plugins/com.st.stm32cube.ide.mcu.externaltools.gnu-tools-for-stm32.10.3-2021.10.win32_1.0.0.202111181127/tools/bin/../lib/gcc/arm-none-eabi/10.3.1/../../../../arm-none-eabi/lib/thumb/v7e-m+dp/hard\libm.a(lib_a-s_atan.o)
                              ./Core/Src/scara.o (atan)
c:/st/stm32cubeide_1.10.1/stm32cubeide/plugins/com.st.stm32cube.ide.mcu.externaltools.gnu-tools-for-stm32.10.3-2021.10.win32_1.0.0.202111181127/tools/bin/../lib/gcc/arm-none-eabi/10.3.1/../../../../arm-none-eabi/lib/thumb/v7e-m+dp/hard\libm.a(lib_a-s_fabs.o)
                              c:/st/stm32cubeide_1.10.1/stm32cubeide/plugins/com.st.stm32cube.ide.mcu.externaltools.gnu-tools-for-stm32.10.3-2021.10.win32_1.0.0.202111181127/tools/bin/../lib/gcc/arm-none-eabi/10.3.1/../../../../arm-none-eabi/lib/thumb/v7e-m+dp/hard\libm.a(lib_a-s_atan.o) (fabs)
c:/st/stm32cubeide_1.10.1/stm32cubeide/plugins/com.st.stm32cube.ide.mcu.externaltools.gnu-tools-for-stm32.10.3-2021.10.win32_1.0.0.202111181127/tools/bin/../lib/gcc/arm-none-eabi/10.3.1/../../../../arm-none-eabi/lib/thumb/v7e-m+dp/hard\libm.a(lib_a-w_acos.o)
                              ./Core/Src/scara.o (acos)
c:/st/stm32cubeide_1.10.1/stm32cubeide/plugins/com.st.stm32cube.ide.mcu.externaltools.gnu-tools-for-stm32.10.3-2021.10.win32_1.0.0.202111181127/tools/bin/../lib/gcc/arm-none-eabi/10.3.1/../../../../arm-none-eabi/lib/thumb/v7e-m+dp/hard\libm.a(lib_a-w_sqrt.o)
                              ./Core/Src/scara.o (sqrt)
c:/st/stm32cubeide_1.10.1/stm32cubeide/plugins/com.st.stm32cube.ide.mcu.externaltools.gnu-tools-for-stm32.10.3-2021.10.win32_1.0.0.202111181127/tools/bin/../lib/gcc/arm-none-eabi/10.3.1/../../../../arm-none-eabi/lib/thumb/v7e-m+dp/hard\libm.a(lib_a-e_acos.o)
[...]
Memory Configuration

Name             Origin             Length             Attributes
ITCMRAM          0x0000000000000000 0x0000000000010000 xrw
DTCMRAM          0x0000000020000000 0x0000000000020000 xrw
FLASH            0x0000000008000000 0x0000000000100000 xr
RAM_D1           0x0000000024000000 0x0000000000050000 xrw
RAM_D2           0x0000000030000000 0x0000000000008000 xrw
RAM_D3           0x0000000038000000 0x0000000000004000 xrw
*default*        0x0000000000000000 0xffffffffffffffff

Linker script and memory map

LOAD c:/st/stm32cubeide_1.10.1/stm32cubeide/plugins/com.st.stm32cube.ide.mcu.externaltools.gnu-tools-for-stm32.10.3-2021.10.win32_1.0.0.202111181127/tools/bin/../lib/gcc/arm-none-eabi/10.3.1/thumb/v7e-m+dp/hard/crti.o
LOAD c:/st/stm32cubeide_1.10.1/stm32cubeide/plugins/com.st.stm32cube.ide.mcu.externaltools.gnu-tools-for-stm32.10.3-2021.10.win32_1.0.0.202111181127/tools/bin/../lib/gcc/arm-none-eabi/10.3.1/thumb/v7e-m+dp/hard/crtbegin.o
LOAD c:/st/stm32cubeide_1.10.1/stm32cubeide/plugins/com.st.stm32cube.ide.mcu.externaltools.gnu-tools-for-stm32.10.3-2021.10.win32_1.0.0.202111181127/tools/bin/../lib/gcc/arm-none-eabi/10.3.1/../../../../arm-none-eabi/lib/thumb/v7e-m+dp/hard/crt0.o
LOAD ./Core/Inc/duration.o
LOAD ./Core/Inc/time.o
LOAD ./Core/Src/dc_motor.o
LOAD ./Core/Src/debug.o
LOAD ./Core/Src/intake.o
LOAD ./Core/Src/main.o
LOAD ./Core/Src/mainpp.o
LOAD ./Core/Src/mecanum.o
LOAD ./Core/Src/microswitch.o
LOAD ./Core/Src/reset.o
LOAD ./Core/Src/ros_main.o
LOAD ./Core/Src/scara.o
LOAD ./Core/Src/stm32h7xx_hal_msp.o
LOAD ./Core/Src/stm32h7xx_it.o
LOAD ./Core/Src/stm_main.o
LOAD ./Core/Src/syscalls.o
LOAD ./Core/Src/sysmem.o
LOAD ./Core/Src/system_stm32h7xx.o
LOAD ./Core/Src/timing.o
LOAD ./Core/Startup/startup_stm32h723zgtx.o
LOAD ./Drivers/STM32H7xx_HAL_Driver/Src/stm32h7xx_hal.o
LOAD ./Drivers/STM32H7xx_HAL_Driver/Src/stm32h7xx_hal_cortex.o
LOAD ./Drivers/STM32H7xx_HAL_Driver/Src/stm32h7xx_hal_dma.o
LOAD ./Drivers/STM32H7xx_HAL_Driver/Src/stm32h7xx_hal_dma_ex.o
LOAD ./Drivers/STM32H7xx_HAL_Driver/Src/stm32h7xx_hal_exti.o
LOAD ./Drivers/STM32H7xx_HAL_Driver/Src/stm32h7xx_hal_flash.o
LOAD ./Drivers/STM32H7xx_HAL_Driver/Src/stm32h7xx_hal_flash_ex.o
LOAD ./Drivers/STM32H7xx_HAL_Driver/Src/stm32h7xx_hal_gpio.o
LOAD ./Drivers/STM32H7xx_HAL_Driver/Src/stm32h7xx_hal_hsem.o
LOAD ./Drivers/STM32H7xx_HAL_Driver/Src/stm32h7xx_hal_i2c.o
LOAD ./Drivers/STM32H7xx_HAL_Driver/Src/stm32h7xx_hal_i2c_ex.o
LOAD ./Drivers/STM32H7xx_HAL_Driver/Src/stm32h7xx_hal_mdma.o
LOAD ./Drivers/STM32H7xx_HAL_Driver/Src/stm32h7xx_hal_pwr.o
LOAD ./Drivers/STM32H7xx_HAL_Driver/Src/stm32h7xx_hal_pwr_ex.o
LOAD ./Drivers/STM32H7xx_HAL_Driver/Src/stm32h7xx_hal_rcc.o
LOAD ./Drivers/STM32H7xx_HAL_Driver/Src/stm32h7xx_hal_rcc_ex.o
LOAD ./Drivers/STM32H7xx_HAL_Driver/Src/stm32h7xx_hal_tim.o
LOAD ./Drivers/STM32H7xx_HAL_Driver/Src/stm32h7xx_hal_tim_ex.o
LOAD ./Drivers/STM32H7xx_HAL_Driver/Src/stm32h7xx_hal_uart.o
LOAD ./Drivers/STM32H7xx_HAL_Driver/Src/stm32h7xx_hal_uart_ex.o
START GROUP
LOAD c:/st/stm32cubeide_1.10.1/stm32cubeide/plugins/com.st.stm32cube.ide.mcu.externaltools.gnu-tools-for-stm32.10.3-2021.10.win32_1.0.0.202111181127/tools/bin/../lib/gcc/arm-none-eabi/10.3.1/../../../../arm-none-eabi/lib/thumb/v7e-m+dp/hard\libstdc++_nano.a
LOAD c:/st/stm32cubeide_1.10.1/stm32cubeide/plugins/com.st.stm32cube.ide.mcu.externaltools.gnu-tools-for-stm32.10.3-2021.10.win32_1.0.0.202111181127/tools/bin/../lib/gcc/arm-none-eabi/10.3.1/../../../../arm-none-eabi/lib/thumb/v7e-m+dp/hard\libsupc++_nano.a
END GROUP
LOAD c:/st/stm32cubeide_1.10.1/stm32cubeide/plugins/com.st.stm32cube.ide.mcu.externaltools.gnu-tools-for-stm32.10.3-2021.10.win32_1.0.0.202111181127/tools/bin/../lib/gcc/arm-none-eabi/10.3.1/../../../../arm-none-eabi/lib/thumb/v7e-m+dp/hard\libstdc++_nano.a
LOAD c:/st/stm32cubeide_1.10.1/stm32cubeide/plugins/com.st.stm32cube.ide.mcu.externaltools.gnu-tools-for-stm32.10.3-2021.10.win32_1.0.0.202111181127/tools/bin/../lib/gcc/arm-none-eabi/10.3.1/../../../../arm-none-eabi/lib/thumb/v7e-m+dp/hard\libm.a
LOAD c:/st/stm32cubeide_1.10.1/stm32cubeide/plugins/com.st.stm32cube.ide.mcu.externaltools.gnu-tools-for-stm32.10.3-2021.10.win32_1.0.0.202111181127/tools/bin/../lib/gcc/arm-none-eabi/10.3.1/../../../../arm-none-eabi/lib/thumb/v7e-m+dp/hard\libc_nano.a
START GROUP
LOAD c:/st/stm32cubeide_1.10.1/stm32cubeide/plugins/com.st.stm32cube.ide.mcu.externaltools.gnu-tools-for-stm32.10.3-2021.10.win32_1.0.0.202111181127/tools/bin/../lib/gcc/arm-none-eabi/10.3.1/thumb/v7e-m+dp/hard\libgcc.a
LOAD c:/st/stm32cubeide_1.10.1/stm32cubeide/plugins/com.st.stm32cube.ide.mcu.externaltools.gnu-tools-for-stm32.10.3-2021.10.win32_1.0.0.202111181127/tools/bin/../lib/gcc/arm-none-eabi/10.3.1/../../../../arm-none-eabi/lib/thumb/v7e-m+dp/hard\libc_nano.a
END GROUP
START GROUP
LOAD c:/st/stm32cubeide_1.10.1/stm32cubeide/plugins/com.st.stm32cube.ide.mcu.externaltools.gnu-tools-for-stm32.10.3-2021.10.win32_1.0.0.202111181127/tools/bin/../lib/gcc/arm-none-eabi/10.3.1/thumb/v7e-m+dp/hard\libgcc.a
LOAD c:/st/stm32cubeide_1.10.1/stm32cubeide/plugins/com.st.stm32cube.ide.mcu.externaltools.gnu-tools-for-stm32.10.3-2021.10.win32_1.0.0.202111181127/tools/bin/../lib/gcc/arm-none-eabi/10.3.1/../../../../arm-none-eabi/lib/thumb/v7e-m+dp/hard\libc_nano.a
LOAD c:/st/stm32cubeide_1.10.1/stm32cubeide/plugins/com.st.stm32cube.ide.mcu.externaltools.gnu-tools-for-stm32.10.3-2021.10.win32_1.0.0.202111181127/tools/bin/../lib/gcc/arm-none-eabi/10.3.1/../../../../arm-none-eabi/lib/thumb/v7e-m+dp/hard\libnosys.a
END GROUP
START GROUP
LOAD c:/st/stm32cubeide_1.10.1/stm32cubeide/plugins/com.st.stm32cube.ide.mcu.externaltools.gnu-tools-for-stm32.10.3-2021.10.win32_1.0.0.202111181127/tools/bin/../lib/gcc/arm-none-eabi/10.3.1/thumb/v7e-m+dp/hard\libgcc.a
LOAD c:/st/stm32cubeide_1.10.1/stm32cubeide/plugins/com.st.stm32cube.ide.mcu.externaltools.gnu-tools-for-stm32.10.3-2021.10.win32_1.0.0.202111181127/tools/bin/../lib/gcc/arm-none-eabi/10.3.1/../../../../arm-none-eabi/lib/thumb/v7e-m+dp/hard\libc_nano.a
LOAD c:/st/stm32cubeide_1.10.1/stm32cubeide/plugins/com.st.stm32cube.ide.mcu.externaltools.gnu-tools-for-stm32.10.3-2021.10.win32_1.0.0.202111181127/tools/bin/../lib/gcc/arm-none-eabi/10.3.1/../../../../arm-none-eabi/lib/thumb/v7e-m+dp/hard\libnosys.a
END GROUP
LOAD c:/st/stm32cubeide_1.10.1/stm32cubeide/plugins/com.st.stm32cube.ide.mcu.externaltools.gnu-tools-for-stm32.10.3-2021.10.win32_1.0.0.202111181127/tools/bin/../lib/gcc/arm-none-eabi/10.3.1/thumb/v7e-m+dp/hard/crtend.o
LOAD c:/st/stm32cubeide_1.10.1/stm32cubeide/plugins/com.st.stm32cube.ide.mcu.externaltools.gnu-tools-for-stm32.10.3-2021.10.win32_1.0.0.202111181127/tools/bin/../lib/gcc/arm-none-eabi/10.3.1/thumb/v7e-m+dp/hard/crtn.o
                0x0000000024050000                _estack = (ORIGIN (RAM_D1) + LENGTH (RAM_D1))
                0x0000000000000200                _Min_Heap_Size = 0x200
                0x0000000000000400                _Min_Stack_Size = 0x400

.isr_vector     0x0000000008000000      0x2cc
                0x0000000008000000                . = ALIGN (0x4)
 *(.isr_vector)
 .isr_vector    0x0000000008000000      0x2cc ./Core/Startup/startup_stm32h723zgtx.o
                0x0000000008000000                g_pfnVectors
                0x00000000080002cc                . = ALIGN (0x4)

.text           0x00000000080002d0    0x10e8c
                0x00000000080002d0                . = ALIGN (0x4)
 *(.text)
 .text          0x00000000080002d0       0x40 c:/st/stm32cubeide_1.10.1/stm32cubeide/plugins/com.st.stm32cube.ide.mcu.externaltools.gnu-tools-for-stm32.10.3-2021.10.win32_1.0.0.202111181127/tools/bin/../lib/gcc/arm-none-eabi/10.3.1/thumb/v7e-m+dp/hard/crtbegin.o
 .text          0x0000000008000310       0x10 c:/st/stm32cubeide_1.10.1/stm32cubeide/plugins/com.st.stm32cube.ide.mcu.externaltools.gnu-tools-for-stm32.10.3-2021.10.win32_1.0.0.202111181127/tools/bin/../lib/gcc/arm-none-eabi/10.3.1/../../../../arm-none-eabi/lib/thumb/v7e-m+dp/hard\libc_nano.a(lib_a-strlen.o)
                0x0000000008000310                strlen
 .text          0x0000000008000320      0x378 c:/st/stm32cubeide_1.10.1/stm32cubeide/plugins/com.st.stm32cube.ide.mcu.externaltools.gnu-tools-for-stm32.10.3-2021.10.win32_1.0.0.202111181127/tools/bin/../lib/gcc/arm-none-eabi/10.3.1/thumb/v7e-m+dp/hard\libgcc.a(_arm_addsubdf3.o)
                0x0000000008000320                __aeabi_drsub
                0x0000000008000328                __aeabi_dsub
                0x0000000008000328                __subdf3
                0x000000000800032c                __aeabi_dadd
                0x000000000800032c                __adddf3
                0x00000000080005a4                __floatunsidf
                0x00000000080005a4                __aeabi_ui2d
                0x00000000080005c4                __floatsidf
                0x00000000080005c4                __aeabi_i2d
                0x00000000080005e8                __aeabi_f2d
                0x00000000080005e8                __extendsfdf2
                0x000000000800062c                __floatundidf
                0x000000000800062c                __aeabi_ul2d
                0x000000000800063c                __floatdidf
                0x000000000800063c                __aeabi_l2d
 .text          0x0000000008000698       0x30 c:/st/stm32cubeide_1.10.1/stm32cubeide/plugins/com.st.stm32cube.ide.mcu.externaltools.gnu-tools-for-stm32.10.3-2021.10.win32_1.0.0.202111181127/tools/bin/../lib/gcc/arm-none-eabi/10.3.1/thumb/v7e-m+dp/hard\libgcc.a(_aeabi_uldivmod.o)
                0x0000000008000698                __aeabi_uldivmod
 .text          0x00000000080006c8      0x2d0 c:/st/stm32cubeide_1.10.1/stm32cubeide/plugins/com.st.stm32cube.ide.mcu.externaltools.gnu-tools-for-stm32.10.3-2021.10.win32_1.0.0.202111181127/tools/bin/../lib/gcc/arm-none-eabi/10.3.1/thumb/v7e-m+dp/hard\libgcc.a(_udivmoddi4.o)
                0x00000000080006c8                __udivmoddi4
 .text          0x0000000008000998        0x4 c:/st/stm32cubeide_1.10.1/stm32cubeide/plugins/com.st.stm32cube.ide.mcu.externaltools.gnu-tools-for-stm32.10.3-2021.10.win32_1.0.0.202111181127/tools/bin/../lib/gcc/arm-none-eabi/10.3.1/thumb/v7e-m+dp/hard\libgcc.a(_dvmd_tls.o)
                0x0000000008000998                __aeabi_idiv0
                0x0000000008000998                __aeabi_ldiv0
 *(.text*)
 .text._ZN3ros16normalizeSecNSecERmS0_
                0x000000000800099c       0x58 ./Core/Inc/time.o
                0x000000000800099c                ros::normalizeSecNSec(unsigned long&, unsigned long&)
 .text._Z13DC_motor_initv
                0x00000000080009f4       0xbc ./Core/Src/dc_motor.o
                0x00000000080009f4                DC_motor_init()
 .text._ZN8DC_motorC2Edddddd
                0x0000000008000ab0       0x6a ./Core/Src/dc_motor.o
                0x0000000008000ab0                DC_motor::DC_motor(double, double, double, double, double, double)
                0x0000000008000ab0                DC_motor::DC_motor(double, double, double, double, double, double)
 .text._ZN8DC_motor10PIDControlEv
                0x0000000008000b1a       0xc4 ./Core/Src/dc_motor.o
                0x0000000008000b1a                DC_motor::PIDControl()
 *fill*         0x0000000008000bde        0x2 
 .text._Z41__static_initialization_and_destruction_0ii
                0x0000000008000be0      0x100 ./Core/Src/dc_motor.o
 .text._GLOBAL__sub_I_fr
                0x0000000008000ce0       0x10 ./Core/Src/dc_motor.o
 .text._Z10debug_loopv
                0x0000000008000cf0       0x2c ./Core/Src/debug.o
                0x0000000008000cf0                debug_loop()
 .text._ZN6INTAKE3runEv
                0x0000000008000d1c      0x190 ./Core/Src/intake.o
                0x0000000008000d1c                INTAKE::run()
 .text.main     0x0000000008000eac       0x4a ./Core/Src/main.o
                0x0000000008000eac                main
 *fill*         0x0000000008000ef6        0x2 
 .text.SystemClock_Config
                0x0000000008000ef8       0xe0 ./Core/Src/main.o
                0x0000000008000ef8                SystemClock_Config
 .text.MX_TIM2_Init
                0x0000000008000fd8       0xa8 ./Core/Src/main.o
 .text.MX_TIM3_Init
                0x0000000008001080       0xac ./Core/Src/main.o
 .text.MX_TIM4_Init
                0x000000000800112c       0xac ./Core/Src/main.o
 .text.MX_TIM5_Init
                0x00000000080011d8       0xac ./Core/Src/main.o
 .text.MX_TIM7_Init
                0x0000000008001284       0x6c ./Core/Src/main.o
 .text.MX_TIM8_Init
                0x00000000080012f0       0xa8 ./Core/Src/main.o
 .text.MX_TIM12_Init
                0x0000000008001398       0xa0 ./Core/Src/main.o
 .text.MX_TIM13_Init
                0x0000000008001438       0x48 ./Core/Src/main.o
 .text.MX_TIM14_Init
                0x0000000008001480       0x44 ./Core/Src/main.o
 .text.MX_TIM15_Init
                0x00000000080014c4      0x124 ./Core/Src/main.o
 .text.MX_TIM23_Init
                0x00000000080015e8       0xb4 ./Core/Src/main.o
 .text.MX_USART1_UART_Init
                0x000000000800169c       0x98 ./Core/Src/main.o
 .text.MX_DMA_Init
                0x0000000008001734       0x50 ./Core/Src/main.o
 .text.MX_GPIO_Init
                0x0000000008001784      0x270 ./Core/Src/main.o
 .text.Error_Handler
                0x00000000080019f4        0xa ./Core/Src/main.o
                0x00000000080019f4                Error_Handler
 *fill*         0x00000000080019fe        0x2 
 .text.main_function
                0x0000000008001a00       0x24 ./Core/Src/mainpp.o
                0x0000000008001a00                main_function
 .text._ZN8CAR_INFOC2Ev
                0x0000000008001a24       0x40 ./Core/Src/mecanum.o
                0x0000000008001a24                CAR_INFO::CAR_INFO()
                0x0000000008001a24                CAR_INFO::CAR_INFO()
 *fill*         0x0000000008001a64        0x4 
 .text._ZN7MecanumC2Ev
                0x0000000008001a68       0x64 ./Core/Src/mecanum.o
                0x0000000008001a68                Mecanum::Mecanum()
                0x0000000008001a68                Mecanum::Mecanum()
 .text._ZN7Mecanum3runEv
                0x0000000008001acc       0x1c ./Core/Src/mecanum.o
                0x0000000008001acc                Mecanum::run()
 .text._ZN7Mecanum15tf2_wheel_speedEv
                0x0000000008001ae8      0x12c ./Core/Src/mecanum.o
                0x0000000008001ae8                Mecanum::tf2_wheel_speed()
 .text._ZN7Mecanum13tf2_car_speedEv
                0x0000000008001c14       0xf4 ./Core/Src/mecanum.o
                0x0000000008001c14                Mecanum::tf2_car_speed()
 .text._Z41__static_initialization_and_destruction_0ii
                0x0000000008001d08       0x2c ./Core/Src/mecanum.o
 .text._GLOBAL__sub_I_mecanum
                0x0000000008001d34       0x10 ./Core/Src/mecanum.o
 .text._ZN7MYRESET7receiveEv
                0x0000000008001d44       0xb4 ./Core/Src/reset.o
                0x0000000008001d44                MYRESET::receive()
 .text._ZN3ros4TimeC2Ev
                0x0000000008001df8       0x22 ./Core/Src/ros_main.o
                0x0000000008001df8                ros::Time::Time()
                0x0000000008001df8                ros::Time::Time()
 *fill*         0x0000000008001e1a        0x2 
 .text._ZN3ros3MsgC2Ev
                0x0000000008001e1c       0x20 ./Core/Src/ros_main.o
                0x0000000008001e1c                ros::Msg::Msg()
                0x0000000008001e1c                ros::Msg::Msg()
 .text._ZN8std_msgs4TimeC2Ev
                0x0000000008001e3c       0x30 ./Core/Src/ros_main.o
                0x0000000008001e3c                std_msgs::Time::Time()
                0x0000000008001e3c                std_msgs::Time::Time()
 .text._ZNK8std_msgs4Time9serializeEPh
                0x0000000008001e6c       0xb0 ./Core/Src/ros_main.o
                0x0000000008001e6c                std_msgs::Time::serialize(unsigned char*) const
 .text._ZN8std_msgs4Time11deserializeEPh
                0x0000000008001f1c       0xc8 ./Core/Src/ros_main.o
                0x0000000008001f1c                std_msgs::Time::deserialize(unsigned char*)
 .text._ZN8std_msgs4Time7getTypeEv
                0x0000000008001fe4       0x1c ./Core/Src/ros_main.o
                0x0000000008001fe4                std_msgs::Time::getType()
 .text._ZN8std_msgs4Time6getMD5Ev
                0x0000000008002000       0x1c ./Core/Src/ros_main.o
                0x0000000008002000                std_msgs::Time::getMD5()
 .text._ZN14rosserial_msgs9TopicInfoC2Ev
                0x000000000800201c       0x48 ./Core/Src/ros_main.o
                0x000000000800201c                rosserial_msgs::TopicInfo::TopicInfo()
                0x000000000800201c                rosserial_msgs::TopicInfo::TopicInfo()
 .text._ZNK14rosserial_msgs9TopicInfo9serializeEPh
                0x0000000008002064      0x136 ./Core/Src/ros_main.o
                0x0000000008002064                rosserial_msgs::TopicInfo::serialize(unsigned char*) const
 .text._ZN14rosserial_msgs9TopicInfo11deserializeEPh
                0x000000000800219a      0x1d0 ./Core/Src/ros_main.o
                0x000000000800219a                rosserial_msgs::TopicInfo::deserialize(unsigned char*)
 *fill*         0x000000000800236a        0x2 
 .text._ZN14rosserial_msgs9TopicInfo7getTypeEv
                0x000000000800236c       0x1c ./Core/Src/ros_main.o
                0x000000000800236c                rosserial_msgs::TopicInfo::getType()
 .text._ZN14rosserial_msgs9TopicInfo6getMD5Ev
                0x0000000008002388       0x1c ./Core/Src/ros_main.o
                0x0000000008002388                rosserial_msgs::TopicInfo::getMD5()
 .text._ZN14rosserial_msgs3LogC2Ev
                0x00000000080023a4       0x34 ./Core/Src/ros_main.o
                0x00000000080023a4                rosserial_msgs::Log::Log()
                0x00000000080023a4                rosserial_msgs::Log::Log()
 .text._ZNK14rosserial_msgs3Log9serializeEPh
                0x00000000080023d8       0x64 ./Core/Src/ros_main.o
                0x00000000080023d8                rosserial_msgs::Log::serialize(unsigned char*) const
 .text._ZN14rosserial_msgs3Log11deserializeEPh
                0x000000000800243c       0x90 ./Core/Src/ros_main.o
                0x000000000800243c                rosserial_msgs::Log::deserialize(unsigned char*)
 .text._ZN14rosserial_msgs3Log7getTypeEv
                0x00000000080024cc       0x1c ./Core/Src/ros_main.o
                0x00000000080024cc                rosserial_msgs::Log::getType()
 .text._ZN14rosserial_msgs3Log6getMD5Ev
                0x00000000080024e8       0x1c ./Core/Src/ros_main.o
                0x00000000080024e8                rosserial_msgs::Log::getMD5()
 .text._ZN14rosserial_msgs20RequestParamResponseC2Ev
                0x0000000008002504       0x48 ./Core/Src/ros_main.o
                0x0000000008002504                rosserial_msgs::RequestParamResponse::RequestParamResponse()
                0x0000000008002504                rosserial_msgs::RequestParamResponse::RequestParamResponse()
 .text._ZNK14rosserial_msgs20RequestParamResponse9serializeEPh
                0x000000000800254c      0x222 ./Core/Src/ros_main.o
                0x000000000800254c                rosserial_msgs::RequestParamResponse::serialize(unsigned char*) const
 .text._ZN14rosserial_msgs20RequestParamResponse11deserializeEPh
                0x000000000800276e      0x2e2 ./Core/Src/ros_main.o
                0x000000000800276e                rosserial_msgs::RequestParamResponse::deserialize(unsigned char*)
 .text._ZN14rosserial_msgs20RequestParamResponse7getTypeEv
                0x0000000008002a50       0x1c ./Core/Src/ros_main.o
                0x0000000008002a50                rosserial_msgs::RequestParamResponse::getType()
 .text._ZN14rosserial_msgs20RequestParamResponse6getMD5Ev
                0x0000000008002a6c       0x1c ./Core/Src/ros_main.o
                0x0000000008002a6c                rosserial_msgs::RequestParamResponse::getMD5()
 .text._ZN3ros9PublisherC2EPKcPNS_3MsgEi
                0x0000000008002a88       0x2e ./Core/Src/ros_main.o
                0x0000000008002a88                ros::Publisher::Publisher(char const*, ros::Msg*, int)
                0x0000000008002a88                ros::Publisher::Publisher(char const*, ros::Msg*, int)
 .text._ZN3ros9Publisher7publishEPKNS_3MsgE
                0x0000000008002ab6       0x28 ./Core/Src/ros_main.o
                0x0000000008002ab6                ros::Publisher::publish(ros::Msg const*)
 .text._ZN3ros9Publisher15getEndpointTypeEv
                0x0000000008002ade       0x18 ./Core/Src/ros_main.o
                0x0000000008002ade                ros::Publisher::getEndpointType()
 *fill*         0x0000000008002af6        0x2 
 .text._ZN13STM32Hardware10getRdmaIndEv
                0x0000000008002af8      0x15c ./Core/Src/ros_main.o
                0x0000000008002af8                STM32Hardware::getRdmaInd()
 .text._ZN13STM32HardwareC2Ev
                0x0000000008002c54       0x38 ./Core/Src/ros_main.o
                0x0000000008002c54                STM32Hardware::STM32Hardware()
                0x0000000008002c54                STM32Hardware::STM32Hardware()
 .text._ZN13STM32Hardware4initEv
                0x0000000008002c8c       0x16 ./Core/Src/ros_main.o
                0x0000000008002c8c                STM32Hardware::init()
 .text._ZN13STM32Hardware10reset_rbufEv
                0x0000000008002ca2       0x22 ./Core/Src/ros_main.o
                0x0000000008002ca2                STM32Hardware::reset_rbuf()
 .text._ZN13STM32Hardware4readEv
                0x0000000008002cc4       0x5a ./Core/Src/ros_main.o
                0x0000000008002cc4                STM32Hardware::read()
 *fill*         0x0000000008002d1e        0x2 
 .text._ZN13STM32Hardware5flushEv
                0x0000000008002d20       0xb8 ./Core/Src/ros_main.o
                0x0000000008002d20                STM32Hardware::flush()
 .text._ZN13STM32Hardware5writeEPhi
                0x0000000008002dd8       0x8c ./Core/Src/ros_main.o
                0x0000000008002dd8                STM32Hardware::write(unsigned char*, int)
 .text._ZN13STM32Hardware4timeEv
                0x0000000008002e64       0x16 ./Core/Src/ros_main.o
                0x0000000008002e64                STM32Hardware::time()
 *fill*         0x0000000008002e7a        0x2 
 .text._ZN13geometry_msgs5PointC2Ev
                0x0000000008002e7c       0x50 ./Core/Src/ros_main.o
                0x0000000008002e7c                geometry_msgs::Point::Point()
                0x0000000008002e7c                geometry_msgs::Point::Point()
 .text._ZNK13geometry_msgs5Point9serializeEPh
                0x0000000008002ecc      0x2e6 ./Core/Src/ros_main.o
                0x0000000008002ecc                geometry_msgs::Point::serialize(unsigned char*) const
 .text._ZN13geometry_msgs5Point11deserializeEPh
                0x00000000080031b2      0x6be ./Core/Src/ros_main.o
                0x00000000080031b2                geometry_msgs::Point::deserialize(unsigned char*)
 .text._ZN13geometry_msgs5Point7getTypeEv
                0x0000000008003870       0x1c ./Core/Src/ros_main.o
                0x0000000008003870                geometry_msgs::Point::getType()
 .text._ZN13geometry_msgs5Point6getMD5Ev
                0x000000000800388c       0x1c ./Core/Src/ros_main.o
                0x000000000800388c                geometry_msgs::Point::getMD5()
 .text._ZN8std_msgs5Int64C2Ev
                0x00000000080038a8       0x34 ./Core/Src/ros_main.o
                0x00000000080038a8                std_msgs::Int64::Int64()
                0x00000000080038a8                std_msgs::Int64::Int64()
 .text._ZNK8std_msgs5Int649serializeEPh
                0x00000000080038dc      0x10a ./Core/Src/ros_main.o
                0x00000000080038dc                std_msgs::Int64::serialize(unsigned char*) const
 .text._ZN8std_msgs5Int6411deserializeEPh
                0x00000000080039e6      0x206 ./Core/Src/ros_main.o
                0x00000000080039e6                std_msgs::Int64::deserialize(unsigned char*)
 .text._ZN8std_msgs5Int647getTypeEv
                0x0000000008003bec       0x1c ./Core/Src/ros_main.o
                0x0000000008003bec                std_msgs::Int64::getType()
 .text._ZN8std_msgs5Int646getMD5Ev
                0x0000000008003c08       0x1c ./Core/Src/ros_main.o
                0x0000000008003c08                std_msgs::Int64::getMD5()
 .text._ZN3ROS9pub_resetEv
                0x0000000008003c24       0x30 ./Core/Src/ros_main.o
                0x0000000008003c24                ROS::pub_reset()
 .text._ZN3ROS14relay_callbackERKN8std_msgs5Int64E
                0x0000000008003c54       0x34 ./Core/Src/ros_main.o
                0x0000000008003c54                ROS::relay_callback(std_msgs::Int64 const&)
 .text._ZN3ROS15intake_callbackERKN13geometry_msgs5PointE
                0x0000000008003c88       0x44 ./Core/Src/ros_main.o
                0x0000000008003c88                ROS::intake_callback(geometry_msgs::Point const&)
 .text._ZN3ROS16mecanum_callbackERKN13geometry_msgs5PointE
                0x0000000008003ccc       0x40 ./Core/Src/ros_main.o
                0x0000000008003ccc                ROS::mecanum_callback(geometry_msgs::Point const&)
 .text._ZN3ROS11pub_car_velEv
                0x0000000008003d0c       0x40 ./Core/Src/ros_main.o
                0x0000000008003d0c                ROS::pub_car_vel()
 .text._ZN3ROS5setupEv
                0x0000000008003d4c       0x50 ./Core/Src/ros_main.o
                0x0000000008003d4c                ROS::setup()
 .text._ZN3ROS4loopEv
                0x0000000008003d9c       0x14 ./Core/Src/ros_main.o
                0x0000000008003d9c                ROS::loop()
 .text.HAL_UART_TxCpltCallback
                0x0000000008003db0       0x24 ./Core/Src/ros_main.o
                0x0000000008003db0                HAL_UART_TxCpltCallback
 .text.HAL_UART_RxCpltCallback
                0x0000000008003dd4       0x24 ./Core/Src/ros_main.o
                0x0000000008003dd4                HAL_UART_RxCpltCallback
 .text._ZN3ros3Msg8varToArrIPhmEEvT_T0_
                0x0000000008003df8       0x3c ./Core/Src/ros_main.o
                0x0000000008003df8                void ros::Msg::varToArr<unsigned char*, unsigned long>(unsigned char*, unsigned long)
 .text._ZN3ros3Msg8arrToVarImPhEEvRT_T0_
                0x0000000008003e34       0x4a ./Core/Src/ros_main.o
                0x0000000008003e34                void ros::Msg::arrToVar<unsigned long, unsigned char*>(unsigned long&, unsigned char*)
 *fill*         0x0000000008003e7e        0x2 
 .text._ZN3ros15NodeHandleBase_C2Ev
                0x0000000008003e80       0x20 ./Core/Src/ros_main.o
                0x0000000008003e80                ros::NodeHandleBase_::NodeHandleBase_()
                0x0000000008003e80                ros::NodeHandleBase_::NodeHandleBase_()
 .text._ZN3ros11NodeHandle_I13STM32HardwareLi25ELi25ELi1024ELi1024EEC2Ev
                0x0000000008003ea0      0x12c ./Core/Src/ros_main.o
                0x0000000008003ea0                ros::NodeHandle_<STM32Hardware, 25, 25, 1024, 1024>::NodeHandle_()
                0x0000000008003ea0                ros::NodeHandle_<STM32Hardware, 25, 25, 1024, 1024>::NodeHandle_()
 .text._ZN3ros11Subscriber_C2Ev
                0x0000000008003fcc       0x20 ./Core/Src/ros_main.o
                0x0000000008003fcc                ros::Subscriber_::Subscriber_()
                0x0000000008003fcc                ros::Subscriber_::Subscriber_()
 .text._ZN3ros10SubscriberIN13geometry_msgs5PointEvEC2EPKcPFvRKS2_Ei
                0x0000000008003fec       0x48 ./Core/Src/ros_main.o
                0x0000000008003fec                ros::Subscriber<geometry_msgs::Point, void>::Subscriber(char const*, void (*)(geometry_msgs::Point const&), int)
                0x0000000008003fec                ros::Subscriber<geometry_msgs::Point, void>::Subscriber(char const*, void (*)(geometry_msgs::Point const&), int)
 .text._ZN3ros10SubscriberIN8std_msgs5Int64EvEC2EPKcPFvRKS2_Ei
                0x0000000008004034       0x48 ./Core/Src/ros_main.o
                0x0000000008004034                ros::Subscriber<std_msgs::Int64, void>::Subscriber(char const*, void (*)(std_msgs::Int64 const&), int)
                0x0000000008004034                ros::Subscriber<std_msgs::Int64, void>::Subscriber(char const*, void (*)(std_msgs::Int64 const&), int)
 .text._ZN3ros11NodeHandle_I13STM32HardwareLi25ELi25ELi1024ELi1024EE8initNodeEv
                0x000000000800407c       0x52 ./Core/Src/ros_main.o
                0x000000000800407c                ros::NodeHandle_<STM32Hardware, 25, 25, 1024, 1024>::initNode()
 .text._ZN3ros11NodeHandle_I13STM32HardwareLi25ELi25ELi1024ELi1024EE9advertiseERNS_9PublisherE
                0x00000000080040ce       0x60 ./Core/Src/ros_main.o
                0x00000000080040ce                ros::NodeHandle_<STM32Hardware, 25, 25, 1024, 1024>::advertise(ros::Publisher&)
 .text._ZN3ros11NodeHandle_I13STM32HardwareLi25ELi25ELi1024ELi1024EE9subscribeINS_10SubscriberIN13geometry_msgs5PointEvEEEEbRT_
                0x000000000800412e       0x56 ./Core/Src/ros_main.o
                0x000000000800412e                bool ros::NodeHandle_<STM32Hardware, 25, 25, 1024, 1024>::subscribe<ros::Subscriber<geometry_msgs::Point, void> >(ros::Subscriber<geometry_msgs::Point, void>&)
 .text._ZN3ros11NodeHandle_I13STM32HardwareLi25ELi25ELi1024ELi1024EE9subscribeINS_10SubscriberIN8std_msgs5Int64EvEEEEbRT_
                0x0000000008004184       0x56 ./Core/Src/ros_main.o
                0x0000000008004184                bool ros::NodeHandle_<STM32Hardware, 25, 25, 1024, 1024>::subscribe<ros::Subscriber<std_msgs::Int64, void> >(ros::Subscriber<std_msgs::Int64, void>&)
 .text._ZN3ros11NodeHandle_I13STM32HardwareLi25ELi25ELi1024ELi1024EE8spinOnceEv
                0x00000000080041da      0x4e2 ./Core/Src/ros_main.o
                0x00000000080041da                ros::NodeHandle_<STM32Hardware, 25, 25, 1024, 1024>::spinOnce()
 .text._ZN3ros11NodeHandle_I13STM32HardwareLi25ELi25ELi1024ELi1024EE11getHardwareEv
                0x00000000080046bc       0x18 ./Core/Src/ros_main.o
                0x00000000080046bc                ros::NodeHandle_<STM32Hardware, 25, 25, 1024, 1024>::getHardware()
 .text._ZN3ros11NodeHandle_I13STM32HardwareLi25ELi25ELi1024ELi1024EE15requestSyncTimeEv
                0x00000000080046d4       0x3c ./Core/Src/ros_main.o
                0x00000000080046d4                ros::NodeHandle_<STM32Hardware, 25, 25, 1024, 1024>::requestSyncTime()
 .text._ZN3ros11NodeHandle_I13STM32HardwareLi25ELi25ELi1024ELi1024EE15negotiateTopicsEv
                0x0000000008004710      0x1c2 ./Core/Src/ros_main.o
                0x0000000008004710                ros::NodeHandle_<STM32Hardware, 25, 25, 1024, 1024>::negotiateTopics()
 *fill*         0x00000000080048d2        0x2 
 .text._ZN3ros11NodeHandle_I13STM32HardwareLi25ELi25ELi1024ELi1024EE8syncTimeEPh
                0x00000000080048d4       0x9c ./Core/Src/ros_main.o
                0x00000000080048d4                ros::NodeHandle_<STM32Hardware, 25, 25, 1024, 1024>::syncTime(unsigned char*)
 .text._ZN3ros11NodeHandle_I13STM32HardwareLi25ELi25ELi1024ELi1024EE7publishEiPKNS_3MsgE
                0x0000000008004970      0x12c ./Core/Src/ros_main.o
                0x0000000008004970                ros::NodeHandle_<STM32Hardware, 25, 25, 1024, 1024>::publish(int, ros::Msg const*)
 .text._ZN3ros11NodeHandle_I13STM32HardwareLi25ELi25ELi1024ELi1024EE6setNowERNS_4TimeE
                0x0000000008004a9c       0x80 ./Core/Src/ros_main.o
                0x0000000008004a9c                ros::NodeHandle_<STM32Hardware, 25, 25, 1024, 1024>::setNow(ros::Time&)
 .text._ZN3ros11NodeHandle_I13STM32HardwareLi25ELi25ELi1024ELi1024EE8logerrorEPKc
                0x0000000008004b1c       0x1c ./Core/Src/ros_main.o
                0x0000000008004b1c                ros::NodeHandle_<STM32Hardware, 25, 25, 1024, 1024>::logerror(char const*)
 .text._ZN3ros11NodeHandle_I13STM32HardwareLi25ELi25ELi1024ELi1024EE3logEcPKc
                0x0000000008004b38       0x38 ./Core/Src/ros_main.o
                0x0000000008004b38                ros::NodeHandle_<STM32Hardware, 25, 25, 1024, 1024>::log(char, char const*)
 .text._Z41__static_initialization_and_destruction_0ii
                0x0000000008004b70       0xd8 ./Core/Src/ros_main.o
 .text._ZN3ros10SubscriberIN8std_msgs5Int64EvE8callbackEPh
                0x0000000008004c48       0x2a ./Core/Src/ros_main.o
                0x0000000008004c48                ros::Subscriber<std_msgs::Int64, void>::callback(unsigned char*)
 .text._ZN3ros10SubscriberIN8std_msgs5Int64EvE15getEndpointTypeEv
                0x0000000008004c72       0x18 ./Core/Src/ros_main.o
                0x0000000008004c72                ros::Subscriber<std_msgs::Int64, void>::getEndpointType()
 .text._ZN3ros10SubscriberIN8std_msgs5Int64EvE10getMsgTypeEv
                0x0000000008004c8a       0x1c ./Core/Src/ros_main.o
                0x0000000008004c8a                ros::Subscriber<std_msgs::Int64, void>::getMsgType()
 .text._ZN3ros10SubscriberIN8std_msgs5Int64EvE9getMsgMD5Ev
                0x0000000008004ca6       0x1c ./Core/Src/ros_main.o
                0x0000000008004ca6                ros::Subscriber<std_msgs::Int64, void>::getMsgMD5()
 .text._ZN3ros10SubscriberIN13geometry_msgs5PointEvE8callbackEPh
                0x0000000008004cc2       0x2a ./Core/Src/ros_main.o
                0x0000000008004cc2                ros::Subscriber<geometry_msgs::Point, void>::callback(unsigned char*)
 .text._ZN3ros10SubscriberIN13geometry_msgs5PointEvE15getEndpointTypeEv
                0x0000000008004cec       0x18 ./Core/Src/ros_main.o
                0x0000000008004cec                ros::Subscriber<geometry_msgs::Point, void>::getEndpointType()
 .text._ZN3ros10SubscriberIN13geometry_msgs5PointEvE10getMsgTypeEv
                0x0000000008004d04       0x1c ./Core/Src/ros_main.o
                0x0000000008004d04                ros::Subscriber<geometry_msgs::Point, void>::getMsgType()
 .text._ZN3ros10SubscriberIN13geometry_msgs5PointEvE9getMsgMD5Ev
                0x0000000008004d20       0x1c ./Core/Src/ros_main.o
                0x0000000008004d20                ros::Subscriber<geometry_msgs::Point, void>::getMsgMD5()
 .text._ZN3ros11NodeHandle_I13STM32HardwareLi25ELi25ELi1024ELi1024EE9connectedEv
                0x0000000008004d3c       0x1e ./Core/Src/ros_main.o
                0x0000000008004d3c                ros::NodeHandle_<STM32Hardware, 25, 25, 1024, 1024>::connected()
 .text._GLOBAL__sub_I_nh
                0x0000000008004d5a       0x10 ./Core/Src/ros_main.o
 *fill*         0x0000000008004d6a        0x6 
 .text._ZN5SCARAC2Ev
                0x0000000008004d70      0x160 ./Core/Src/scara.o
                0x0000000008004d70                SCARA::SCARA()
                0x0000000008004d70                SCARA::SCARA()
 .text._ZN5SCARA7trinaryEdP12GPIO_TypeDeftS1_t
                0x0000000008004ed0       0x9a ./Core/Src/scara.o
                0x0000000008004ed0                SCARA::trinary(double, GPIO_TypeDef*, unsigned short, GPIO_TypeDef*, unsigned short)
 *fill*         0x0000000008004f6a        0x2 
 .text._ZN5SCARA3runEv
                0x0000000008004f6c       0x38 ./Core/Src/scara.o
                0x0000000008004f6c                SCARA::run()
 *fill*         0x0000000008004fa4        0x4 
 .text._ZN5SCARA5seizeEv
                0x0000000008004fa8      0x9c4 ./Core/Src/scara.o
                0x0000000008004fa8                SCARA::seize()
 *fill*         0x000000000800596c        0x4 
 .text._ZN5SCARA11count_atan2Edd
                0x0000000008005970      0x158 ./Core/Src/scara.o
                0x0000000008005970                SCARA::count_atan2(double, double)
 .text._ZSt3powIdiEN9__gnu_cxx11__promote_2IT_T0_NS0_9__promoteIS2_XsrSt12__is_integerIS2_E7__valueEE6__typeENS4_IS3_XsrS5_IS3_E7__valueEE6__typeEE6__typeES2_S3_
                0x0000000008005ac8       0x30 ./Core/Src/scara.o
                0x0000000008005ac8                __gnu_cxx::__promote_2<double, int, __gnu_cxx::__promote<double, std::__is_integer<double>::__value>::__type, __gnu_cxx::__promote<int, std::__is_integer<int>::__value>::__type>::__type std::pow<double, int>(double, int)
 .text._ZSt3powIiiEN9__gnu_cxx11__promote_2IT_T0_NS0_9__promoteIS2_XsrSt12__is_integerIS2_E7__valueEE6__typeENS4_IS3_XsrS5_IS3_E7__valueEE6__typeEE6__typeES2_S3_
                0x0000000008005af8       0x38 ./Core/Src/scara.o
                0x0000000008005af8                __gnu_cxx::__promote_2<int, int, __gnu_cxx::__promote<int, std::__is_integer<int>::__value>::__type, __gnu_cxx::__promote<int, std::__is_integer<int>::__value>::__type>::__type std::pow<int, int>(int, int)
 .text._ZN5SCARA12count_theta2Edd
                0x0000000008005b30       0xb8 ./Core/Src/scara.o
                0x0000000008005b30                SCARA::count_theta2(double, double)
 .text._ZN5SCARA9count_phiEdd
                0x0000000008005be8       0xe8 ./Core/Src/scara.o
                0x0000000008005be8                SCARA::count_phi(double, double)
 .text._Z41__static_initialization_and_destruction_0ii
                0x0000000008005cd0       0x2c ./Core/Src/scara.o
 .text._GLOBAL__sub_I_sc
                0x0000000008005cfc       0x10 ./Core/Src/scara.o
 .text.HAL_MspInit
                0x0000000008005d0c       0x40 ./Core/Src/stm32h7xx_hal_msp.o
                0x0000000008005d0c                HAL_MspInit
 .text.HAL_TIM_Encoder_MspInit
                0x0000000008005d4c      0x21c ./Core/Src/stm32h7xx_hal_msp.o
                0x0000000008005d4c                HAL_TIM_Encoder_MspInit
 .text.HAL_TIM_Base_MspInit
                0x0000000008005f68      0x12c ./Core/Src/stm32h7xx_hal_msp.o
                0x0000000008005f68                HAL_TIM_Base_MspInit
 .text.HAL_TIM_PWM_MspInit
                0x0000000008006094       0xcc ./Core/Src/stm32h7xx_hal_msp.o
                0x0000000008006094                HAL_TIM_PWM_MspInit
 .text.HAL_TIM_MspPostInit
                0x0000000008006160      0x11c ./Core/Src/stm32h7xx_hal_msp.o
                0x0000000008006160                HAL_TIM_MspPostInit
 .text.HAL_UART_MspInit
                0x000000000800627c      0x1a4 ./Core/Src/stm32h7xx_hal_msp.o
                0x000000000800627c                HAL_UART_MspInit
 .text.NMI_Handler
                0x0000000008006420        0x6 ./Core/Src/stm32h7xx_it.o
                0x0000000008006420                NMI_Handler
 .text.HardFault_Handler
                0x0000000008006426        0x6 ./Core/Src/stm32h7xx_it.o
                0x0000000008006426                HardFault_Handler
 .text.MemManage_Handler
                0x000000000800642c        0x6 ./Core/Src/stm32h7xx_it.o
                0x000000000800642c                MemManage_Handler
 .text.BusFault_Handler
                0x0000000008006432        0x6 ./Core/Src/stm32h7xx_it.o
                0x0000000008006432                BusFault_Handler
 .text.UsageFault_Handler
                0x0000000008006438        0x6 ./Core/Src/stm32h7xx_it.o
                0x0000000008006438                UsageFault_Handler
 .text.SVC_Handler
                0x000000000800643e        0xe ./Core/Src/stm32h7xx_it.o
                0x000000000800643e                SVC_Handler
 .text.DebugMon_Handler
                0x000000000800644c        0xe ./Core/Src/stm32h7xx_it.o
                0x000000000800644c                DebugMon_Handler
 .text.PendSV_Handler
                0x000000000800645a        0xe ./Core/Src/stm32h7xx_it.o
                0x000000000800645a                PendSV_Handler
 .text.SysTick_Handler
                0x0000000008006468        0xc ./Core/Src/stm32h7xx_it.o
                0x0000000008006468                SysTick_Handler
 .text.RCC_IRQHandler
                0x0000000008006474        0xe ./Core/Src/stm32h7xx_it.o
                0x0000000008006474                RCC_IRQHandler
 *fill*         0x0000000008006482        0x2 
 .text.DMA1_Stream0_IRQHandler
                0x0000000008006484       0x14 ./Core/Src/stm32h7xx_it.o
                0x0000000008006484                DMA1_Stream0_IRQHandler
 .text.DMA1_Stream1_IRQHandler
                0x0000000008006498       0x14 ./Core/Src/stm32h7xx_it.o
                0x0000000008006498                DMA1_Stream1_IRQHandler
 .text.USART1_IRQHandler
                0x00000000080064ac       0x14 ./Core/Src/stm32h7xx_it.o
                0x00000000080064ac                USART1_IRQHandler
 .text.TIM8_BRK_TIM12_IRQHandler
                0x00000000080064c0       0x1c ./Core/Src/stm32h7xx_it.o
                0x00000000080064c0                TIM8_BRK_TIM12_IRQHandler
 .text.TIM8_UP_TIM13_IRQHandler
                0x00000000080064dc       0x1c ./Core/Src/stm32h7xx_it.o
                0x00000000080064dc                TIM8_UP_TIM13_IRQHandler
 .text.TIM8_TRG_COM_TIM14_IRQHandler
                0x00000000080064f8       0x1c ./Core/Src/stm32h7xx_it.o
                0x00000000080064f8                TIM8_TRG_COM_TIM14_IRQHandler
 .text.TIM7_IRQHandler
                0x0000000008006514       0x14 ./Core/Src/stm32h7xx_it.o
                0x0000000008006514                TIM7_IRQHandler
 .text.TIM15_IRQHandler
                0x0000000008006528       0x14 ./Core/Src/stm32h7xx_it.o
                0x0000000008006528                TIM15_IRQHandler
 .text.TIM23_IRQHandler
                0x000000000800653c       0x14 ./Core/Src/stm32h7xx_it.o
                0x000000000800653c                TIM23_IRQHandler
 .text._ZN3STM5setupEv
                0x0000000008006550        0xc ./Core/Src/stm_main.o
                0x0000000008006550                STM::setup()
 .text._getpid  0x000000000800655c       0x10 ./Core/Src/syscalls.o
                0x000000000800655c                _getpid
 .text._kill    0x000000000800656c       0x20 ./Core/Src/syscalls.o
                0x000000000800656c                _kill
 .text._exit    0x000000000800658c       0x14 ./Core/Src/syscalls.o
                0x000000000800658c                _exit
 .text._sbrk    0x00000000080065a0       0x6c ./Core/Src/sysmem.o
                0x00000000080065a0                _sbrk
 .text.SystemInit
                0x000000000800660c       0xf0 ./Core/Src/system_stm32h7xx.o
                0x000000000800660c                SystemInit
 .text.HAL_TIM_PeriodElapsedCallback
                0x00000000080066fc      0x260 ./Core/Src/timing.o
                0x00000000080066fc                HAL_TIM_PeriodElapsedCallback
 .text._Z14motor_standardv
                0x000000000800695c      0x20c ./Core/Src/timing.o
                0x000000000800695c                motor_standard()
 .text.Reset_Handler
                0x0000000008006b68       0x50 ./Core/Startup/startup_stm32h723zgtx.o
                0x0000000008006b68                Reset_Handler
 .text.Default_Handler
                0x0000000008006bb8        0x2 ./Core/Startup/startup_stm32h723zgtx.o
                0x0000000008006bb8                RTC_Alarm_IRQHandler
                0x0000000008006bb8                EXTI2_IRQHandler
                0x0000000008006bb8                TIM8_CC_IRQHandler
                0x0000000008006bb8                UART8_IRQHandler
                0x0000000008006bb8                SPI4_IRQHandler
                0x0000000008006bb8                FDCAN3_IT0_IRQHandler
                0x0000000008006bb8                TIM1_CC_IRQHandler
                0x0000000008006bb8                BDMA_Channel6_IRQHandler
                0x0000000008006bb8                DMA2_Stream5_IRQHandler
                0x0000000008006bb8                DMA1_Stream5_IRQHandler
                0x0000000008006bb8                CORDIC_IRQHandler
                0x0000000008006bb8                BDMA_Channel1_IRQHandler
                0x0000000008006bb8                TAMP_STAMP_IRQHandler
                0x0000000008006bb8                EXTI3_IRQHandler
                0x0000000008006bb8                LPTIM4_IRQHandler
                0x0000000008006bb8                LPTIM2_IRQHandler
                0x0000000008006bb8                DFSDM1_FLT1_IRQHandler
                0x0000000008006bb8                DMAMUX2_OVR_IRQHandler
                0x0000000008006bb8                I2C3_ER_IRQHandler
                0x0000000008006bb8                DFSDM1_FLT2_IRQHandler
                0x0000000008006bb8                I2C5_EV_IRQHandler
                0x0000000008006bb8                USART10_IRQHandler
                0x0000000008006bb8                MDMA_IRQHandler
                0x0000000008006bb8                LPTIM3_IRQHandler
                0x0000000008006bb8                HSEM1_IRQHandler
                0x0000000008006bb8                EXTI0_IRQHandler
                0x0000000008006bb8                I2C2_EV_IRQHandler
                0x0000000008006bb8                DMA1_Stream2_IRQHandler
                0x0000000008006bb8                FPU_IRQHandler
                0x0000000008006bb8                OTG_HS_WKUP_IRQHandler
                0x0000000008006bb8                FDCAN1_IT1_IRQHandler
                0x0000000008006bb8                LTDC_ER_IRQHandler
                0x0000000008006bb8                DMA2_Stream2_IRQHandler
                0x0000000008006bb8                SPI1_IRQHandler
                0x0000000008006bb8                OCTOSPI1_IRQHandler
                0x0000000008006bb8                TIM6_DAC_IRQHandler
                0x0000000008006bb8                DMA2_Stream3_IRQHandler
                0x0000000008006bb8                OCTOSPI2_IRQHandler
                0x0000000008006bb8                DFSDM1_FLT3_IRQHandler
                0x0000000008006bb8                USART6_IRQHandler
                0x0000000008006bb8                TIM17_IRQHandler
                0x0000000008006bb8                USART3_IRQHandler
                0x0000000008006bb8                BDMA_Channel7_IRQHandler
                0x0000000008006bb8                LPTIM5_IRQHandler
                0x0000000008006bb8                UART5_IRQHandler
                0x0000000008006bb8                ADC3_IRQHandler
                0x0000000008006bb8                DMA2_Stream0_IRQHandler
                0x0000000008006bb8                TIM4_IRQHandler
                0x0000000008006bb8                BDMA_Channel2_IRQHandler
                0x0000000008006bb8                I2C1_EV_IRQHandler
                0x0000000008006bb8                DMA1_Stream6_IRQHandler
                0x0000000008006bb8                DMAMUX1_OVR_IRQHandler
                0x0000000008006bb8                TIM16_IRQHandler
                0x0000000008006bb8                UART4_IRQHandler
                0x0000000008006bb8                BDMA_Channel5_IRQHandler
                0x0000000008006bb8                TIM3_IRQHandler
                0x0000000008006bb8                UART9_IRQHandler
                0x0000000008006bb8                TIM1_TRG_COM_IRQHandler
                0x0000000008006bb8                Default_Handler
                0x0000000008006bb8                ECC_IRQHandler
                0x0000000008006bb8                FMAC_IRQHandler
                0x0000000008006bb8                CEC_IRQHandler
                0x0000000008006bb8                EXTI15_10_IRQHandler
                0x0000000008006bb8                BDMA_Channel0_IRQHandler
                0x0000000008006bb8                ADC_IRQHandler
                0x0000000008006bb8                I2C5_ER_IRQHandler
                0x0000000008006bb8                DMA1_Stream7_IRQHandler
                0x0000000008006bb8                SPI5_IRQHandler
                0x0000000008006bb8                FDCAN3_IT1_IRQHandler
                0x0000000008006bb8                SDMMC1_IRQHandler
                0x0000000008006bb8                TIM5_IRQHandler
                0x0000000008006bb8                DMA2_Stream7_IRQHandler
                0x0000000008006bb8                PVD_AVD_IRQHandler
                0x0000000008006bb8                I2C3_EV_IRQHandler
                0x0000000008006bb8                EXTI9_5_IRQHandler
                0x0000000008006bb8                RTC_WKUP_IRQHandler
                0x0000000008006bb8                LTDC_IRQHandler
                0x0000000008006bb8                ETH_WKUP_IRQHandler
                0x0000000008006bb8                SPDIF_RX_IRQHandler
                0x0000000008006bb8                SPI2_IRQHandler
                0x0000000008006bb8                OTG_HS_EP1_IN_IRQHandler
                0x0000000008006bb8                TIM24_IRQHandler
                0x0000000008006bb8                CRS_IRQHandler
                0x0000000008006bb8                EXTI4_IRQHandler
                0x0000000008006bb8                RNG_IRQHandler
                0x0000000008006bb8                FDCAN2_IT1_IRQHandler
                0x0000000008006bb8                ETH_IRQHandler
                0x0000000008006bb8                TIM1_UP_IRQHandler
                0x0000000008006bb8                BDMA_Channel4_IRQHandler
                0x0000000008006bb8                OTG_HS_EP1_OUT_IRQHandler
                0x0000000008006bb8                WWDG_IRQHandler
                0x0000000008006bb8                SPI6_IRQHandler
                0x0000000008006bb8                MDIOS_IRQHandler
                0x0000000008006bb8                I2C4_EV_IRQHandler
                0x0000000008006bb8                FDCAN2_IT0_IRQHandler
                0x0000000008006bb8                LPUART1_IRQHandler
                0x0000000008006bb8                FDCAN1_IT0_IRQHandler
                0x0000000008006bb8                TIM2_IRQHandler
                0x0000000008006bb8                OTG_HS_IRQHandler
                0x0000000008006bb8                DMA2D_IRQHandler
                0x0000000008006bb8                TIM1_BRK_IRQHandler
                0x0000000008006bb8                EXTI1_IRQHandler
                0x0000000008006bb8                SDMMC2_IRQHandler
                0x0000000008006bb8                BDMA_Channel3_IRQHandler
                0x0000000008006bb8                DTS_IRQHandler
                0x0000000008006bb8                UART7_IRQHandler
                0x0000000008006bb8                MDIOS_WKUP_IRQHandler
                0x0000000008006bb8                USART2_IRQHandler
                0x0000000008006bb8                DFSDM1_FLT0_IRQHandler
                0x0000000008006bb8                SAI4_IRQHandler
                0x0000000008006bb8                I2C2_ER_IRQHandler
                0x0000000008006bb8                DMA2_Stream1_IRQHandler
                0x0000000008006bb8                FLASH_IRQHandler
                0x0000000008006bb8                DMA2_Stream4_IRQHandler
                0x0000000008006bb8                SPI3_IRQHandler
                0x0000000008006bb8                WAKEUP_PIN_IRQHandler
                0x0000000008006bb8                DMA1_Stream4_IRQHandler
                0x0000000008006bb8                I2C1_ER_IRQHandler
                0x0000000008006bb8                FMC_IRQHandler
                0x0000000008006bb8                FDCAN_CAL_IRQHandler
                0x0000000008006bb8                SWPMI1_IRQHandler
                0x0000000008006bb8                COMP1_IRQHandler
                0x0000000008006bb8                LPTIM1_IRQHandler
                0x0000000008006bb8                DCMI_PSSI_IRQHandler
                0x0000000008006bb8                I2C4_ER_IRQHandler
                0x0000000008006bb8                DMA2_Stream6_IRQHandler
                0x0000000008006bb8                SAI1_IRQHandler
                0x0000000008006bb8                DMA1_Stream3_IRQHandler
 *fill*         0x0000000008006bba        0x2 
 .text.HAL_Init
                0x0000000008006bbc       0x78 ./Drivers/STM32H7xx_HAL_Driver/Src/stm32h7xx_hal.o
                0x0000000008006bbc                HAL_Init
 .text.HAL_InitTick
                0x0000000008006c34       0x6c ./Drivers/STM32H7xx_HAL_Driver/Src/stm32h7xx_hal.o
                0x0000000008006c34                HAL_InitTick
 .text.HAL_IncTick
                0x0000000008006ca0       0x28 ./Drivers/STM32H7xx_HAL_Driver/Src/stm32h7xx_hal.o
                0x0000000008006ca0                HAL_IncTick
 .text.HAL_GetTick
                0x0000000008006cc8       0x18 ./Drivers/STM32H7xx_HAL_Driver/Src/stm32h7xx_hal.o
                0x0000000008006cc8                HAL_GetTick
 .text.HAL_Delay
                0x0000000008006ce0       0x48 ./Drivers/STM32H7xx_HAL_Driver/Src/stm32h7xx_hal.o
                0x0000000008006ce0                HAL_Delay
 .text.__NVIC_SetPriorityGrouping
                0x0000000008006d28       0x48 ./Drivers/STM32H7xx_HAL_Driver/Src/stm32h7xx_hal_cortex.o
 .text.__NVIC_GetPriorityGrouping
                0x0000000008006d70       0x1c ./Drivers/STM32H7xx_HAL_Driver/Src/stm32h7xx_hal_cortex.o
 .text.__NVIC_EnableIRQ
                0x0000000008006d8c       0x3c ./Drivers/STM32H7xx_HAL_Driver/Src/stm32h7xx_hal_cortex.o
 .text.__NVIC_SetPriority
                0x0000000008006dc8       0x54 ./Drivers/STM32H7xx_HAL_Driver/Src/stm32h7xx_hal_cortex.o
 .text.NVIC_EncodePriority
                0x0000000008006e1c       0x66 ./Drivers/STM32H7xx_HAL_Driver/Src/stm32h7xx_hal_cortex.o
 *fill*         0x0000000008006e82        0x2 
 .text.SysTick_Config
                0x0000000008006e84       0x44 ./Drivers/STM32H7xx_HAL_Driver/Src/stm32h7xx_hal_cortex.o
 .text.HAL_NVIC_SetPriorityGrouping
                0x0000000008006ec8       0x16 ./Drivers/STM32H7xx_HAL_Driver/Src/stm32h7xx_hal_cortex.o
                0x0000000008006ec8                HAL_NVIC_SetPriorityGrouping
 .text.HAL_NVIC_SetPriority
                0x0000000008006ede       0x34 ./Drivers/STM32H7xx_HAL_Driver/Src/stm32h7xx_hal_cortex.o
                0x0000000008006ede                HAL_NVIC_SetPriority
 .text.HAL_NVIC_EnableIRQ
                0x0000000008006f12       0x1c ./Drivers/STM32H7xx_HAL_Driver/Src/stm32h7xx_hal_cortex.o
                0x0000000008006f12                HAL_NVIC_EnableIRQ
 .text.HAL_SYSTICK_Config
                0x0000000008006f2e       0x18 ./Drivers/STM32H7xx_HAL_Driver/Src/stm32h7xx_hal_cortex.o
                0x0000000008006f2e                HAL_SYSTICK_Config
 *fill*         0x0000000008006f46        0x2 
 .text.HAL_DMA_Init
                0x0000000008006f48      0x6b4 ./Drivers/STM32H7xx_HAL_Driver/Src/stm32h7xx_hal_dma.o
                0x0000000008006f48                HAL_DMA_Init
 .text.HAL_DMA_Start_IT
                0x00000000080075fc      0x4d4 ./Drivers/STM32H7xx_HAL_Driver/Src/stm32h7xx_hal_dma.o
                0x00000000080075fc                HAL_DMA_Start_IT
 .text.HAL_DMA_Abort
                0x0000000008007ad0      0x63c ./Drivers/STM32H7xx_HAL_Driver/Src/stm32h7xx_hal_dma.o
                0x0000000008007ad0                HAL_DMA_Abort
 .text.HAL_DMA_Abort_IT
                0x000000000800810c      0x48c ./Drivers/STM32H7xx_HAL_Driver/Src/stm32h7xx_hal_dma.o
                0x000000000800810c                HAL_DMA_Abort_IT
 .text.HAL_DMA_IRQHandler
                0x0000000008008598      0xe54 ./Drivers/STM32H7xx_HAL_Driver/Src/stm32h7xx_hal_dma.o
                0x0000000008008598                HAL_DMA_IRQHandler
 .text.DMA_SetConfig
                0x00000000080093ec      0x358 ./Drivers/STM32H7xx_HAL_Driver/Src/stm32h7xx_hal_dma.o
 .text.DMA_CalcBaseAndBitshift
                0x0000000008009744      0x164 ./Drivers/STM32H7xx_HAL_Driver/Src/stm32h7xx_hal_dma.o
 .text.DMA_CheckFifoParam
                0x00000000080098a8       0xf8 ./Drivers/STM32H7xx_HAL_Driver/Src/stm32h7xx_hal_dma.o
 .text.DMA_CalcDMAMUXChannelBaseAndMask
                0x00000000080099a0      0x134 ./Drivers/STM32H7xx_HAL_Driver/Src/stm32h7xx_hal_dma.o
 .text.DMA_CalcDMAMUXRequestGenBaseAndMask
                0x0000000008009ad4       0xe8 ./Drivers/STM32H7xx_HAL_Driver/Src/stm32h7xx_hal_dma.o
 .text.HAL_GPIO_Init
                0x0000000008009bbc      0x350 ./Drivers/STM32H7xx_HAL_Driver/Src/stm32h7xx_hal_gpio.o
                0x0000000008009bbc                HAL_GPIO_Init
 .text.HAL_GPIO_ReadPin
                0x0000000008009f0c       0x30 ./Drivers/STM32H7xx_HAL_Driver/Src/stm32h7xx_hal_gpio.o
                0x0000000008009f0c                HAL_GPIO_ReadPin
 .text.HAL_GPIO_WritePin
                0x0000000008009f3c       0x32 ./Drivers/STM32H7xx_HAL_Driver/Src/stm32h7xx_hal_gpio.o
                0x0000000008009f3c                HAL_GPIO_WritePin
 *fill*         0x0000000008009f6e        0x2 
 .text.HAL_PWREx_ConfigSupply
                0x0000000008009f70       0x74 ./Drivers/STM32H7xx_HAL_Driver/Src/stm32h7xx_hal_pwr_ex.o
                0x0000000008009f70                HAL_PWREx_ConfigSupply
 .text.HAL_RCC_OscConfig
                0x0000000008009fe4      0x75c ./Drivers/STM32H7xx_HAL_Driver/Src/stm32h7xx_hal_rcc.o
                0x0000000008009fe4                HAL_RCC_OscConfig
 .text.HAL_RCC_ClockConfig
                0x000000000800a740      0x36c ./Drivers/STM32H7xx_HAL_Driver/Src/stm32h7xx_hal_rcc.o
                0x000000000800a740                HAL_RCC_ClockConfig
 .text.HAL_RCC_GetSysClockFreq
                0x000000000800aaac      0x2f4 ./Drivers/STM32H7xx_HAL_Driver/Src/stm32h7xx_hal_rcc.o
                0x000000000800aaac                HAL_RCC_GetSysClockFreq
 .text.HAL_RCC_GetHCLKFreq
                0x000000000800ada0       0x60 ./Drivers/STM32H7xx_HAL_Driver/Src/stm32h7xx_hal_rcc.o
                0x000000000800ada0                HAL_RCC_GetHCLKFreq
 .text.HAL_RCC_GetPCLK1Freq
                0x000000000800ae00       0x2c ./Drivers/STM32H7xx_HAL_Driver/Src/stm32h7xx_hal_rcc.o
                0x000000000800ae00                HAL_RCC_GetPCLK1Freq
 .text.HAL_RCC_GetPCLK2Freq
                0x000000000800ae2c       0x2c ./Drivers/STM32H7xx_HAL_Driver/Src/stm32h7xx_hal_rcc.o
                0x000000000800ae2c                HAL_RCC_GetPCLK2Freq
 .text.HAL_RCCEx_PeriphCLKConfig
                0x000000000800ae58      0xdf4 ./Drivers/STM32H7xx_HAL_Driver/Src/stm32h7xx_hal_rcc_ex.o
                0x000000000800ae58                HAL_RCCEx_PeriphCLKConfig
 .text.HAL_RCCEx_GetD3PCLK1Freq
                0x000000000800bc4c       0x2c ./Drivers/STM32H7xx_HAL_Driver/Src/stm32h7xx_hal_rcc_ex.o
                0x000000000800bc4c                HAL_RCCEx_GetD3PCLK1Freq
 .text.HAL_RCCEx_GetPLL2ClockFreq
                0x000000000800bc78      0x2a8 ./Drivers/STM32H7xx_HAL_Driver/Src/stm32h7xx_hal_rcc_ex.o
                0x000000000800bc78                HAL_RCCEx_GetPLL2ClockFreq
 .text.HAL_RCCEx_GetPLL3ClockFreq
                0x000000000800bf20      0x2a8 ./Drivers/STM32H7xx_HAL_Driver/Src/stm32h7xx_hal_rcc_ex.o
                0x000000000800bf20                HAL_RCCEx_GetPLL3ClockFreq
 .text.RCCEx_PLL2_Config
                0x000000000800c1c8      0x164 ./Drivers/STM32H7xx_HAL_Driver/Src/stm32h7xx_hal_rcc_ex.o
 .text.RCCEx_PLL3_Config
                0x000000000800c32c      0x164 ./Drivers/STM32H7xx_HAL_Driver/Src/stm32h7xx_hal_rcc_ex.o
 .text.HAL_TIM_Base_Init
                0x000000000800c490       0xae ./Drivers/STM32H7xx_HAL_Driver/Src/stm32h7xx_hal_tim.o
                0x000000000800c490                HAL_TIM_Base_Init
 *fill*         0x000000000800c53e        0x2 
 .text.HAL_TIM_Base_Start_IT
                0x000000000800c540      0x10c ./Drivers/STM32H7xx_HAL_Driver/Src/stm32h7xx_hal_tim.o
                0x000000000800c540                HAL_TIM_Base_Start_IT
 .text.HAL_TIM_PWM_Init
                0x000000000800c64c       0xae ./Drivers/STM32H7xx_HAL_Driver/Src/stm32h7xx_hal_tim.o
                0x000000000800c64c                HAL_TIM_PWM_Init
 *fill*         0x000000000800c6fa        0x2 
 .text.HAL_TIM_PWM_Start
                0x000000000800c6fc      0x238 ./Drivers/STM32H7xx_HAL_Driver/Src/stm32h7xx_hal_tim.o
                0x000000000800c6fc                HAL_TIM_PWM_Start
 .text.HAL_TIM_PWM_Start_IT
                0x000000000800c934      0x2d0 ./Drivers/STM32H7xx_HAL_Driver/Src/stm32h7xx_hal_tim.o
                0x000000000800c934                HAL_TIM_PWM_Start_IT
 .text.HAL_TIM_Encoder_Init
                0x000000000800cc04      0x14c ./Drivers/STM32H7xx_HAL_Driver/Src/stm32h7xx_hal_tim.o
                0x000000000800cc04                HAL_TIM_Encoder_Init
 .text.HAL_TIM_Encoder_Start
                0x000000000800cd50      0x11c ./Drivers/STM32H7xx_HAL_Driver/Src/stm32h7xx_hal_tim.o
                0x000000000800cd50                HAL_TIM_Encoder_Start
 .text.HAL_TIM_IRQHandler
                0x000000000800ce6c      0x23e ./Drivers/STM32H7xx_HAL_Driver/Src/stm32h7xx_hal_tim.o
                0x000000000800ce6c                HAL_TIM_IRQHandler
 *fill*         0x000000000800d0aa        0x2 
 .text.HAL_TIM_PWM_ConfigChannel
                0x000000000800d0ac      0x228 ./Drivers/STM32H7xx_HAL_Driver/Src/stm32h7xx_hal_tim.o
                0x000000000800d0ac                HAL_TIM_PWM_ConfigChannel
 .text.HAL_TIM_ConfigClockSource
                0x000000000800d2d4      0x1f0 ./Drivers/STM32H7xx_HAL_Driver/Src/stm32h7xx_hal_tim.o
                0x000000000800d2d4                HAL_TIM_ConfigClockSource
 .text.HAL_TIM_OC_DelayElapsedCallback
                0x000000000800d4c4       0x14 ./Drivers/STM32H7xx_HAL_Driver/Src/stm32h7xx_hal_tim.o
                0x000000000800d4c4                HAL_TIM_OC_DelayElapsedCallback
 .text.HAL_TIM_IC_CaptureCallback
                0x000000000800d4d8       0x14 ./Drivers/STM32H7xx_HAL_Driver/Src/stm32h7xx_hal_tim.o
                0x000000000800d4d8                HAL_TIM_IC_CaptureCallback
 .text.HAL_TIM_PWM_PulseFinishedCallback
                0x000000000800d4ec       0x14 ./Drivers/STM32H7xx_HAL_Driver/Src/stm32h7xx_hal_tim.o
                0x000000000800d4ec                HAL_TIM_PWM_PulseFinishedCallback
 .text.HAL_TIM_TriggerCallback
                0x000000000800d500       0x14 ./Drivers/STM32H7xx_HAL_Driver/Src/stm32h7xx_hal_tim.o
                0x000000000800d500                HAL_TIM_TriggerCallback
 .text.TIM_Base_SetConfig
                0x000000000800d514      0x14c ./Drivers/STM32H7xx_HAL_Driver/Src/stm32h7xx_hal_tim.o
                0x000000000800d514                TIM_Base_SetConfig
 .text.TIM_OC1_SetConfig
                0x000000000800d660      0x120 ./Drivers/STM32H7xx_HAL_Driver/Src/stm32h7xx_hal_tim.o
 .text.TIM_OC2_SetConfig
                0x000000000800d780      0x114 ./Drivers/STM32H7xx_HAL_Driver/Src/stm32h7xx_hal_tim.o
                0x000000000800d780                TIM_OC2_SetConfig
 .text.TIM_OC3_SetConfig
                0x000000000800d894      0x110 ./Drivers/STM32H7xx_HAL_Driver/Src/stm32h7xx_hal_tim.o
 .text.TIM_OC4_SetConfig
                0x000000000800d9a4       0xd4 ./Drivers/STM32H7xx_HAL_Driver/Src/stm32h7xx_hal_tim.o
 .text.TIM_OC5_SetConfig
                0x000000000800da78       0xc8 ./Drivers/STM32H7xx_HAL_Driver/Src/stm32h7xx_hal_tim.o
 .text.TIM_OC6_SetConfig
                0x000000000800db40       0xcc ./Drivers/STM32H7xx_HAL_Driver/Src/stm32h7xx_hal_tim.o
 .text.TIM_TI1_ConfigInputStage
                0x000000000800dc0c       0x5e ./Drivers/STM32H7xx_HAL_Driver/Src/stm32h7xx_hal_tim.o
 .text.TIM_TI2_ConfigInputStage
                0x000000000800dc6a       0x60 ./Drivers/STM32H7xx_HAL_Driver/Src/stm32h7xx_hal_tim.o
 *fill*         0x000000000800dcca        0x2 
 .text.TIM_ITRx_SetConfig
                0x000000000800dccc       0x3c ./Drivers/STM32H7xx_HAL_Driver/Src/stm32h7xx_hal_tim.o
 .text.TIM_ETR_SetConfig
                0x000000000800dd08       0x40 ./Drivers/STM32H7xx_HAL_Driver/Src/stm32h7xx_hal_tim.o
                0x000000000800dd08                TIM_ETR_SetConfig
 .text.TIM_CCxChannelCmd
                0x000000000800dd48       0x4a ./Drivers/STM32H7xx_HAL_Driver/Src/stm32h7xx_hal_tim.o
                0x000000000800dd48                TIM_CCxChannelCmd
 *fill*         0x000000000800dd92        0x2 
 .text.HAL_TIMEx_MasterConfigSynchronization
                0x000000000800dd94      0x138 ./Drivers/STM32H7xx_HAL_Driver/Src/stm32h7xx_hal_tim_ex.o
                0x000000000800dd94                HAL_TIMEx_MasterConfigSynchronization
 .text.HAL_TIMEx_ConfigBreakDeadTime
                0x000000000800decc      0x140 ./Drivers/STM32H7xx_HAL_Driver/Src/stm32h7xx_hal_tim_ex.o
                0x000000000800decc                HAL_TIMEx_ConfigBreakDeadTime
 .text.HAL_TIMEx_CommutCallback
                0x000000000800e00c       0x14 ./Drivers/STM32H7xx_HAL_Driver/Src/stm32h7xx_hal_tim_ex.o
                0x000000000800e00c                HAL_TIMEx_CommutCallback
 .text.HAL_TIMEx_BreakCallback
                0x000000000800e020       0x14 ./Drivers/STM32H7xx_HAL_Driver/Src/stm32h7xx_hal_tim_ex.o
                0x000000000800e020                HAL_TIMEx_BreakCallback
 .text.HAL_TIMEx_Break2Callback
                0x000000000800e034       0x14 ./Drivers/STM32H7xx_HAL_Driver/Src/stm32h7xx_hal_tim_ex.o
                0x000000000800e034                HAL_TIMEx_Break2Callback
 .text.HAL_UART_Init
                0x000000000800e048       0xa0 ./Drivers/STM32H7xx_HAL_Driver/Src/stm32h7xx_hal_uart.o
                0x000000000800e048                HAL_UART_Init
 .text.HAL_UART_Transmit_DMA
                0x000000000800e0e8      0x124 ./Drivers/STM32H7xx_HAL_Driver/Src/stm32h7xx_hal_uart.o
                0x000000000800e0e8                HAL_UART_Transmit_DMA
 .text.HAL_UART_Receive_DMA
                0x000000000800e20c       0xac ./Drivers/STM32H7xx_HAL_Driver/Src/stm32h7xx_hal_uart.o
                0x000000000800e20c                HAL_UART_Receive_DMA
 .text.HAL_UART_IRQHandler
                0x000000000800e2b8      0x73c ./Drivers/STM32H7xx_HAL_Driver/Src/stm32h7xx_hal_uart.o
                0x000000000800e2b8                HAL_UART_IRQHandler
 .text.HAL_UART_TxHalfCpltCallback
                0x000000000800e9f4       0x14 ./Drivers/STM32H7xx_HAL_Driver/Src/stm32h7xx_hal_uart.o
                0x000000000800e9f4                HAL_UART_TxHalfCpltCallback
 .text.HAL_UART_RxHalfCpltCallback
                0x000000000800ea08       0x14 ./Drivers/STM32H7xx_HAL_Driver/Src/stm32h7xx_hal_uart.o
                0x000000000800ea08                HAL_UART_RxHalfCpltCallback
 .text.HAL_UART_ErrorCallback
                0x000000000800ea1c       0x14 ./Drivers/STM32H7xx_HAL_Driver/Src/stm32h7xx_hal_uart.o
                0x000000000800ea1c                HAL_UART_ErrorCallback
 .text.HAL_UARTEx_RxEventCallback
                0x000000000800ea30       0x18 ./Drivers/STM32H7xx_HAL_Driver/Src/stm32h7xx_hal_uart.o
                0x000000000800ea30                HAL_UARTEx_RxEventCallback
 .text.UART_SetConfig
                0x000000000800ea48      0xcd8 ./Drivers/STM32H7xx_HAL_Driver/Src/stm32h7xx_hal_uart.o
                0x000000000800ea48                UART_SetConfig
 .text.UART_AdvFeatureConfig
                0x000000000800f720      0x144 ./Drivers/STM32H7xx_HAL_Driver/Src/stm32h7xx_hal_uart.o
                0x000000000800f720                UART_AdvFeatureConfig
 .text.UART_CheckIdleState
                0x000000000800f864       0x96 ./Drivers/STM32H7xx_HAL_Driver/Src/stm32h7xx_hal_uart.o
                0x000000000800f864                UART_CheckIdleState
 .text.UART_WaitOnFlagUntilTimeout
                0x000000000800f8fa      0x190 ./Drivers/STM32H7xx_HAL_Driver/Src/stm32h7xx_hal_uart.o
                0x000000000800f8fa                UART_WaitOnFlagUntilTimeout
 *fill*         0x000000000800fa8a        0x2 
 .text.UART_Start_Receive_DMA
                0x000000000800fa8c      0x150 ./Drivers/STM32H7xx_HAL_Driver/Src/stm32h7xx_hal_uart.o
                0x000000000800fa8c                UART_Start_Receive_DMA
 .text.UART_EndTxTransfer
                0x000000000800fbdc       0x82 ./Drivers/STM32H7xx_HAL_Driver/Src/stm32h7xx_hal_uart.o
 *fill*         0x000000000800fc5e        0x2 
 .text.UART_EndRxTransfer
                0x000000000800fc60       0xcc ./Drivers/STM32H7xx_HAL_Driver/Src/stm32h7xx_hal_uart.o
 .text.UART_DMATransmitCplt
                0x000000000800fd2c       0x96 ./Drivers/STM32H7xx_HAL_Driver/Src/stm32h7xx_hal_uart.o
 .text.UART_DMATxHalfCplt
                0x000000000800fdc2       0x1c ./Drivers/STM32H7xx_HAL_Driver/Src/stm32h7xx_hal_uart.o
 .text.UART_DMAReceiveCplt
                0x000000000800fdde      0x122 ./Drivers/STM32H7xx_HAL_Driver/Src/stm32h7xx_hal_uart.o
 .text.UART_DMARxHalfCplt
                0x000000000800ff00       0x38 ./Drivers/STM32H7xx_HAL_Driver/Src/stm32h7xx_hal_uart.o
 .text.UART_DMAError
                0x000000000800ff38       0x80 ./Drivers/STM32H7xx_HAL_Driver/Src/stm32h7xx_hal_uart.o
 .text.UART_DMAAbortOnError
                0x000000000800ffb8       0x2c ./Drivers/STM32H7xx_HAL_Driver/Src/stm32h7xx_hal_uart.o
 .text.UART_EndTransmit_IT
                0x000000000800ffe4       0x56 ./Drivers/STM32H7xx_HAL_Driver/Src/stm32h7xx_hal_uart.o
 .text.HAL_UARTEx_WakeupCallback
                0x000000000801003a       0x14 ./Drivers/STM32H7xx_HAL_Driver/Src/stm32h7xx_hal_uart_ex.o
                0x000000000801003a                HAL_UARTEx_WakeupCallback
 .text.HAL_UARTEx_RxFifoFullCallback
                0x000000000801004e       0x14 ./Drivers/STM32H7xx_HAL_Driver/Src/stm32h7xx_hal_uart_ex.o
                0x000000000801004e                HAL_UARTEx_RxFifoFullCallback
 .text.HAL_UARTEx_TxFifoEmptyCallback
                0x0000000008010062       0x14 ./Drivers/STM32H7xx_HAL_Driver/Src/stm32h7xx_hal_uart_ex.o
                0x0000000008010062                HAL_UARTEx_TxFifoEmptyCallback
 .text.HAL_UARTEx_DisableFifoMode
                0x0000000008010076       0x72 ./Drivers/STM32H7xx_HAL_Driver/Src/stm32h7xx_hal_uart_ex.o
                0x0000000008010076                HAL_UARTEx_DisableFifoMode
 .text.HAL_UARTEx_SetTxFifoThreshold
                0x00000000080100e8       0x7c ./Drivers/STM32H7xx_HAL_Driver/Src/stm32h7xx_hal_uart_ex.o
                0x00000000080100e8                HAL_UARTEx_SetTxFifoThreshold
 .text.HAL_UARTEx_SetRxFifoThreshold
                0x0000000008010164       0x7c ./Drivers/STM32H7xx_HAL_Driver/Src/stm32h7xx_hal_uart_ex.o
                0x0000000008010164                HAL_UARTEx_SetRxFifoThreshold
 .text.UARTEx_SetNbDataToProcess
                0x00000000080101e0       0x9c ./Drivers/STM32H7xx_HAL_Driver/Src/stm32h7xx_hal_uart_ex.o
 .text.__cxa_pure_virtual
                0x000000000801027c        0x6 c:/st/stm32cubeide_1.10.1/stm32cubeide/plugins/com.st.stm32cube.ide.mcu.externaltools.gnu-tools-for-stm32.10.3-2021.10.win32_1.0.0.202111181127/tools/bin/../lib/gcc/arm-none-eabi/10.3.1/../../../../arm-none-eabi/lib/thumb/v7e-m+dp/hard\libstdc++_nano.a(pure.o)
                0x000000000801027c                __cxa_pure_virtual
 .text._ZN10__cxxabiv111__terminateEPFvvE
                0x0000000008010282        0x8 c:/st/stm32cubeide_1.10.1/stm32cubeide/plugins/com.st.stm32cube.ide.mcu.externaltools.gnu-tools-for-stm32.10.3-2021.10.win32_1.0.0.202111181127/tools/bin/../lib/gcc/arm-none-eabi/10.3.1/../../../../arm-none-eabi/lib/thumb/v7e-m+dp/hard\libstdc++_nano.a(eh_terminate.o)
                0x0000000008010282                __cxxabiv1::__terminate(void (*)())
 *fill*         0x000000000801028a        0x2 
 .text._ZSt13get_terminatev
                0x000000000801028c       0x10 c:/st/stm32cubeide_1.10.1/stm32cubeide/plugins/com.st.stm32cube.ide.mcu.externaltools.gnu-tools-for-stm32.10.3-2021.10.win32_1.0.0.202111181127/tools/bin/../lib/gcc/arm-none-eabi/10.3.1/../../../../arm-none-eabi/lib/thumb/v7e-m+dp/hard\libstdc++_nano.a(eh_terminate.o)
                0x000000000801028c                std::get_terminate()
 .text._ZSt9terminatev
                0x000000000801029c        0xa c:/st/stm32cubeide_1.10.1/stm32cubeide/plugins/com.st.stm32cube.ide.mcu.externaltools.gnu-tools-for-stm32.10.3-2021.10.win32_1.0.0.202111181127/tools/bin/../lib/gcc/arm-none-eabi/10.3.1/../../../../arm-none-eabi/lib/thumb/v7e-m+dp/hard\libstdc++_nano.a(eh_terminate.o)
                0x000000000801029c                std::terminate()
 .text.checkint
                0x00000000080102a6       0x68 c:/st/stm32cubeide_1.10.1/stm32cubeide/plugins/com.st.stm32cube.ide.mcu.externaltools.gnu-tools-for-stm32.10.3-2021.10.win32_1.0.0.202111181127/tools/bin/../lib/gcc/arm-none-eabi/10.3.1/../../../../arm-none-eabi/lib/thumb/v7e-m+dp/hard\libm.a(lib_a-pow.o)
 *fill*         0x000000000801030e        0x2 
 .text.pow      0x0000000008010310      0x4a4 c:/st/stm32cubeide_1.10.1/stm32cubeide/plugins/com.st.stm32cube.ide.mcu.externaltools.gnu-tools-for-stm32.10.3-2021.10.win32_1.0.0.202111181127/tools/bin/../lib/gcc/arm-none-eabi/10.3.1/../../../../arm-none-eabi/lib/thumb/v7e-m+dp/hard\libm.a(lib_a-pow.o)
                0x0000000008010310                pow
 *fill*         0x00000000080107b4        0x4 
 .text.atan     0x00000000080107b8      0x1f4 c:/st/stm32cubeide_1.10.1/stm32cubeide/plugins/com.st.stm32cube.ide.mcu.externaltools.gnu-tools-for-stm32.10.3-2021.10.win32_1.0.0.202111181127/tools/bin/../lib/gcc/arm-none-eabi/10.3.1/../../../../arm-none-eabi/lib/thumb/v7e-m+dp/hard\libm.a(lib_a-s_atan.o)
                0x00000000080107b8                atan
 .text.fabs     0x00000000080109ac       0x12 c:/st/stm32cubeide_1.10.1/stm32cubeide/plugins/com.st.stm32cube.ide.mcu.externaltools.gnu-tools-for-stm32.10.3-2021.10.win32_1.0.0.202111181127/tools/bin/../lib/gcc/arm-none-eabi/10.3.1/../../../../arm-none-eabi/lib/thumb/v7e-m+dp/hard\libm.a(lib_a-s_fabs.o)
                0x00000000080109ac                fabs
 *fill*         0x00000000080109be        0x2 
 .text.acos     0x00000000080109c0       0x58 c:/st/stm32cubeide_1.10.1/stm32cubeide/plugins/com.st.stm32cube.ide.mcu.externaltools.gnu-tools-for-stm32.10.3-2021.10.win32_1.0.0.202111181127/tools/bin/../lib/gcc/arm-none-eabi/10.3.1/../../../../arm-none-eabi/lib/thumb/v7e-m+dp/hard\libm.a(lib_a-w_acos.o)
                0x00000000080109c0                acos
 .text.sqrt     0x0000000008010a18       0x40 c:/st/stm32cubeide_1.10.1/stm32cubeide/plugins/com.st.stm32cube.ide.mcu.externaltools.gnu-tools-for-stm32.10.3-2021.10.win32_1.0.0.202111181127/tools/bin/../lib/gcc/arm-none-eabi/10.3.1/../../../../arm-none-eabi/lib/thumb/v7e-m+dp/hard\libm.a(lib_a-w_sqrt.o)
                0x0000000008010a18                sqrt
 .text.__ieee754_acos
                0x0000000008010a58      0x25c c:/st/stm32cubeide_1.10.1/stm32cubeide/plugins/com.st.stm32cube.ide.mcu.externaltools.gnu-tools-for-stm32.10.3-2021.10.win32_1.0.0.202111181127/tools/bin/../lib/gcc/arm-none-eabi/10.3.1/../../../../arm-none-eabi/lib/thumb/v7e-m+dp/hard\libm.a(lib_a-e_acos.o)
                0x0000000008010a58                __ieee754_acos
 .text.__ieee754_sqrt
                0x0000000008010cb4        0x6 c:/st/stm32cubeide_1.10.1/stm32cubeide/plugins/com.st.stm32cube.ide.mcu.externaltools.gnu-tools-for-stm32.10.3-2021.10.win32_1.0.0.202111181127/tools/bin/../lib/gcc/arm-none-eabi/10.3.1/../../../../arm-none-eabi/lib/thumb/v7e-m+dp/hard\libm.a(lib_a-e_sqrt.o)
                0x0000000008010cb4                __ieee754_sqrt
 .text.with_errno
                0x0000000008010cba       0x16 c:/st/stm32cubeide_1.10.1/stm32cubeide/plugins/com.st.stm32cube.ide.mcu.externaltools.gnu-tools-for-stm32.10.3-2021.10.win32_1.0.0.202111181127/tools/bin/../lib/gcc/arm-none-eabi/10.3.1/../../../../arm-none-eabi/lib/thumb/v7e-m+dp/hard\libm.a(lib_a-math_err.o)
 .text.xflow    0x0000000008010cd0       0x22 c:/st/stm32cubeide_1.10.1/stm32cubeide/plugins/com.st.stm32cube.ide.mcu.externaltools.gnu-tools-for-stm32.10.3-2021.10.win32_1.0.0.202111181127/tools/bin/../lib/gcc/arm-none-eabi/10.3.1/../../../../arm-none-eabi/lib/thumb/v7e-m+dp/hard\libm.a(lib_a-math_err.o)
 *fill*         0x0000000008010cf2        0x6 
 .text.__math_uflow
                0x0000000008010cf8       0x10 c:/st/stm32cubeide_1.10.1/stm32cubeide/plugins/com.st.stm32cube.ide.mcu.externaltools.gnu-tools-for-stm32.10.3-2021.10.win32_1.0.0.202111181127/tools/bin/../lib/gcc/arm-none-eabi/10.3.1/../../../../arm-none-eabi/lib/thumb/v7e-m+dp/hard\libm.a(lib_a-math_err.o)
                0x0000000008010cf8                __math_uflow
 .text.__math_oflow
                0x0000000008010d08       0x10 c:/st/stm32cubeide_1.10.1/stm32cubeide/plugins/com.st.stm32cube.ide.mcu.externaltools.gnu-tools-for-stm32.10.3-2021.10.win32_1.0.0.202111181127/tools/bin/../lib/gcc/arm-none-eabi/10.3.1/../../../../arm-none-eabi/lib/thumb/v7e-m+dp/hard\libm.a(lib_a-math_err.o)
                0x0000000008010d08                __math_oflow
 .text.__math_divzero
                0x0000000008010d18       0x30 c:/st/stm32cubeide_1.10.1/stm32cubeide/plugins/com.st.stm32cube.ide.mcu.externaltools.gnu-tools-for-stm32.10.3-2021.10.win32_1.0.0.202111181127/tools/bin/../lib/gcc/arm-none-eabi/10.3.1/../../../../arm-none-eabi/lib/thumb/v7e-m+dp/hard\libm.a(lib_a-math_err.o)
                0x0000000008010d18                __math_divzero
 .text.__math_invalid
                0x0000000008010d48       0x1e c:/st/stm32cubeide_1.10.1/stm32cubeide/plugins/com.st.stm32cube.ide.mcu.externaltools.gnu-tools-for-stm32.10.3-2021.10.win32_1.0.0.202111181127/tools/bin/../lib/gcc/arm-none-eabi/10.3.1/../../../../arm-none-eabi/lib/thumb/v7e-m+dp/hard\libm.a(lib_a-math_err.o)
                0x0000000008010d48                __math_invalid
 .text.__math_check_uflow
                0x0000000008010d66       0x12 c:/st/stm32cubeide_1.10.1/stm32cubeide/plugins/com.st.stm32cube.ide.mcu.externaltools.gnu-tools-for-stm32.10.3-2021.10.win32_1.0.0.202111181127/tools/bin/../lib/gcc/arm-none-eabi/10.3.1/../../../../arm-none-eabi/lib/thumb/v7e-m+dp/hard\libm.a(lib_a-math_err.o)
                0x0000000008010d66                __math_check_uflow
 .text.__math_check_oflow
                0x0000000008010d78       0x28 c:/st/stm32cubeide_1.10.1/stm32cubeide/plugins/com.st.stm32cube.ide.mcu.externaltools.gnu-tools-for-stm32.10.3-2021.10.win32_1.0.0.202111181127/tools/bin/../lib/gcc/arm-none-eabi/10.3.1/../../../../arm-none-eabi/lib/thumb/v7e-m+dp/hard\libm.a(lib_a-math_err.o)
                0x0000000008010d78                __math_check_oflow
 .text.nan      0x0000000008010da0       0x10 c:/st/stm32cubeide_1.10.1/stm32cubeide/plugins/com.st.stm32cube.ide.mcu.externaltools.gnu-tools-for-stm32.10.3-2021.10.win32_1.0.0.202111181127/tools/bin/../lib/gcc/arm-none-eabi/10.3.1/../../../../arm-none-eabi/lib/thumb/v7e-m+dp/hard\libm.a(lib_a-s_nan.o)
                0x0000000008010da0                nan
 .text.abort    0x0000000008010db0        0xe c:/st/stm32cubeide_1.10.1/stm32cubeide/plugins/com.st.stm32cube.ide.mcu.externaltools.gnu-tools-for-stm32.10.3-2021.10.win32_1.0.0.202111181127/tools/bin/../lib/gcc/arm-none-eabi/10.3.1/../../../../arm-none-eabi/lib/thumb/v7e-m+dp/hard\libc_nano.a(lib_a-abort.o)
                0x0000000008010db0                abort
 *fill*         0x0000000008010dbe        0x2 
 .text.__errno  0x0000000008010dc0        0xc c:/st/stm32cubeide_1.10.1/stm32cubeide/plugins/com.st.stm32cube.ide.mcu.externaltools.gnu-tools-for-stm32.10.3-2021.10.win32_1.0.0.202111181127/tools/bin/../lib/gcc/arm-none-eabi/10.3.1/../../../../arm-none-eabi/lib/thumb/v7e-m+dp/hard\libc_nano.a(lib_a-errno.o)
                0x0000000008010dc0                __errno
 .text.__libc_init_array
                0x0000000008010dcc       0x48 c:/st/stm32cubeide_1.10.1/stm32cubeide/plugins/com.st.stm32cube.ide.mcu.externaltools.gnu-tools-for-stm32.10.3-2021.10.win32_1.0.0.202111181127/tools/bin/../lib/gcc/arm-none-eabi/10.3.1/../../../../arm-none-eabi/lib/thumb/v7e-m+dp/hard\libc_nano.a(lib_a-init.o)
                0x0000000008010dcc                __libc_init_array
 .text.memcpy   0x0000000008010e14       0x1c c:/st/stm32cubeide_1.10.1/stm32cubeide/plugins/com.st.stm32cube.ide.mcu.externaltools.gnu-tools-for-stm32.10.3-2021.10.win32_1.0.0.202111181127/tools/bin/../lib/gcc/arm-none-eabi/10.3.1/../../../../arm-none-eabi/lib/thumb/v7e-m+dp/hard\libc_nano.a(lib_a-memcpy-stub.o)
                0x0000000008010e14                memcpy
 .text.memset   0x0000000008010e30       0x10 c:/st/stm32cubeide_1.10.1/stm32cubeide/plugins/com.st.stm32cube.ide.mcu.externaltools.gnu-tools-for-stm32.10.3-2021.10.win32_1.0.0.202111181127/tools/bin/../lib/gcc/arm-none-eabi/10.3.1/../../../../arm-none-eabi/lib/thumb/v7e-m+dp/hard\libc_nano.a(lib_a-memset.o)
                0x0000000008010e30                memset
 .text.realloc  0x0000000008010e40       0x10 c:/st/stm32cubeide_1.10.1/stm32cubeide/plugins/com.st.stm32cube.ide.mcu.externaltools.gnu-tools-for-stm32.10.3-2021.10.win32_1.0.0.202111181127/tools/bin/../lib/gcc/arm-none-eabi/10.3.1/../../../../arm-none-eabi/lib/thumb/v7e-m+dp/hard\libc_nano.a(lib_a-realloc.o)
                0x0000000008010e40                realloc
 .text._raise_r
                0x0000000008010e50       0x50 c:/st/stm32cubeide_1.10.1/stm32cubeide/plugins/com.st.stm32cube.ide.mcu.externaltools.gnu-tools-for-stm32.10.3-2021.10.win32_1.0.0.202111181127/tools/bin/../lib/gcc/arm-none-eabi/10.3.1/../../../../arm-none-eabi/lib/thumb/v7e-m+dp/hard\libc_nano.a(lib_a-signal.o)
                0x0000000008010e50                _raise_r
 .text.raise    0x0000000008010ea0       0x10 c:/st/stm32cubeide_1.10.1/stm32cubeide/plugins/com.st.stm32cube.ide.mcu.externaltools.gnu-tools-for-stm32.10.3-2021.10.win32_1.0.0.202111181127/tools/bin/../lib/gcc/arm-none-eabi/10.3.1/../../../../arm-none-eabi/lib/thumb/v7e-m+dp/hard\libc_nano.a(lib_a-signal.o)
                0x0000000008010ea0                raise
 .text._kill_r  0x0000000008010eb0       0x24 c:/st/stm32cubeide_1.10.1/stm32cubeide/plugins/com.st.stm32cube.ide.mcu.externaltools.gnu-tools-for-stm32.10.3-2021.10.win32_1.0.0.202111181127/tools/bin/../lib/gcc/arm-none-eabi/10.3.1/../../../../arm-none-eabi/lib/thumb/v7e-m+dp/hard\libc_nano.a(lib_a-signalr.o)
                0x0000000008010eb0                _kill_r
 .text._getpid_r
                0x0000000008010ed4        0x4 c:/st/stm32cubeide_1.10.1/stm32cubeide/plugins/com.st.stm32cube.ide.mcu.externaltools.gnu-tools-for-stm32.10.3-2021.10.win32_1.0.0.202111181127/tools/bin/../lib/gcc/arm-none-eabi/10.3.1/../../../../arm-none-eabi/lib/thumb/v7e-m+dp/hard\libc_nano.a(lib_a-signalr.o)
                0x0000000008010ed4                _getpid_r
 .text.sbrk_aligned
                0x0000000008010ed8       0x40 c:/st/stm32cubeide_1.10.1/stm32cubeide/plugins/com.st.stm32cube.ide.mcu.externaltools.gnu-tools-for-stm32.10.3-2021.10.win32_1.0.0.202111181127/tools/bin/../lib/gcc/arm-none-eabi/10.3.1/../../../../arm-none-eabi/lib/thumb/v7e-m+dp/hard\libc_nano.a(lib_a-nano-mallocr.o)
 .text._malloc_r
                0x0000000008010f18       0xe8 c:/st/stm32cubeide_1.10.1/stm32cubeide/plugins/com.st.stm32cube.ide.mcu.externaltools.gnu-tools-for-stm32.10.3-2021.10.win32_1.0.0.202111181127/tools/bin/../lib/gcc/arm-none-eabi/10.3.1/../../../../arm-none-eabi/lib/thumb/v7e-m+dp/hard\libc_nano.a(lib_a-nano-mallocr.o)
                0x0000000008010f18                _malloc_r
 .text._realloc_r
                0x0000000008011000       0x5e c:/st/stm32cubeide_1.10.1/stm32cubeide/plugins/com.st.stm32cube.ide.mcu.externaltools.gnu-tools-for-stm32.10.3-2021.10.win32_1.0.0.202111181127/tools/bin/../lib/gcc/arm-none-eabi/10.3.1/../../../../arm-none-eabi/lib/thumb/v7e-m+dp/hard\libc_nano.a(lib_a-nano-reallocr.o)
                0x0000000008011000                _realloc_r
 *fill*         0x000000000801105e        0x2 
 .text._sbrk_r  0x0000000008011060       0x20 c:/st/stm32cubeide_1.10.1/stm32cubeide/plugins/com.st.stm32cube.ide.mcu.externaltools.gnu-tools-for-stm32.10.3-2021.10.win32_1.0.0.202111181127/tools/bin/../lib/gcc/arm-none-eabi/10.3.1/../../../../arm-none-eabi/lib/thumb/v7e-m+dp/hard\libc_nano.a(lib_a-sbrkr.o)
                0x0000000008011060                _sbrk_r
 .text.__malloc_lock
                0x0000000008011080        0xc c:/st/stm32cubeide_1.10.1/stm32cubeide/plugins/com.st.stm32cube.ide.mcu.externaltools.gnu-tools-for-stm32.10.3-2021.10.win32_1.0.0.202111181127/tools/bin/../lib/gcc/arm-none-eabi/10.3.1/../../../../arm-none-eabi/lib/thumb/v7e-m+dp/hard\libc_nano.a(lib_a-mlock.o)
                0x0000000008011080                __malloc_lock
 .text.__malloc_unlock
                0x000000000801108c        0xc c:/st/stm32cubeide_1.10.1/stm32cubeide/plugins/com.st.stm32cube.ide.mcu.externaltools.gnu-tools-for-stm32.10.3-2021.10.win32_1.0.0.202111181127/tools/bin/../lib/gcc/arm-none-eabi/10.3.1/../../../../arm-none-eabi/lib/thumb/v7e-m+dp/hard\libc_nano.a(lib_a-mlock.o)
                0x000000000801108c                __malloc_unlock
 .text._free_r  0x0000000008011098       0x98 c:/st/stm32cubeide_1.10.1/stm32cubeide/plugins/com.st.stm32cube.ide.mcu.externaltools.gnu-tools-for-stm32.10.3-2021.10.win32_1.0.0.202111181127/tools/bin/../lib/gcc/arm-none-eabi/10.3.1/../../../../arm-none-eabi/lib/thumb/v7e-m+dp/hard\libc_nano.a(lib_a-nano-freer.o)
                0x0000000008011098                _free_r
 .text._malloc_usable_size_r
                0x0000000008011130       0x10 c:/st/stm32cubeide_1.10.1/stm32cubeide/plugins/com.st.stm32cube.ide.mcu.externaltools.gnu-tools-for-stm32.10.3-2021.10.win32_1.0.0.202111181127/tools/bin/../lib/gcc/arm-none-eabi/10.3.1/../../../../arm-none-eabi/lib/thumb/v7e-m+dp/hard\libc_nano.a(lib_a-nano-msizer.o)
                0x0000000008011130                _malloc_usable_size_r
 .text.__retarget_lock_acquire_recursive
                0x0000000008011140        0x2 c:/st/stm32cubeide_1.10.1/stm32cubeide/plugins/com.st.stm32cube.ide.mcu.externaltools.gnu-tools-for-stm32.10.3-2021.10.win32_1.0.0.202111181127/tools/bin/../lib/gcc/arm-none-eabi/10.3.1/../../../../arm-none-eabi/lib/thumb/v7e-m+dp/hard\libc_nano.a(lib_a-lock.o)
                0x0000000008011140                __retarget_lock_acquire_recursive
 .text.__retarget_lock_release_recursive
                0x0000000008011142        0x2 c:/st/stm32cubeide_1.10.1/stm32cubeide/plugins/com.st.stm32cube.ide.mcu.externaltools.gnu-tools-for-stm32.10.3-2021.10.win32_1.0.0.202111181127/tools/bin/../lib/gcc/arm-none-eabi/10.3.1/../../../../arm-none-eabi/lib/thumb/v7e-m+dp/hard\libc_nano.a(lib_a-lock.o)
                0x0000000008011142                __retarget_lock_release_recursive
 *(.glue_7)
 .glue_7        0x0000000008011144        0x0 linker stubs
 *(.glue_7t)
 .glue_7t       0x0000000008011144        0x0 linker stubs
 *(.eh_frame)
 .eh_frame      0x0000000008011144        0x0 c:/st/stm32cubeide_1.10.1/stm32cubeide/plugins/com.st.stm32cube.ide.mcu.externaltools.gnu-tools-for-stm32.10.3-2021.10.win32_1.0.0.202111181127/tools/bin/../lib/gcc/arm-none-eabi/10.3.1/thumb/v7e-m+dp/hard/crtbegin.o
 *(.init)
 .init          0x0000000008011144        0x4 c:/st/stm32cubeide_1.10.1/stm32cubeide/plugins/com.st.stm32cube.ide.mcu.externaltools.gnu-tools-for-stm32.10.3-2021.10.win32_1.0.0.202111181127/tools/bin/../lib/gcc/arm-none-eabi/10.3.1/thumb/v7e-m+dp/hard/crti.o
                0x0000000008011144                _init
 .init          0x0000000008011148        0x8 c:/st/stm32cubeide_1.10.1/stm32cubeide/plugins/com.st.stm32cube.ide.mcu.externaltools.gnu-tools-for-stm32.10.3-2021.10.win32_1.0.0.202111181127/tools/bin/../lib/gcc/arm-none-eabi/10.3.1/thumb/v7e-m+dp/hard/crtn.o
 *(.fini)
 .fini          0x0000000008011150        0x4 c:/st/stm32cubeide_1.10.1/stm32cubeide/plugins/com.st.stm32cube.ide.mcu.externaltools.gnu-tools-for-stm32.10.3-2021.10.win32_1.0.0.202111181127/tools/bin/../lib/gcc/arm-none-eabi/10.3.1/thumb/v7e-m+dp/hard/crti.o
                0x0000000008011150                _fini
 .fini          0x0000000008011154        0x8 c:/st/stm32cubeide_1.10.1/stm32cubeide/plugins/com.st.stm32cube.ide.mcu.externaltools.gnu-tools-for-stm32.10.3-2021.10.win32_1.0.0.202111181127/tools/bin/../lib/gcc/arm-none-eabi/10.3.1/thumb/v7e-m+dp/hard/crtn.o
                0x000000000801115c                . = ALIGN (0x4)
                0x000000000801115c                _etext = .

.vfp11_veneer   0x000000000801115c        0x0
 .vfp11_veneer  0x000000000801115c        0x0 linker stubs

.v4_bx          0x000000000801115c        0x0
 .v4_bx         0x000000000801115c        0x0 linker stubs

.iplt           0x000000000801115c        0x0
 .iplt          0x000000000801115c        0x0 c:/st/stm32cubeide_1.10.1/stm32cubeide/plugins/com.st.stm32cube.ide.mcu.externaltools.gnu-tools-for-stm32.10.3-2021.10.win32_1.0.0.202111181127/tools/bin/../lib/gcc/arm-none-eabi/10.3.1/thumb/v7e-m+dp/hard/crtbegin.o

.rodata         0x0000000008011160     0x1c50
                0x0000000008011160                . = ALIGN (0x4)
 *(.rodata)
 .rodata        0x0000000008011160      0x1dc ./Core/Src/ros_main.o
 *(.rodata*)
 .rodata._ZN14rosserial_msgsL12REQUESTPARAME
                0x000000000801133c       0x1c ./Core/Src/ros_main.o
 .rodata._ZTVN3ros10SubscriberIN8std_msgs5Int64EvEE
                0x0000000008011358       0x18 ./Core/Src/ros_main.o
                0x0000000008011358                vtable for ros::Subscriber<std_msgs::Int64, void>
 .rodata._ZTVN3ros10SubscriberIN13geometry_msgs5PointEvEE
                0x0000000008011370       0x18 ./Core/Src/ros_main.o
                0x0000000008011370                vtable for ros::Subscriber<geometry_msgs::Point, void>
 .rodata._ZTVN3ros11NodeHandle_I13STM32HardwareLi25ELi25ELi1024ELi1024EEE
                0x0000000008011388       0x14 ./Core/Src/ros_main.o
                0x0000000008011388                vtable for ros::NodeHandle_<STM32Hardware, 25, 25, 1024, 1024>
 .rodata._ZTVN8std_msgs5Int64E
                0x000000000801139c       0x18 ./Core/Src/ros_main.o
                0x000000000801139c                vtable for std_msgs::Int64
 .rodata._ZTVN13geometry_msgs5PointE
                0x00000000080113b4       0x18 ./Core/Src/ros_main.o
                0x00000000080113b4                vtable for geometry_msgs::Point
 .rodata._ZTVN3ros11Subscriber_E
                0x00000000080113cc       0x18 ./Core/Src/ros_main.o
                0x00000000080113cc                vtable for ros::Subscriber_
 .rodata._ZTVN3ros15NodeHandleBase_E
                0x00000000080113e4       0x14 ./Core/Src/ros_main.o
                0x00000000080113e4                vtable for ros::NodeHandleBase_
 .rodata._ZTVN14rosserial_msgs20RequestParamResponseE
                0x00000000080113f8       0x18 ./Core/Src/ros_main.o
                0x00000000080113f8                vtable for rosserial_msgs::RequestParamResponse
 .rodata._ZTVN14rosserial_msgs3LogE
                0x0000000008011410       0x18 ./Core/Src/ros_main.o
                0x0000000008011410                vtable for rosserial_msgs::Log
 .rodata._ZTVN14rosserial_msgs9TopicInfoE
                0x0000000008011428       0x18 ./Core/Src/ros_main.o
                0x0000000008011428                vtable for rosserial_msgs::TopicInfo
 .rodata._ZTVN8std_msgs4TimeE
                0x0000000008011440       0x18 ./Core/Src/ros_main.o
                0x0000000008011440                vtable for std_msgs::Time
 .rodata._ZTVN3ros3MsgE
                0x0000000008011458       0x18 ./Core/Src/ros_main.o
                0x0000000008011458                vtable for ros::Msg
 .rodata.D1CorePrescTable
                0x0000000008011470       0x10 ./Core/Src/system_stm32h7xx.o
                0x0000000008011470                D1CorePrescTable
 .rodata.flagBitshiftOffset.0
                0x0000000008011480        0x8 ./Drivers/STM32H7xx_HAL_Driver/Src/stm32h7xx_hal_dma.o
 .rodata.UARTPrescTable
                0x0000000008011488       0x18 ./Drivers/STM32H7xx_HAL_Driver/Src/stm32h7xx_hal_uart.o
                0x0000000008011488                UARTPrescTable
 .rodata.numerator.1
                0x00000000080114a0        0x8 ./Drivers/STM32H7xx_HAL_Driver/Src/stm32h7xx_hal_uart_ex.o
 .rodata.denominator.0
                0x00000000080114a8        0x8 ./Drivers/STM32H7xx_HAL_Driver/Src/stm32h7xx_hal_uart_ex.o
 .rodata.__pow_log_data
                0x00000000080114b0     0x1048 c:/st/stm32cubeide_1.10.1/stm32cubeide/plugins/com.st.stm32cube.ide.mcu.externaltools.gnu-tools-for-stm32.10.3-2021.10.win32_1.0.0.202111181127/tools/bin/../lib/gcc/arm-none-eabi/10.3.1/../../../../arm-none-eabi/lib/thumb/v7e-m+dp/hard\libm.a(lib_a-pow_log_data.o)
                0x00000000080114b0                __pow_log_data
 .rodata.atanhi
                0x00000000080124f8       0x20 c:/st/stm32cubeide_1.10.1/stm32cubeide/plugins/com.st.stm32cube.ide.mcu.externaltools.gnu-tools-for-stm32.10.3-2021.10.win32_1.0.0.202111181127/tools/bin/../lib/gcc/arm-none-eabi/10.3.1/../../../../arm-none-eabi/lib/thumb/v7e-m+dp/hard\libm.a(lib_a-s_atan.o)
 .rodata.atanlo
                0x0000000008012518       0x20 c:/st/stm32cubeide_1.10.1/stm32cubeide/plugins/com.st.stm32cube.ide.mcu.externaltools.gnu-tools-for-stm32.10.3-2021.10.win32_1.0.0.202111181127/tools/bin/../lib/gcc/arm-none-eabi/10.3.1/../../../../arm-none-eabi/lib/thumb/v7e-m+dp/hard\libm.a(lib_a-s_atan.o)
 .rodata.acos.str1.1