../Core/Src/main.c:84:5:main	8	static
../Core/Src/main.c:136:6:SystemClock_Config	120	static
../Core/Src/main.c:195:13:MX_TIM2_Init	56	static
../Core/Src/main.c:244:13:MX_TIM3_Init	56	static
../Core/Src/main.c:293:13:MX_TIM4_Init	56	static
../Core/Src/main.c:342:13:MX_TIM5_Init	56	static
../Core/Src/main.c:391:13:MX_TIM12_Init	40	static
../Core/Src/main.c:437:13:MX_TIM13_Init	8	static
../Core/Src/main.c:468:13:MX_TIM15_Init	104	static
../Core/Src/main.c:538:13:MX_USART1_UART_Init	8	static
../Core/Src/main.c:584:13:MX_DMA_Init	16	static
../Core/Src/main.c:605:13:MX_GPIO_Init	56	static
../Core/Src/main.c:677:6:Error_Handler	4	static,ignoring_inline_asm
