../Core/Src/main.c:92:5:main	8	static
../Core/Src/main.c:149:6:SystemClock_Config	120	static
../Core/Src/main.c:208:13:MX_TIM2_Init	56	static
../Core/Src/main.c:257:13:MX_TIM3_Init	56	static
../Core/Src/main.c:306:13:MX_TIM4_Init	56	static
../Core/Src/main.c:355:13:MX_TIM5_Init	56	static
../Core/Src/main.c:404:13:MX_TIM7_Init	24	static
../Core/Src/main.c:442:13:MX_TIM8_Init	40	static
../Core/Src/main.c:489:13:MX_TIM12_Init	40	static
../Core/Src/main.c:535:13:MX_TIM13_Init	8	static
../Core/Src/main.c:566:13:MX_TIM14_Init	8	static
../Core/Src/main.c:597:13:MX_TIM15_Init	104	static
../Core/Src/main.c:667:13:MX_TIM23_Init	48	static
../Core/Src/main.c:716:13:MX_USART1_UART_Init	8	static
../Core/Src/main.c:762:13:MX_DMA_Init	16	static
../Core/Src/main.c:783:13:MX_GPIO_Init	64	static
../Core/Src/main.c:887:6:Error_Handler	4	static,ignoring_inline_asm
