../Core/Inc/scara.h:33:8:SCARA::SCARA()	16	static
../Core/Src/scara.cpp:5:6:void SCARA::trinary(double, GPIO_TypeDef*, uint16_t, GPIO_TypeDef*, uint16_t)	32	static
../Core/Src/scara.cpp:22:6:void SCARA::run()	24	static
../Core/Src/scara.cpp:30:6:void SCARA::seize()	16	static
../Core/Src/scara.cpp:189:8:double SCARA::count_atan2(double, double)	48	static
c:\st\stm32cubeide_1.10.1\stm32cubeide\plugins\com.st.stm32cube.ide.mcu.externaltools.gnu-tools-for-stm32.10.3-2021.10.win32_1.0.0.202111181127\tools\arm-none-eabi\include\c++\10.3.1\cmath:415:5:constexpr typename __gnu_cxx::__promote_2<_Tp, _Up>::__type std::pow(_Tp, _Up) [with _Tp = double; _Up = int]	24	static
c:\st\stm32cubeide_1.10.1\stm32cubeide\plugins\com.st.stm32cube.ide.mcu.externaltools.gnu-tools-for-stm32.10.3-2021.10.win32_1.0.0.202111181127\tools\arm-none-eabi\include\c++\10.3.1\cmath:415:5:constexpr typename __gnu_cxx::__promote_2<_Tp, _Up>::__type std::pow(_Tp, _Up) [with _Tp = int; _Up = int]	16	static
../Core/Src/scara.cpp:211:8:double SCARA::count_theta2(double, double)	56	static
../Core/Src/scara.cpp:221:8:double SCARA::count_phi(double, double)	56	static
../Core/Src/scara.cpp:228:1:void __static_initialization_and_destruction_0(int, int)	16	static
../Core/Src/scara.cpp:228:1:cpp)	8	static
