../Core/Src/stm32h7xx_it.c:78:6:NMI_Handler	4	static
../Core/Src/stm32h7xx_it.c:93:6:HardFault_Handler	4	static
../Core/Src/stm32h7xx_it.c:108:6:MemManage_Handler	4	static
../Core/Src/stm32h7xx_it.c:123:6:BusFault_Handler	4	static
../Core/Src/stm32h7xx_it.c:138:6:UsageFault_Handler	4	static
../Core/Src/stm32h7xx_it.c:153:6:SVC_Handler	4	static
../Core/Src/stm32h7xx_it.c:166:6:DebugMon_Handler	4	static
../Core/Src/stm32h7xx_it.c:179:6:PendSV_Handler	4	static
../Core/Src/stm32h7xx_it.c:192:6:SysTick_Handler	8	static
../Core/Src/stm32h7xx_it.c:213:6:RCC_IRQHandler	4	static
../Core/Src/stm32h7xx_it.c:226:6:DMA1_Stream0_IRQHandler	8	static
../Core/Src/stm32h7xx_it.c:240:6:DMA1_Stream1_IRQHandler	8	static
../Core/Src/stm32h7xx_it.c:254:6:USART1_IRQHandler	8	static
../Core/Src/stm32h7xx_it.c:268:6:TIM8_BRK_TIM12_IRQHandler	8	static
../Core/Src/stm32h7xx_it.c:283:6:TIM8_UP_TIM13_IRQHandler	8	static
../Core/Src/stm32h7xx_it.c:298:6:TIM8_TRG_COM_TIM14_IRQHandler	8	static
../Core/Src/stm32h7xx_it.c:313:6:TIM7_IRQHandler	8	static
../Core/Src/stm32h7xx_it.c:327:6:TIM15_IRQHandler	8	static
../Core/Src/stm32h7xx_it.c:341:6:TIM23_IRQHandler	8	static
